Archive member included to satisfy reference by file (symbol)

/home/sumina/nuttxspace/nuttx/staging/libarch.a(stm32_start.o)
                              (__start)
/home/sumina/nuttxspace/nuttx/staging/libarch.a(stm32_rcc.o)
                              /home/sumina/nuttxspace/nuttx/staging/libarch.a(stm32_start.o) (stm32_clockconfig)
/home/sumina/nuttxspace/nuttx/staging/libarch.a(stm32_gpio.o)
                              /home/sumina/nuttxspace/nuttx/staging/libarch.a(stm32_start.o) (stm32_gpioinit)
/home/sumina/nuttxspace/nuttx/staging/libarch.a(stm32_lowputc.o)
                              /home/sumina/nuttxspace/nuttx/staging/libarch.a(stm32_start.o) (stm32_lowsetup)
/home/sumina/nuttxspace/nuttx/staging/libarch.a(stm32_serial.o)
                              /home/sumina/nuttxspace/nuttx/staging/libarch.a(stm32_start.o) (arm_earlyserialinit)
/home/sumina/nuttxspace/nuttx/staging/libarch.a(arm_modifyreg32.o)
                              /home/sumina/nuttxspace/nuttx/staging/libarch.a(stm32_serial.o) (modifyreg32)
/home/sumina/nuttxspace/nuttx/staging/libarch.a(arm_vectors.o)
                              (_vectors)
/home/sumina/nuttxspace/nuttx/staging/libarch.a(arm_exception.o)
                              /home/sumina/nuttxspace/nuttx/staging/libarch.a(arm_vectors.o) (exception_common)
/home/sumina/nuttxspace/nuttx/staging/libarch.a(stm32_irq.o)
                              /home/sumina/nuttxspace/nuttx/staging/libarch.a(stm32_serial.o) (up_disable_irq)
/home/sumina/nuttxspace/nuttx/staging/libarch.a(arm_doirq.o)
                              /home/sumina/nuttxspace/nuttx/staging/libarch.a(arm_exception.o) (arm_doirq)
/home/sumina/nuttxspace/nuttx/staging/libarch.a(arm_hardfault.o)
                              /home/sumina/nuttxspace/nuttx/staging/libarch.a(stm32_irq.o) (arm_hardfault)
/home/sumina/nuttxspace/nuttx/staging/libarch.a(arm_svcall.o)
                              /home/sumina/nuttxspace/nuttx/staging/libarch.a(stm32_irq.o) (arm_svcall)
/home/sumina/nuttxspace/nuttx/staging/libarch.a(arm_initialize.o)
                              /home/sumina/nuttxspace/nuttx/staging/libarch.a(arm_doirq.o) (g_current_regs)
/home/sumina/nuttxspace/nuttx/arch/arm/src/board/libboard.a(stm32_boot.o)
                              /home/sumina/nuttxspace/nuttx/staging/libarch.a(stm32_start.o) (stm32_boardinitialize)
/home/sumina/nuttxspace/nuttx/arch/arm/src/board/libboard.a(stm32_bringup.o)
                              /home/sumina/nuttxspace/nuttx/arch/arm/src/board/libboard.a(stm32_boot.o) (stm32_bringup)
/home/sumina/nuttxspace/nuttx/arch/arm/src/board/libboard.a(stm32_spi.o)
                              /home/sumina/nuttxspace/nuttx/arch/arm/src/board/libboard.a(stm32_boot.o) (stm32_spidev_initialize)
/home/sumina/nuttxspace/nuttx/arch/arm/src/board/libboard.a(cubus_mtd.o)
                              /home/sumina/nuttxspace/nuttx/arch/arm/src/board/libboard.a(stm32_bringup.o) (board_get_manifest)
/home/sumina/nuttxspace/nuttx/staging/libsched.a(nx_start.o)
                              /home/sumina/nuttxspace/nuttx/staging/libarch.a(stm32_start.o) (nx_start)
/home/sumina/nuttxspace/nuttx/staging/libsched.a(nx_bringup.o)
                              /home/sumina/nuttxspace/nuttx/staging/libsched.a(nx_start.o) (nx_bringup)
/home/sumina/nuttxspace/nuttx/staging/libsched.a(irq_initialize.o)
                              /home/sumina/nuttxspace/nuttx/staging/libsched.a(nx_start.o) (irq_initialize)
/home/sumina/nuttxspace/nuttx/staging/libsched.a(irq_attach.o)
                              /home/sumina/nuttxspace/nuttx/staging/libarch.a(stm32_serial.o) (irq_attach)
/home/sumina/nuttxspace/nuttx/staging/libsched.a(irq_dispatch.o)
                              /home/sumina/nuttxspace/nuttx/staging/libarch.a(arm_doirq.o) (irq_dispatch)
/home/sumina/nuttxspace/nuttx/staging/libsched.a(irq_unexpectedisr.o)
                              /home/sumina/nuttxspace/nuttx/staging/libsched.a(irq_initialize.o) (irq_unexpected_isr)
/home/sumina/nuttxspace/nuttx/staging/libsched.a(assert.o)
                              /home/sumina/nuttxspace/nuttx/staging/libarch.a(arm_hardfault.o) (_assert)
/home/sumina/nuttxspace/nuttx/staging/libsched.a(panic_notifier.o)
                              /home/sumina/nuttxspace/nuttx/staging/libsched.a(assert.o) (panic_notifier_call_chain)
/home/sumina/nuttxspace/nuttx/staging/libsched.a(reboot_notifier.o)
                              /home/sumina/nuttxspace/nuttx/staging/libsched.a(assert.o) (reboot_notifier_call_chain)
/home/sumina/nuttxspace/nuttx/staging/libsched.a(mq_initialize.o)
                              /home/sumina/nuttxspace/nuttx/staging/libsched.a(nx_start.o) (nxmq_initialize)
/home/sumina/nuttxspace/nuttx/staging/libsched.a(msginternal.o)
                              /home/sumina/nuttxspace/nuttx/staging/libsched.a(nx_start.o) (nxmsg_initialize)
/home/sumina/nuttxspace/nuttx/staging/libsched.a(sched_foreach.o)
[...]
Memory Configuration

Name             Origin             Length             Attributes
flash            0x0000000008000000 0x0000000000010c00 xr
sram             0x0000000020000000 0x0000000000005000 xrw
*default*        0x0000000000000000 0xffffffffffffffff

Linker script and memory map


.text           0x0000000008000000     0xfba7
                0x0000000008000000                _stext = ABSOLUTE (.)
 *(.vectors)
 .vectors       0x0000000008000000      0x130 /home/sumina/nuttxspace/nuttx/staging/libarch.a(arm_vectors.o)
                0x0000000008000000                _vectors
 *(.text .text.*)
 .text.__start  0x0000000008000130       0x54 /home/sumina/nuttxspace/nuttx/staging/libarch.a(stm32_start.o)
                0x0000000008000130                __start
 .text.stm32_clockconfig
                0x0000000008000184      0x10c /home/sumina/nuttxspace/nuttx/staging/libarch.a(stm32_rcc.o)
                0x0000000008000184                stm32_clockconfig
 .text.stm32_gpioinit
                0x0000000008000290        0xc /home/sumina/nuttxspace/nuttx/staging/libarch.a(stm32_gpio.o)
                0x0000000008000290                stm32_gpioinit
 .text.stm32_configgpio
                0x000000000800029c       0xc8 /home/sumina/nuttxspace/nuttx/staging/libarch.a(stm32_gpio.o)
                0x000000000800029c                stm32_configgpio
 .text.stm32_unconfiggpio
                0x0000000008000364        0xc /home/sumina/nuttxspace/nuttx/staging/libarch.a(stm32_gpio.o)
                0x0000000008000364                stm32_unconfiggpio
 .text.stm32_gpiowrite
                0x0000000008000370       0x2c /home/sumina/nuttxspace/nuttx/staging/libarch.a(stm32_gpio.o)
                0x0000000008000370                stm32_gpiowrite
 .text.stm32_gpioread
                0x000000000800039c       0x2c /home/sumina/nuttxspace/nuttx/staging/libarch.a(stm32_gpio.o)
                0x000000000800039c                stm32_gpioread
 .text.arm_lowputc
                0x00000000080003c8       0x18 /home/sumina/nuttxspace/nuttx/staging/libarch.a(stm32_lowputc.o)
                0x00000000080003c8                arm_lowputc
 .text.stm32_lowsetup
                0x00000000080003e0       0x70 /home/sumina/nuttxspace/nuttx/staging/libarch.a(stm32_lowputc.o)
                0x00000000080003e0                stm32_lowsetup
 .text.up_setusartint
                0x0000000008000450       0x2c /home/sumina/nuttxspace/nuttx/staging/libarch.a(stm32_serial.o)
 .text.up_restoreusartint
                0x000000000800047c       0x16 /home/sumina/nuttxspace/nuttx/staging/libarch.a(stm32_serial.o)
 .text.up_disableusartint
                0x0000000008000492       0x2e /home/sumina/nuttxspace/nuttx/staging/libarch.a(stm32_serial.o)
 .text.up_set_format
                0x00000000080004c0       0x86 /home/sumina/nuttxspace/nuttx/staging/libarch.a(stm32_serial.o)
 .text.up_receive
                0x0000000008000546       0x1e /home/sumina/nuttxspace/nuttx/staging/libarch.a(stm32_serial.o)
 .text.up_rxint
                0x0000000008000564       0x2e /home/sumina/nuttxspace/nuttx/staging/libarch.a(stm32_serial.o)
 .text.up_rxavailable
                0x0000000008000592       0x10 /home/sumina/nuttxspace/nuttx/staging/libarch.a(stm32_serial.o)
 .text.up_send  0x00000000080005a2        0xc /home/sumina/nuttxspace/nuttx/staging/libarch.a(stm32_serial.o)
 .text.up_txint
                0x00000000080005ae       0x30 /home/sumina/nuttxspace/nuttx/staging/libarch.a(stm32_serial.o)
 .text.up_txready
                0x00000000080005de       0x10 /home/sumina/nuttxspace/nuttx/staging/libarch.a(stm32_serial.o)
 .text.up_ioctl
                0x00000000080005ee       0xa6 /home/sumina/nuttxspace/nuttx/staging/libarch.a(stm32_serial.o)
 .text.up_detach
                0x0000000008000694       0x1e /home/sumina/nuttxspace/nuttx/staging/libarch.a(stm32_serial.o)
 *fill*         0x00000000080006b2        0x2 
 .text.up_attach
                0x00000000080006b4       0x28 /home/sumina/nuttxspace/nuttx/staging/libarch.a(stm32_serial.o)
 .text.up_interrupt
                0x00000000080006dc       0x58 /home/sumina/nuttxspace/nuttx/staging/libarch.a(stm32_serial.o)
 .text.up_setup
                0x0000000008000734       0x8c /home/sumina/nuttxspace/nuttx/staging/libarch.a(stm32_serial.o)
 .text.up_shutdown
                0x00000000080007c0       0x5c /home/sumina/nuttxspace/nuttx/staging/libarch.a(stm32_serial.o)
 .text.arm_earlyserialinit
                0x000000000800081c       0x18 /home/sumina/nuttxspace/nuttx/staging/libarch.a(stm32_serial.o)
                0x000000000800081c                arm_earlyserialinit
 .text.arm_serialinit
                0x0000000008000834       0x5c /home/sumina/nuttxspace/nuttx/staging/libarch.a(stm32_serial.o)
                0x0000000008000834                arm_serialinit
 .text.up_putc  0x0000000008000890       0x34 /home/sumina/nuttxspace/nuttx/staging/libarch.a(stm32_serial.o)
                0x0000000008000890                up_putc
 .text.modifyreg32
                0x00000000080008c4       0x1c /home/sumina/nuttxspace/nuttx/staging/libarch.a(arm_modifyreg32.o)
                0x00000000080008c4                modifyreg32
 .text          0x00000000080008e0       0x46 /home/sumina/nuttxspace/nuttx/staging/libarch.a(arm_exception.o)
                0x00000000080008e0                exception_common
 *fill*         0x0000000008000926        0x2 
 .text.stm32_irqinfo
                0x0000000008000928       0x68 /home/sumina/nuttxspace/nuttx/staging/libarch.a(stm32_irq.o)
 .text.up_irqinitialize
                0x0000000008000990       0x70 /home/sumina/nuttxspace/nuttx/staging/libarch.a(stm32_irq.o)
                0x0000000008000990                up_irqinitialize
 .text.up_disable_irq
                0x0000000008000a00       0x24 /home/sumina/nuttxspace/nuttx/staging/libarch.a(stm32_irq.o)
                0x0000000008000a00                up_disable_irq
 .text.up_enable_irq
                0x0000000008000a24       0x24 /home/sumina/nuttxspace/nuttx/staging/libarch.a(stm32_irq.o)
                0x0000000008000a24                up_enable_irq
 .text.arm_ack_irq
                0x0000000008000a48        0x2 /home/sumina/nuttxspace/nuttx/staging/libarch.a(stm32_irq.o)
                0x0000000008000a48                arm_ack_irq
 *fill*         0x0000000008000a4a        0x2 
 .text.arm_doirq
                0x0000000008000a4c       0x30 /home/sumina/nuttxspace/nuttx/staging/libarch.a(arm_doirq.o)
                0x0000000008000a4c                arm_doirq
 .text.arm_hardfault
                0x0000000008000a7c       0x58 /home/sumina/nuttxspace/nuttx/staging/libarch.a(arm_hardfault.o)
                0x0000000008000a7c                arm_hardfault
 .text.arm_svcall
                0x0000000008000ad4       0x24 /home/sumina/nuttxspace/nuttx/staging/libarch.a(arm_svcall.o)
                0x0000000008000ad4                arm_svcall
 .text.up_initialize
                0x0000000008000af8        0x4 /home/sumina/nuttxspace/nuttx/staging/libarch.a(arm_initialize.o)
                0x0000000008000af8                up_initialize
 .text.board_app_initialize
                0x0000000008000afc       0x16 /home/sumina/nuttxspace/nuttx/arch/arm/src/board/libboard.a(stm32_boot.o)
                0x0000000008000afc                board_app_initialize
 .text.stm32_boardinitialize
                0x0000000008000b12        0x4 /home/sumina/nuttxspace/nuttx/arch/arm/src/board/libboard.a(stm32_boot.o)
                0x0000000008000b12                stm32_boardinitialize
 *fill*         0x0000000008000b16        0x2 
 .text.stm32_bringup
                0x0000000008000b18       0x90 /home/sumina/nuttxspace/nuttx/arch/arm/src/board/libboard.a(stm32_bringup.o)
                0x0000000008000b18                stm32_bringup
 .text.stm32_spidev_initialize
                0x0000000008000ba8        0x2 /home/sumina/nuttxspace/nuttx/arch/arm/src/board/libboard.a(stm32_spi.o)
                0x0000000008000ba8                stm32_spidev_initialize
 .text.stm32_spi2select
                0x0000000008000baa       0x14 /home/sumina/nuttxspace/nuttx/arch/arm/src/board/libboard.a(stm32_spi.o)
                0x0000000008000baa                stm32_spi2select
 .text.stm32_spi2status
                0x0000000008000bbe        0x4 /home/sumina/nuttxspace/nuttx/arch/arm/src/board/libboard.a(stm32_spi.o)
                0x0000000008000bbe                stm32_spi2status
 *fill*         0x0000000008000bc2        0x2 
 .text.board_get_manifest
                0x0000000008000bc4        0x8 /home/sumina/nuttxspace/nuttx/arch/arm/src/board/libboard.a(cubus_mtd.o)
                0x0000000008000bc4                board_get_manifest
 .text.mt25ql_attach
                0x0000000008000bcc       0xe0 /home/sumina/nuttxspace/nuttx/arch/arm/src/board/libboard.a(cubus_mtd.o)
                0x0000000008000bcc                mt25ql_attach
 .text.cubus_mtd_get_geometry
                0x0000000008000cac       0x60 /home/sumina/nuttxspace/nuttx/arch/arm/src/board/libboard.a(cubus_mtd.o)
                0x0000000008000cac                cubus_mtd_get_geometry
 .text.cubus_mtd_config
                0x0000000008000d0c      0x388 /home/sumina/nuttxspace/nuttx/arch/arm/src/board/libboard.a(cubus_mtd.o)
                0x0000000008000d0c                cubus_mtd_config
 .text.cubus_mft_configure
                0x0000000008001094       0x28 /home/sumina/nuttxspace/nuttx/arch/arm/src/board/libboard.a(cubus_mtd.o)
                0x0000000008001094                cubus_mft_configure
 .text.nx_start
                0x00000000080010bc      0x11c /home/sumina/nuttxspace/nuttx/staging/libsched.a(nx_start.o)
                0x00000000080010bc                nx_start
 .text.nx_bringup
                0x00000000080011d8       0x4c /home/sumina/nuttxspace/nuttx/staging/libsched.a(nx_bringup.o)
                0x00000000080011d8                nx_bringup
 .text.irq_initialize
                0x0000000008001224       0x1c /home/sumina/nuttxspace/nuttx/staging/libsched.a(irq_initialize.o)
                0x0000000008001224                irq_initialize
 .text.irq_attach
                0x0000000008001240       0x40 /home/sumina/nuttxspace/nuttx/staging/libsched.a(irq_attach.o)
                0x0000000008001240                irq_attach
 .text.irq_dispatch
                0x0000000008001280       0x3c /home/sumina/nuttxspace/nuttx/staging/libsched.a(irq_dispatch.o)
                0x0000000008001280                irq_dispatch
 .text.irq_unexpected_isr
                0x00000000080012bc       0x18 /home/sumina/nuttxspace/nuttx/staging/libsched.a(irq_unexpectedisr.o)
                0x00000000080012bc                irq_unexpected_isr
 .text.dump_task
                0x00000000080012d4       0x2a /home/sumina/nuttxspace/nuttx/staging/libsched.a(assert.o)
 *fill*         0x00000000080012fe        0x2 
 .text._assert  0x0000000008001300       0x98 /home/sumina/nuttxspace/nuttx/staging/libsched.a(assert.o)
                0x0000000008001300                _assert
 .text.panic_notifier_call_chain
                0x0000000008001398       0x30 /home/sumina/nuttxspace/nuttx/staging/libsched.a(panic_notifier.o)
                0x0000000008001398                panic_notifier_call_chain
 .text.register_reboot_notifier
                0x00000000080013c8       0x34 /home/sumina/nuttxspace/nuttx/staging/libsched.a(reboot_notifier.o)
                0x00000000080013c8                register_reboot_notifier
 .text.reboot_notifier_call_chain
                0x00000000080013fc       0x30 /home/sumina/nuttxspace/nuttx/staging/libsched.a(reboot_notifier.o)
                0x00000000080013fc                reboot_notifier_call_chain
 .text.mq_msgblockalloc.constprop.0
                0x000000000800142c       0x26 /home/sumina/nuttxspace/nuttx/staging/libsched.a(mq_initialize.o)
 *fill*         0x0000000008001452        0x2 
 .text.nxmq_initialize
                0x0000000008001454       0x20 /home/sumina/nuttxspace/nuttx/staging/libsched.a(mq_initialize.o)
                0x0000000008001454                nxmq_initialize
 .text.nxmsg_initialize
                0x0000000008001474       0x30 /home/sumina/nuttxspace/nuttx/staging/libsched.a(msginternal.o)
                0x0000000008001474                nxmsg_initialize
 .text.nxsched_foreach
                0x00000000080014a4       0x48 /home/sumina/nuttxspace/nuttx/staging/libsched.a(sched_foreach.o)
                0x00000000080014a4                nxsched_foreach
 .text.sched_lock
                0x00000000080014ec       0x20 /home/sumina/nuttxspace/nuttx/staging/libsched.a(sched_lock.o)
                0x00000000080014ec                sched_lock
 .text.sched_unlock
                0x000000000800150c       0x5c /home/sumina/nuttxspace/nuttx/staging/libsched.a(sched_unlock.o)
                0x000000000800150c                sched_unlock
 .text.nxsched_get_stateinfo
                0x0000000008001568       0x50 /home/sumina/nuttxspace/nuttx/staging/libsched.a(sched_get_stateinfo.o)
                0x0000000008001568                nxsched_get_stateinfo
 .text.nxsig_alloc_pendingsignalblock.constprop.0
                0x00000000080015b8       0x32 /home/sumina/nuttxspace/nuttx/staging/libsched.a(sig_initialize.o)
 .text.nxsig_alloc_block.constprop.0
                0x00000000080015ea       0x32 /home/sumina/nuttxspace/nuttx/staging/libsched.a(sig_initialize.o)
 .text.nxsig_initialize
                0x000000000800161c       0x58 /home/sumina/nuttxspace/nuttx/staging/libsched.a(sig_initialize.o)
                0x000000000800161c                nxsig_initialize
 .text.task_spawn
                0x0000000008001674       0xdc /home/sumina/nuttxspace/nuttx/staging/libsched.a(task_spawn.o)
                0x0000000008001674                task_spawn
 .text.timer_initialize
                0x0000000008001750       0x44 /home/sumina/nuttxspace/nuttx/staging/libsched.a(timer_initialize.o)
                0x0000000008001750                timer_initialize
 .text.timer_deleteall
                0x0000000008001794       0x30 /home/sumina/nuttxspace/nuttx/staging/libsched.a(timer_initialize.o)
                0x0000000008001794                timer_deleteall
 .text.timer_gethandle
                0x00000000080017c4       0x24 /home/sumina/nuttxspace/nuttx/staging/libsched.a(timer_initialize.o)
                0x00000000080017c4                timer_gethandle
 .text.timer_delete
                0x00000000080017e8       0x20 /home/sumina/nuttxspace/nuttx/staging/libsched.a(timer_delete.o)
                0x00000000080017e8                timer_delete
 .text.timer_release
                0x0000000008001808       0x98 /home/sumina/nuttxspace/nuttx/staging/libsched.a(timer_release.o)
                0x0000000008001808                timer_release
 .text.tls_init_info
                0x00000000080018a0       0x1c /home/sumina/nuttxspace/nuttx/staging/libsched.a(tls_initinfo.o)
                0x00000000080018a0                tls_init_info
 .text.wd_cancel
                0x00000000080018bc       0x5c /home/sumina/nuttxspace/nuttx/staging/libsched.a(wd_cancel.o)
                0x00000000080018bc                wd_cancel
 .text.clock_initialize
                0x0000000008001918        0x4 /home/sumina/nuttxspace/nuttx/staging/libsched.a(clock_initialize.o)
                0x0000000008001918                clock_initialize
 .text.clock_timer
                0x000000000800191c       0x10 /home/sumina/nuttxspace/nuttx/staging/libsched.a(clock_initialize.o)
                0x000000000800191c                clock_timer
 .text.get_environ_ptr
                0x000000000800192c       0x10 /home/sumina/nuttxspace/nuttx/staging/libsched.a(env_getenvironptr.o)
                0x000000000800192c                get_environ_ptr
 .text.setenv   0x000000000800193c       0xe0 /home/sumina/nuttxspace/nuttx/staging/libsched.a(env_setenv.o)
                0x000000000800193c                setenv
 .text.unsetenv
                0x0000000008001a1c       0x4c /home/sumina/nuttxspace/nuttx/staging/libsched.a(env_unsetenv.o)
                0x0000000008001a1c                unsetenv
 .text.group_allocate
                0x0000000008001a68       0x64 /home/sumina/nuttxspace/nuttx/staging/libsched.a(group_create.o)
                0x0000000008001a68                group_allocate
 .text.group_initialize
                0x0000000008001acc       0x3c /home/sumina/nuttxspace/nuttx/staging/libsched.a(group_create.o)
                0x0000000008001acc                group_initialize
 .text.group_setupidlefiles
                0x0000000008001b08       0x30 /home/sumina/nuttxspace/nuttx/staging/libsched.a(group_setupidlefiles.o)
                0x0000000008001b08                group_setupidlefiles
 .text.group_argvstr
                0x0000000008001b38       0x70 /home/sumina/nuttxspace/nuttx/staging/libsched.a(group_argvstr.o)
                0x0000000008001b38                group_argvstr
 .text.nxsched_merge_pending
                0x0000000008001ba8       0x60 /home/sumina/nuttxspace/nuttx/staging/libsched.a(sched_mergepending.o)
                0x0000000008001ba8                nxsched_merge_pending
 .text.nxsched_get_param
                0x0000000008001c08       0x48 /home/sumina/nuttxspace/nuttx/staging/libsched.a(sched_getparam.o)
                0x0000000008001c08                nxsched_get_param
 .text.sched_getparam
                0x0000000008001c50       0x1a /home/sumina/nuttxspace/nuttx/staging/libsched.a(sched_getparam.o)
                0x0000000008001c50                sched_getparam
 *fill*         0x0000000008001c6a        0x2 
 .text.nxtask_init
                0x0000000008001c6c       0xac /home/sumina/nuttxspace/nuttx/staging/libsched.a(task_init.o)
                0x0000000008001c6c                nxtask_init
 .text.nxtask_uninit
                0x0000000008001d18       0x28 /home/sumina/nuttxspace/nuttx/staging/libsched.a(task_init.o)
                0x0000000008001d18                nxtask_uninit
 .text.nxthread_setup_scheduler
                0x0000000008001d40      0x13c /home/sumina/nuttxspace/nuttx/staging/libsched.a(task_setup.o)
 .text.nxtask_setup_scheduler
                0x0000000008001e7c        0xe /home/sumina/nuttxspace/nuttx/staging/libsched.a(task_setup.o)
                0x0000000008001e7c                nxtask_setup_scheduler
 *fill*         0x0000000008001e8a        0x2 
 .text.nxtask_setup_arguments
                0x0000000008001e8c       0xd8 /home/sumina/nuttxspace/nuttx/staging/libsched.a(task_setup.o)
                0x0000000008001e8c                nxtask_setup_arguments
 .text.nxtask_activate
                0x0000000008001f64       0x30 /home/sumina/nuttxspace/nuttx/staging/libsched.a(task_activate.o)
                0x0000000008001f64                nxtask_activate
 .text.nxtask_start
                0x0000000008001f94       0x44 /home/sumina/nuttxspace/nuttx/staging/libsched.a(task_start.o)
                0x0000000008001f94                nxtask_start
 .text.spawn_execattrs
                0x0000000008001fd8       0x48 /home/sumina/nuttxspace/nuttx/staging/libsched.a(task_spawnparms.o)
                0x0000000008001fd8                spawn_execattrs
 .text.spawn_proxyattrs
                0x0000000008002020       0x14 /home/sumina/nuttxspace/nuttx/staging/libsched.a(task_spawnparms.o)
                0x0000000008002020                spawn_proxyattrs
 .text.spawn_file_actions
                0x0000000008002034       0x78 /home/sumina/nuttxspace/nuttx/staging/libsched.a(task_spawnparms.o)
                0x0000000008002034                spawn_file_actions
 .text._exit    0x00000000080020ac       0x20 /home/sumina/nuttxspace/nuttx/staging/libsched.a(exit.o)
                0x00000000080020ac                _exit
 .text.task_init_info
                0x00000000080020cc       0x1e /home/sumina/nuttxspace/nuttx/staging/libsched.a(task_initinfo.o)
                0x00000000080020cc                task_init_info
 .text.env_dup  0x00000000080020ea       0x94 /home/sumina/nuttxspace/nuttx/staging/libsched.a(env_dup.o)
                0x00000000080020ea                env_dup
 .text.env_findvar
                0x000000000800217e       0x2e /home/sumina/nuttxspace/nuttx/staging/libsched.a(env_findvar.o)
                0x000000000800217e                env_findvar
 .text.env_removevar
                0x00000000080021ac       0x52 /home/sumina/nuttxspace/nuttx/staging/libsched.a(env_removevar.o)
                0x00000000080021ac                env_removevar
 .text.group_drop
                0x00000000080021fe       0x10 /home/sumina/nuttxspace/nuttx/staging/libsched.a(group_leave.o)
                0x00000000080021fe                group_drop
 *fill*         0x000000000800220e        0x2 
 .text.group_leave
                0x0000000008002210       0xc4 /home/sumina/nuttxspace/nuttx/staging/libsched.a(group_leave.o)
                0x0000000008002210                group_leave
 .text.group_setuptaskfiles
                0x00000000080022d4       0x1c /home/sumina/nuttxspace/nuttx/staging/libsched.a(group_setuptaskfiles.o)
                0x00000000080022d4                group_setuptaskfiles
 .text.group_kill_children_handler
                0x00000000080022f0       0x2e /home/sumina/nuttxspace/nuttx/staging/libsched.a(group_killchildren.o)
 *fill*         0x000000000800231e        0x2 
 .text.group_kill_children
                0x0000000008002320       0x2c /home/sumina/nuttxspace/nuttx/staging/libsched.a(group_killchildren.o)
                0x0000000008002320                group_kill_children
 .text.pthread_cancel
                0x000000000800234c       0x48 /home/sumina/nuttxspace/nuttx/staging/libsched.a(pthread_cancel.o)
                0x000000000800234c                pthread_cancel
 .text.pthread_destroyjoin
                0x0000000008002394       0x48 /home/sumina/nuttxspace/nuttx/staging/libsched.a(pthread_completejoin.o)
                0x0000000008002394                pthread_destroyjoin
 .text.pthread_completejoin
                0x00000000080023dc       0xac /home/sumina/nuttxspace/nuttx/staging/libsched.a(pthread_completejoin.o)
                0x00000000080023dc                pthread_completejoin
 .text.pthread_createjoininfo
                0x0000000008002488       0x4c /home/sumina/nuttxspace/nuttx/staging/libsched.a(pthread_findjoininfo.o)
                0x0000000008002488                pthread_createjoininfo
 .text.pthread_findjoininfo
                0x00000000080024d4       0x50 /home/sumina/nuttxspace/nuttx/staging/libsched.a(pthread_findjoininfo.o)
                0x00000000080024d4                pthread_findjoininfo
 .text.pthread_release
                0x0000000008002524       0x30 /home/sumina/nuttxspace/nuttx/staging/libsched.a(pthread_release.o)
                0x0000000008002524                pthread_release
 .text.nxsched_add_readytorun
                0x0000000008002554       0x48 /home/sumina/nuttxspace/nuttx/staging/libsched.a(sched_addreadytorun.o)
                0x0000000008002554                nxsched_add_readytorun
 .text.nxsched_add_prioritized
                0x000000000800259c       0x48 /home/sumina/nuttxspace/nuttx/staging/libsched.a(sched_addprioritized.o)
                0x000000000800259c                nxsched_add_prioritized
 .text.nxsched_remove_blocked
                0x00000000080025e4       0x54 /home/sumina/nuttxspace/nuttx/staging/libsched.a(sched_removeblocked.o)
                0x00000000080025e4                nxsched_remove_blocked
 .text.nxsched_get_tcb
                0x0000000008002638       0x40 /home/sumina/nuttxspace/nuttx/staging/libsched.a(sched_gettcb.o)
                0x0000000008002638                nxsched_get_tcb
 .text.nxsched_release_tcb
                0x0000000008002678       0x58 /home/sumina/nuttxspace/nuttx/staging/libsched.a(sched_releasetcb.o)
                0x0000000008002678                nxsched_release_tcb
 .text.nxsched_set_param
                0x00000000080026d0       0x40 /home/sumina/nuttxspace/nuttx/staging/libsched.a(sched_setparam.o)
                0x00000000080026d0                nxsched_set_param
 .text.sched_setparam
                0x0000000008002710       0x1a /home/sumina/nuttxspace/nuttx/staging/libsched.a(sched_setparam.o)
                0x0000000008002710                sched_setparam
 *fill*         0x000000000800272a        0x2 
 .text.nxsched_set_priority
                0x000000000800272c       0xf8 /home/sumina/nuttxspace/nuttx/staging/libsched.a(sched_setpriority.o)
                0x000000000800272c                nxsched_set_priority
 .text.nxsched_set_scheduler
                0x0000000008002824       0x56 /home/sumina/nuttxspace/nuttx/staging/libsched.a(sched_setscheduler.o)
                0x0000000008002824                nxsched_set_scheduler
 *fill*         0x000000000800287a        0x2 
 .text.nxsched_reprioritize_rtr
                0x000000000800287c       0x34 /home/sumina/nuttxspace/nuttx/staging/libsched.a(sched_reprioritizertr.o)
                0x000000000800287c                nxsched_reprioritize_rtr
 .text.nxsem_destroy
                0x00000000080028b0        0xe /home/sumina/nuttxspace/nuttx/staging/libsched.a(sem_destroy.o)
                0x00000000080028b0                nxsem_destroy
 .text.sem_destroy
                0x00000000080028be       0x20 /home/sumina/nuttxspace/nuttx/staging/libsched.a(sem_destroy.o)
                0x00000000080028be                sem_destroy
 *fill*         0x00000000080028de        0x2 
 .text.nxsem_wait
                0x00000000080028e0       0x70 /home/sumina/nuttxspace/nuttx/staging/libsched.a(sem_wait.o)
                0x00000000080028e0                nxsem_wait
 .text.nxsem_wait_uninterruptible
                0x0000000008002950       0x10 /home/sumina/nuttxspace/nuttx/staging/libsched.a(sem_wait.o)
                0x0000000008002950                nxsem_wait_uninterruptible
 .text.nxsig_procmask
                0x0000000008002960       0x74 /home/sumina/nuttxspace/nuttx/staging/libsched.a(sig_procmask.o)
                0x0000000008002960                nxsig_procmask
 .text.nxsig_unmask_pendingsignal
                0x00000000080029d4       0x80 /home/sumina/nuttxspace/nuttx/staging/libsched.a(sig_unmaskpendingsignal.o)
                0x00000000080029d4                nxsig_unmask_pendingsignal
 .text.nxsig_remove_pendingsignal
                0x0000000008002a54       0x3a /home/sumina/nuttxspace/nuttx/staging/libsched.a(sig_removependingsignal.o)
                0x0000000008002a54                nxsig_remove_pendingsignal
 *fill*         0x0000000008002a8e        0x2 
 .text.nxsig_release_pendingsignal
                0x0000000008002a90       0x4c /home/sumina/nuttxspace/nuttx/staging/libsched.a(sig_releasependingsignal.o)
                0x0000000008002a90                nxsig_release_pendingsignal
 .text.nxsig_lowest
                0x0000000008002adc       0x1e /home/sumina/nuttxspace/nuttx/staging/libsched.a(sig_lowest.o)
                0x0000000008002adc                nxsig_lowest
 .text.nxsig_cleanup
                0x0000000008002afa       0x3c /home/sumina/nuttxspace/nuttx/staging/libsched.a(sig_cleanup.o)
                0x0000000008002afa                nxsig_cleanup
 .text.nxsig_release
                0x0000000008002b36       0x28 /home/sumina/nuttxspace/nuttx/staging/libsched.a(sig_cleanup.o)
                0x0000000008002b36                nxsig_release
 *fill*         0x0000000008002b5e        0x2 
 .text.nxsig_tcbdispatch
                0x0000000008002b60      0x2a0 /home/sumina/nuttxspace/nuttx/staging/libsched.a(sig_dispatch.o)
                0x0000000008002b60                nxsig_tcbdispatch
 .text.nxsig_deliver
                0x0000000008002e00      0x12c /home/sumina/nuttxspace/nuttx/staging/libsched.a(sig_deliver.o)
                0x0000000008002e00                nxsig_deliver
 .text.nxtask_delete
                0x0000000008002f2c       0x5c /home/sumina/nuttxspace/nuttx/staging/libsched.a(task_delete.o)
                0x0000000008002f2c                nxtask_delete
 .text.nxtask_exithook
                0x0000000008002f88       0x5a /home/sumina/nuttxspace/nuttx/staging/libsched.a(task_exithook.o)
                0x0000000008002f88                nxtask_exithook
 .text.nxtask_recover
                0x0000000008002fe2       0x18 /home/sumina/nuttxspace/nuttx/staging/libsched.a(task_recover.o)
                0x0000000008002fe2                nxtask_recover
 .text.nxnotify_cancellation
                0x0000000008002ffa       0x2c /home/sumina/nuttxspace/nuttx/staging/libsched.a(task_cancelpt.o)
                0x0000000008002ffa                nxnotify_cancellation
 .text.nxtask_terminate
                0x0000000008003026       0x48 /home/sumina/nuttxspace/nuttx/staging/libsched.a(task_terminate.o)
                0x0000000008003026                nxtask_terminate
 *fill*         0x000000000800306e        0x2 
 .text.nxsched_gettid
                0x0000000008003070       0x1c /home/sumina/nuttxspace/nuttx/staging/libsched.a(task_gettid.o)
                0x0000000008003070                nxsched_gettid
 .text.task_uninit_info
                0x000000000800308c       0x14 /home/sumina/nuttxspace/nuttx/staging/libsched.a(task_uninitinfo.o)
                0x000000000800308c                task_uninit_info
 .text.wd_recover
                0x00000000080030a0        0x6 /home/sumina/nuttxspace/nuttx/staging/libsched.a(wd_recover.o)
                0x00000000080030a0                wd_recover
 .text.env_release
                0x00000000080030a6       0x2a /home/sumina/nuttxspace/nuttx/staging/libsched.a(env_release.o)
                0x00000000080030a6                env_release
 .text.group_foreachchild
                0x00000000080030d0       0x22 /home/sumina/nuttxspace/nuttx/staging/libsched.a(group_foreachchild.o)
                0x00000000080030d0                group_foreachchild
 .text.nxmq_recover
                0x00000000080030f2       0x1e /home/sumina/nuttxspace/nuttx/staging/libsched.a(mq_recover.o)
                0x00000000080030f2                nxmq_recover
 .text.nxmq_wait_irq
                0x0000000008003110       0x6c /home/sumina/nuttxspace/nuttx/staging/libsched.a(mq_waitirq.o)
                0x0000000008003110                nxmq_wait_irq
 .text.pthread_sem_give
                0x000000000800317c       0x18 /home/sumina/nuttxspace/nuttx/staging/libsched.a(pthread_initialize.o)
                0x000000000800317c                pthread_sem_give
 .text.nxsched_remove_readytorun
                0x0000000008003194       0x68 /home/sumina/nuttxspace/nuttx/staging/libsched.a(sched_removereadytorun.o)
                0x0000000008003194                nxsched_remove_readytorun
 .text.nxsem_trywait
                0x00000000080031fc       0x34 /home/sumina/nuttxspace/nuttx/staging/libsched.a(sem_trywait.o)
                0x00000000080031fc                nxsem_trywait
 .text.nxsem_timeout
                0x0000000008003230       0x24 /home/sumina/nuttxspace/nuttx/staging/libsched.a(sem_timeout.o)
                0x0000000008003230                nxsem_timeout
 .text.nxsem_post
                0x0000000008003254       0x68 /home/sumina/nuttxspace/nuttx/staging/libsched.a(sem_post.o)
                0x0000000008003254                nxsem_post
 .text.sem_post
                0x00000000080032bc       0x26 /home/sumina/nuttxspace/nuttx/staging/libsched.a(sem_post.o)
                0x00000000080032bc                sem_post
 .text.nxsem_recover
                0x00000000080032e2       0x20 /home/sumina/nuttxspace/nuttx/staging/libsched.a(sem_recover.o)
                0x00000000080032e2                nxsem_recover
 *fill*         0x0000000008003302        0x2 
 .text.nxsem_wait_irq
                0x0000000008003304       0x4c /home/sumina/nuttxspace/nuttx/staging/libsched.a(sem_waitirq.o)
                0x0000000008003304                nxsem_wait_irq
 .text.nxsig_release_action
                0x0000000008003350       0x28 /home/sumina/nuttxspace/nuttx/staging/libsched.a(sig_action.o)
                0x0000000008003350                nxsig_release_action
 .text.nxsig_pendingset
                0x0000000008003378       0x44 /home/sumina/nuttxspace/nuttx/staging/libsched.a(sig_pending.o)
                0x0000000008003378                nxsig_pendingset
 .text.nxsig_find_action
                0x00000000080033bc       0x22 /home/sumina/nuttxspace/nuttx/staging/libsched.a(sig_findaction.o)
                0x00000000080033bc                nxsig_find_action
 *fill*         0x00000000080033de        0x2 
 .text.nxsig_alloc_pendingsigaction
                0x00000000080033e0       0x4c /home/sumina/nuttxspace/nuttx/staging/libsched.a(sig_allocpendingsigaction.o)
                0x00000000080033e0                nxsig_alloc_pendingsigaction
 .text.nxsig_release_pendingsigaction
                0x000000000800342c       0x4c /home/sumina/nuttxspace/nuttx/staging/libsched.a(sig_releasependingsigaction.o)
                0x000000000800342c                nxsig_release_pendingsigaction
 .text.wd_start
                0x0000000008003478       0xd8 /home/sumina/nuttxspace/nuttx/staging/libsched.a(wd_start.o)
                0x0000000008003478                wd_start
 .text.wd_timer
                0x0000000008003550       0x40 /home/sumina/nuttxspace/nuttx/staging/libsched.a(wd_start.o)
                0x0000000008003550                wd_timer
 .text.clock_gettime
                0x0000000008003590       0x90 /home/sumina/nuttxspace/nuttx/staging/libsched.a(clock_gettime.o)
                0x0000000008003590                clock_gettime
 .text.clock_systime_timespec
                0x0000000008003620       0x24 /home/sumina/nuttxspace/nuttx/staging/libsched.a(clock_systime_timespec.o)
                0x0000000008003620                clock_systime_timespec
 .text.drivers_initialize
                0x0000000008003644        0xe /home/sumina/nuttxspace/nuttx/staging/libdrivers.a(drivers_initialize.o)
                0x0000000008003644                drivers_initialize
 .text.devnull_read
                0x0000000008003652        0x4 /home/sumina/nuttxspace/nuttx/staging/libdrivers.a(dev_null.o)
 .text.devnull_write
                0x0000000008003656        0x4 /home/sumina/nuttxspace/nuttx/staging/libdrivers.a(dev_null.o)
 .text.devnull_poll
                0x000000000800365a       0x18 /home/sumina/nuttxspace/nuttx/staging/libdrivers.a(dev_null.o)
 *fill*         0x0000000008003672        0x2 
 .text.devnull_register
                0x0000000008003674       0x18 /home/sumina/nuttxspace/nuttx/staging/libdrivers.a(dev_null.o)
                0x0000000008003674                devnull_register
 .text.part_erase
                0x000000000800368c       0x2e /home/sumina/nuttxspace/nuttx/staging/libdrivers.a(mtd_partition.o)
 .text.part_bread
                0x00000000080036ba       0x28 /home/sumina/nuttxspace/nuttx/staging/libdrivers.a(mtd_partition.o)
 .text.part_bwrite
                0x00000000080036e2       0x28 /home/sumina/nuttxspace/nuttx/staging/libdrivers.a(mtd_partition.o)
 .text.part_read
                0x000000000800370a       0x40 /home/sumina/nuttxspace/nuttx/staging/libdrivers.a(mtd_partition.o)
 .text.part_ioctl
                0x000000000800374a       0xca /home/sumina/nuttxspace/nuttx/staging/libdrivers.a(mtd_partition.o)
 .text.part_write
                0x0000000008003814       0x40 /home/sumina/nuttxspace/nuttx/staging/libdrivers.a(mtd_partition.o)
 .text.mtd_partition
                0x0000000008003854       0xac /home/sumina/nuttxspace/nuttx/staging/libdrivers.a(mtd_partition.o)
                0x0000000008003854                mtd_partition
 .text.m25p_lock
                0x0000000008003900       0x38 /home/sumina/nuttxspace/nuttx/staging/libdrivers.a(m25px.o)
 .text.m25p_unlock
                0x0000000008003938        0x8 /home/sumina/nuttxspace/nuttx/staging/libdrivers.a(m25px.o)
 .text.m25p_writeenable.isra.0
                0x0000000008003940       0x2e /home/sumina/nuttxspace/nuttx/staging/libdrivers.a(m25px.o)
 .text.m25p_waitwritecomplete.isra.0
                0x000000000800396e       0x52 /home/sumina/nuttxspace/nuttx/staging/libdrivers.a(m25px.o)
 .text.m25p_bytewrite
                0x00000000080039c0       0x76 /home/sumina/nuttxspace/nuttx/staging/libdrivers.a(m25px.o)
 .text.m25p_write
                0x0000000008003a36       0x92 /home/sumina/nuttxspace/nuttx/staging/libdrivers.a(m25px.o)
 .text.m25p_read
                0x0000000008003ac8       0x7e /home/sumina/nuttxspace/nuttx/staging/libdrivers.a(m25px.o)
 .text.m25p_bread
                0x0000000008003b46       0x1c /home/sumina/nuttxspace/nuttx/staging/libdrivers.a(m25px.o)
 .text.m25p_bwrite
                0x0000000008003b62       0xb2 /home/sumina/nuttxspace/nuttx/staging/libdrivers.a(m25px.o)
 .text.m25p_ioctl
                0x0000000008003c14       0xbe /home/sumina/nuttxspace/nuttx/staging/libdrivers.a(m25px.o)
 .text.m25p_erase
                0x0000000008003cd2       0x88 /home/sumina/nuttxspace/nuttx/staging/libdrivers.a(m25px.o)
 *fill*         0x0000000008003d5a        0x2 
 .text.m25p_initialize
                0x0000000008003d5c      0x16c /home/sumina/nuttxspace/nuttx/staging/libdrivers.a(m25px.o)
                0x0000000008003d5c                m25p_initialize
 .text.uart_putc
                0x0000000008003ec8       0x24 /home/sumina/nuttxspace/nuttx/staging/libdrivers.a(serial.o)
 .text.uart_open
                0x0000000008003eec       0x8e /home/sumina/nuttxspace/nuttx/staging/libdrivers.a(serial.o)
 .text.uart_poll
                0x0000000008003f7a       0xd4 /home/sumina/nuttxspace/nuttx/staging/libdrivers.a(serial.o)
 .text.uart_putxmitchar
                0x000000000800404e       0x92 /home/sumina/nuttxspace/nuttx/staging/libdrivers.a(serial.o)
 .text.uart_tcsendbreak
                0x00000000080040e0       0x74 /home/sumina/nuttxspace/nuttx/staging/libdrivers.a(serial.o)
 .text.uart_write
                0x0000000008004154      0x110 /home/sumina/nuttxspace/nuttx/staging/libdrivers.a(serial.o)
 .text.uart_read
                0x0000000008004264      0x1d0 /home/sumina/nuttxspace/nuttx/staging/libdrivers.a(serial.o)
 .text.uart_wakeup
                0x0000000008004434       0x22 /home/sumina/nuttxspace/nuttx/staging/libdrivers.a(serial.o)
 *fill*         0x0000000008004456        0x2 
 .text.uart_tcdrain.isra.0
                0x0000000008004458       0xa8 /home/sumina/nuttxspace/nuttx/staging/libdrivers.a(serial.o)
 .text.uart_register
                0x0000000008004500       0x7c /home/sumina/nuttxspace/nuttx/staging/libdrivers.a(serial.o)
                0x0000000008004500                uart_register
 .text.uart_datareceived
                0x000000000800457c       0x1a /home/sumina/nuttxspace/nuttx/staging/libdrivers.a(serial.o)
                0x000000000800457c                uart_datareceived
 .text.uart_datasent
                0x0000000008004596       0x1a /home/sumina/nuttxspace/nuttx/staging/libdrivers.a(serial.o)
                0x0000000008004596                uart_datasent
 .text.uart_ioctl
                0x00000000080045b0      0x1cc /home/sumina/nuttxspace/nuttx/staging/libdrivers.a(serial.o)
 .text.uart_reset_sem
                0x000000000800477c       0x32 /home/sumina/nuttxspace/nuttx/staging/libdrivers.a(serial.o)
                0x000000000800477c                uart_reset_sem
 .text.uart_close
                0x00000000080047ae       0x78 /home/sumina/nuttxspace/nuttx/staging/libdrivers.a(serial.o)
 .text.uart_xmitchars
                0x0000000008004826       0x84 /home/sumina/nuttxspace/nuttx/staging/libdrivers.a(serial_io.o)
                0x0000000008004826                uart_xmitchars
 .text.uart_recvchars
                0x00000000080048aa       0x88 /home/sumina/nuttxspace/nuttx/staging/libdrivers.a(serial_io.o)
                0x00000000080048aa                uart_recvchars
 *fill*         0x0000000008004932        0x2 
 .text.syslog_flush
                0x0000000008004934       0x18 /home/sumina/nuttxspace/nuttx/staging/libdrivers.a(syslog_flush.o)
                0x0000000008004934                syslog_flush
 .text.syslog_initialize
                0x000000000800494c        0x4 /home/sumina/nuttxspace/nuttx/staging/libdrivers.a(syslog_initialize.o)
                0x000000000800494c                syslog_initialize
 .text.syslog_default_write
                0x0000000008004950       0x24 /home/sumina/nuttxspace/nuttx/staging/libdrivers.a(syslog_channel.o)
 .text.syslog_default_putc
                0x0000000008004974        0x6 /home/sumina/nuttxspace/nuttx/staging/libdrivers.a(syslog_channel.o)
 .text.__assert
                0x000000000800497a        0xc /home/sumina/nuttxspace/nuttx/staging/libc.a(lib_assert.o)
                0x000000000800497a                __assert
 .text.iscntrl  0x0000000008004986       0x12 /home/sumina/nuttxspace/nuttx/staging/libc.a(lib_iscntrl.o)
                0x0000000008004986                iscntrl
 .text.__errno  0x0000000008004998       0x14 /home/sumina/nuttxspace/nuttx/staging/libc.a(lib_errno.o)
                0x0000000008004998                __errno
 .text.uname    0x00000000080049ac       0x70 /home/sumina/nuttxspace/nuttx/staging/libc.a(lib_utsname.o)
                0x00000000080049ac                uname
 .text.nxmutex_init
                0x0000000008004a1c       0x2c /home/sumina/nuttxspace/nuttx/staging/libc.a(lib_mutex.o)
                0x0000000008004a1c                nxmutex_init
 .text.nxmutex_destroy
                0x0000000008004a48       0x1e /home/sumina/nuttxspace/nuttx/staging/libc.a(lib_mutex.o)
                0x0000000008004a48                nxmutex_destroy
 .text.nxmutex_is_hold
                0x0000000008004a66       0x10 /home/sumina/nuttxspace/nuttx/staging/libc.a(lib_mutex.o)
                0x0000000008004a66                nxmutex_is_hold
 .text.nxmutex_is_locked
                0x0000000008004a76       0x20 /home/sumina/nuttxspace/nuttx/staging/libc.a(lib_mutex.o)
                0x0000000008004a76                nxmutex_is_locked
 .text.nxmutex_lock
                0x0000000008004a96       0x24 /home/sumina/nuttxspace/nuttx/staging/libc.a(lib_mutex.o)
                0x0000000008004a96                nxmutex_lock
 .text.nxmutex_unlock
                0x0000000008004aba       0x2c /home/sumina/nuttxspace/nuttx/staging/libc.a(lib_mutex.o)
                0x0000000008004aba                nxmutex_unlock
 .text.nxmutex_reset
                0x0000000008004ae6        0xc /home/sumina/nuttxspace/nuttx/staging/libc.a(lib_mutex.o)
                0x0000000008004ae6                nxmutex_reset
 .text.nxrmutex_init
                0x0000000008004af2        0x8 /home/sumina/nuttxspace/nuttx/staging/libc.a(lib_mutex.o)
                0x0000000008004af2                nxrmutex_init
 .text.nxrmutex_destroy
                0x0000000008004afa       0x12 /home/sumina/nuttxspace/nuttx/staging/libc.a(lib_mutex.o)
                0x0000000008004afa                nxrmutex_destroy
 .text.nxrmutex_lock
                0x0000000008004b0c       0x20 /home/sumina/nuttxspace/nuttx/staging/libc.a(lib_mutex.o)
                0x0000000008004b0c                nxrmutex_lock
 .text.nxrmutex_unlock
                0x0000000008004b2c       0x20 /home/sumina/nuttxspace/nuttx/staging/libc.a(lib_mutex.o)
                0x0000000008004b2c                nxrmutex_unlock
 .text.pthread_exit
                0x0000000008004b4c       0x16 /home/sumina/nuttxspace/nuttx/staging/libc.a(pthread_exit.o)
                0x0000000008004b4c                pthread_exit
 .text.sq_addafter
                0x0000000008004b62       0x26 /home/sumina/nuttxspace/nuttx/staging/libc.a(sq_addafter.o)
                0x0000000008004b62                sq_addafter
 .text.sq_remfirst
                0x0000000008004b88       0x14 /home/sumina/nuttxspace/nuttx/staging/libc.a(sq_remfirst.o)
                0x0000000008004b88                sq_remfirst
 .text.sq_remafter
                0x0000000008004b9c       0x20 /home/sumina/nuttxspace/nuttx/staging/libc.a(sq_remafter.o)
                0x0000000008004b9c                sq_remafter
 .text.dq_remfirst
                0x0000000008004bbc       0x1c /home/sumina/nuttxspace/nuttx/staging/libc.a(dq_remfirst.o)
                0x0000000008004bbc                dq_remfirst
 .text.clock_ticks2time
                0x0000000008004bd8       0x1c /home/sumina/nuttxspace/nuttx/staging/libc.a(clock_ticks2time.o)
                0x0000000008004bd8                clock_ticks2time
 .text.clock_time2ticks
                0x0000000008004bf4       0x34 /home/sumina/nuttxspace/nuttx/staging/libc.a(clock_time2ticks.o)
                0x0000000008004bf4                clock_time2ticks
 .text.nxtask_startup
                0x0000000008004c28       0x16 /home/sumina/nuttxspace/nuttx/staging/libc.a(task_startup.o)
                0x0000000008004c28                nxtask_startup
 .text.nxsem_init
                0x0000000008004c3e       0x10 /home/sumina/nuttxspace/nuttx/staging/libc.a(sem_init.o)
                0x0000000008004c3e                nxsem_init
 .text.sem_init
                0x0000000008004c4e       0x28 /home/sumina/nuttxspace/nuttx/staging/libc.a(sem_init.o)
                0x0000000008004c4e                sem_init
 .text.nxsem_get_value
                0x0000000008004c76       0x14 /home/sumina/nuttxspace/nuttx/staging/libc.a(sem_getvalue.o)
                0x0000000008004c76                nxsem_get_value
 .text.sem_getvalue
                0x0000000008004c8a       0x1a /home/sumina/nuttxspace/nuttx/staging/libc.a(sem_getvalue.o)
                0x0000000008004c8a                sem_getvalue
 .text.nxsem_set_protocol
                0x0000000008004ca4       0x1c /home/sumina/nuttxspace/nuttx/staging/libc.a(sem_setprotocol.o)
                0x0000000008004ca4                nxsem_set_protocol
 .text.sem_setprotocol
                0x0000000008004cc0       0x1a /home/sumina/nuttxspace/nuttx/staging/libc.a(sem_setprotocol.o)
                0x0000000008004cc0                sem_setprotocol
 .text.nxsig_addset
                0x0000000008004cda       0x24 /home/sumina/nuttxspace/nuttx/staging/libc.a(sig_addset.o)
                0x0000000008004cda                nxsig_addset
 .text.sigaddset
                0x0000000008004cfe       0x18 /home/sumina/nuttxspace/nuttx/staging/libc.a(sig_addset.o)
                0x0000000008004cfe                sigaddset
 .text.nxsig_delset
                0x0000000008004d16       0x26 /home/sumina/nuttxspace/nuttx/staging/libc.a(sig_delset.o)
                0x0000000008004d16                nxsig_delset
 .text.sigemptyset
                0x0000000008004d3c        0xa /home/sumina/nuttxspace/nuttx/staging/libc.a(sig_emptyset.o)
                0x0000000008004d3c                sigemptyset
 .text.sigfillset
                0x0000000008004d46        0xc /home/sumina/nuttxspace/nuttx/staging/libc.a(sig_fillset.o)
                0x0000000008004d46                sigfillset
 .text.nxsig_nandset
                0x0000000008004d52       0x1a /home/sumina/nuttxspace/nuttx/staging/libc.a(sig_nandset.o)
                0x0000000008004d52                nxsig_nandset
 .text.sigandset
                0x0000000008004d6c       0x16 /home/sumina/nuttxspace/nuttx/staging/libc.a(sig_andset.o)
                0x0000000008004d6c                sigandset
 .text.sigorset
                0x0000000008004d82       0x16 /home/sumina/nuttxspace/nuttx/staging/libc.a(sig_orset.o)
                0x0000000008004d82                sigorset
 .text.nxsig_xorset
                0x0000000008004d98       0x16 /home/sumina/nuttxspace/nuttx/staging/libc.a(sig_xorset.o)
                0x0000000008004d98                nxsig_xorset
 .text.sigisemptyset
                0x0000000008004dae       0x12 /home/sumina/nuttxspace/nuttx/staging/libc.a(sig_isemptyset.o)
                0x0000000008004dae                sigisemptyset
 .text.nxsig_ismember
                0x0000000008004dc0       0x1e /home/sumina/nuttxspace/nuttx/staging/libc.a(sig_ismember.o)
                0x0000000008004dc0                nxsig_ismember
 .text.posix_spawnattr_init
                0x0000000008004dde       0x40 /home/sumina/nuttxspace/nuttx/staging/libc.a(lib_psa_init.o)
                0x0000000008004dde                posix_spawnattr_init
 .text.printf   0x0000000008004e1e       0x1c /home/sumina/nuttxspace/nuttx/staging/libc.a(lib_printf.o)
                0x0000000008004e1e                printf
 .text.sprintf  0x0000000008004e3a       0x2e /home/sumina/nuttxspace/nuttx/staging/libc.a(lib_sprintf.o)
                0x0000000008004e3a                sprintf
 .text.snprintf
                0x0000000008004e68       0x30 /home/sumina/nuttxspace/nuttx/staging/libc.a(lib_snprintf.o)
                0x0000000008004e68                snprintf
 .text.vdprintf
                0x0000000008004e98       0x30 /home/sumina/nuttxspace/nuttx/staging/libc.a(lib_vdprintf.o)
                0x0000000008004e98                vdprintf
 .text.lib_vsprintf
                0x0000000008004ec8       0x14 /home/sumina/nuttxspace/nuttx/staging/libc.a(lib_libvsprintf.o)
                0x0000000008004ec8                lib_vsprintf
 .text.vsprintf_internal.constprop.0
                0x0000000008004edc      0x524 /home/sumina/nuttxspace/nuttx/staging/libc.a(lib_libvsprintf.o)
 .text.__ultoa_invert
                0x0000000008005400       0x38 /home/sumina/nuttxspace/nuttx/staging/libc.a(lib_ultoa_invert.o)
                0x0000000008005400                __ultoa_invert
 .text.unlikely.abort
                0x0000000008005438        0x8 /home/sumina/nuttxspace/nuttx/staging/libc.a(lib_abort.o)
                0x0000000008005438                abort
 .text.exit     0x0000000008005440       0x16 /home/sumina/nuttxspace/nuttx/staging/libc.a(lib_exit.o)
                0x0000000008005440                exit
 .text.memoutstream_puts
                0x0000000008005456       0x2e /home/sumina/nuttxspace/nuttx/staging/libc.a(lib_memoutstream.o)
 .text.memoutstream_putc
                0x0000000008005484       0x16 /home/sumina/nuttxspace/nuttx/staging/libc.a(lib_memoutstream.o)
 *fill*         0x000000000800549a        0x2 
 .text.lib_memoutstream
                0x000000000800549c       0x28 /home/sumina/nuttxspace/nuttx/staging/libc.a(lib_memoutstream.o)
                0x000000000800549c                lib_memoutstream
 .text.rawoutstream_puts
                0x00000000080054c4       0x2c /home/sumina/nuttxspace/nuttx/staging/libc.a(lib_rawoutstream.o)
 .text.rawoutstream_putc
                0x00000000080054f0       0x16 /home/sumina/nuttxspace/nuttx/staging/libc.a(lib_rawoutstream.o)
 *fill*         0x0000000008005506        0x2 
 .text.lib_rawoutstream
                0x0000000008005508       0x20 /home/sumina/nuttxspace/nuttx/staging/libc.a(lib_rawoutstream.o)
                0x0000000008005508                lib_rawoutstream
 .text.nulloutstream_putc
                0x0000000008005528        0x8 /home/sumina/nuttxspace/nuttx/staging/libc.a(lib_nulloutstream.o)
 .text.nulloutstream_puts
                0x0000000008005530        0xc /home/sumina/nuttxspace/nuttx/staging/libc.a(lib_nulloutstream.o)
 .text.lib_nulloutstream
                0x000000000800553c       0x20 /home/sumina/nuttxspace/nuttx/staging/libc.a(lib_nulloutstream.o)
                0x000000000800553c                lib_nulloutstream
 .text.lib_noflush
                0x000000000800555c        0x4 /home/sumina/nuttxspace/nuttx/staging/libc.a(lib_libnoflush.o)
                0x000000000800555c                lib_noflush
 .text.bufferedoutstream_flush
                0x0000000008005560       0x1a /home/sumina/nuttxspace/nuttx/staging/libc.a(lib_bufferedoutstream.o)
 .text.bufferedoutstream_puts
                0x000000000800557a       0x3c /home/sumina/nuttxspace/nuttx/staging/libc.a(lib_bufferedoutstream.o)
 .text.bufferedoutstream_putc
                0x00000000080055b6       0x16 /home/sumina/nuttxspace/nuttx/staging/libc.a(lib_bufferedoutstream.o)
 .text.lib_bufferedoutstream
                0x00000000080055cc       0x24 /home/sumina/nuttxspace/nuttx/staging/libc.a(lib_bufferedoutstream.o)
                0x00000000080055cc                lib_bufferedoutstream
 .text.memset   0x00000000080055f0       0x10 /home/sumina/nuttxspace/nuttx/staging/libc.a(lib_memset.o)
                0x00000000080055f0                memset
 .text.strchr   0x0000000008005600       0x16 /home/sumina/nuttxspace/nuttx/staging/libc.a(lib_strchr.o)
                0x0000000008005600                strchr
 .text.strcmp   0x0000000008005616       0x14 /home/sumina/nuttxspace/nuttx/staging/libc.a(lib_strcmp.o)
                0x0000000008005616                strcmp
 .text.strlcpy  0x000000000800562a       0x38 /home/sumina/nuttxspace/nuttx/staging/libc.a(lib_strlcpy.o)
                0x000000000800562a                strlcpy
 .text.strlen   0x0000000008005662       0x10 /home/sumina/nuttxspace/nuttx/staging/libc.a(lib_strlen.o)
                0x0000000008005662                strlen
 .text.strnlen  0x0000000008005672       0x1a /home/sumina/nuttxspace/nuttx/staging/libc.a(lib_strnlen.o)
                0x0000000008005672                strnlen
 .text.memcpy   0x000000000800568c       0x1c /home/sumina/nuttxspace/nuttx/staging/libc.a(lib_memcpy.o)
                0x000000000800568c                memcpy
 .text.vsyslog  0x00000000080056a8       0x20 /home/sumina/nuttxspace/nuttx/staging/libc.a(lib_syslog.o)
                0x00000000080056a8                vsyslog
 .text.syslog   0x00000000080056c8       0x1a /home/sumina/nuttxspace/nuttx/staging/libc.a(lib_syslog.o)
                0x00000000080056c8                syslog
 *fill*         0x00000000080056e2        0x2 
 .text.cfsetspeed
                0x00000000080056e4       0x44 /home/sumina/nuttxspace/nuttx/staging/libc.a(lib_cfspeed.o)
                0x00000000080056e4                cfsetspeed
 .text.cfgetspeed
                0x0000000008005728        0x4 /home/sumina/nuttxspace/nuttx/staging/libc.a(lib_cfspeed.o)
                0x0000000008005728                cfgetspeed
 .text.tls_get_info
                0x000000000800572c       0x18 /home/sumina/nuttxspace/nuttx/staging/libc.a(tls_getinfo.o)
                0x000000000800572c                tls_get_info
 .text.tls_destruct
                0x0000000008005744       0x3a /home/sumina/nuttxspace/nuttx/staging/libc.a(tls_destruct.o)
                0x0000000008005744                tls_destruct
 *fill*         0x000000000800577e        0x2 
 .text.usleep   0x0000000008005780       0x30 /home/sumina/nuttxspace/nuttx/staging/libc.a(lib_usleep.o)
                0x0000000008005780                usleep
 .text.gethostname
                0x00000000080057b0       0x20 /home/sumina/nuttxspace/nuttx/staging/libc.a(lib_gethostname.o)
                0x00000000080057b0                gethostname
 .text.lib_cxx_initialize
                0x00000000080057d0        0x2 /home/sumina/nuttxspace/nuttx/staging/libc.a(lib_cxx_initialize.o)
                0x00000000080057d0                lib_cxx_initialize
 .text.task_get_info
                0x00000000080057d2        0xa /home/sumina/nuttxspace/nuttx/staging/libc.a(task_getinfo.o)
                0x00000000080057d2                task_get_info
 .text.umm_initialize
                0x00000000080057dc       0x1c /home/sumina/nuttxspace/nuttx/staging/libmm.a(umm_initialize.o)
                0x00000000080057dc                umm_initialize
 .text.free     0x00000000080057f8       0x10 /home/sumina/nuttxspace/nuttx/staging/libmm.a(umm_free.o)
                0x00000000080057f8                free
 .text.malloc   0x0000000008005808       0x10 /home/sumina/nuttxspace/nuttx/staging/libmm.a(umm_malloc.o)
                0x0000000008005808                malloc
 .text.realloc  0x0000000008005818       0x10 /home/sumina/nuttxspace/nuttx/staging/libmm.a(umm_realloc.o)
                0x0000000008005818                realloc
 .text.zalloc   0x0000000008005828       0x10 /home/sumina/nuttxspace/nuttx/staging/libmm.a(umm_zalloc.o)
                0x0000000008005828                zalloc
 .text.mm_map_initialize
                0x0000000008005838        0xc /home/sumina/nuttxspace/nuttx/staging/libmm.a(mm_map.o)
                0x0000000008005838                mm_map_initialize
 .text.mm_map_destroy
                0x0000000008005844       0x30 /home/sumina/nuttxspace/nuttx/staging/libmm.a(mm_map.o)
                0x0000000008005844                mm_map_destroy
 .text.mm_addregion
                0x0000000008005874       0x52 /home/sumina/nuttxspace/nuttx/staging/libmm.a(mm_initialize.o)
                0x0000000008005874                mm_addregion
 .text.mm_initialize
                0x00000000080058c6       0x52 /home/sumina/nuttxspace/nuttx/staging/libmm.a(mm_initialize.o)
                0x00000000080058c6                mm_initialize
 .text.mm_lock  0x0000000008005918       0x38 /home/sumina/nuttxspace/nuttx/staging/libmm.a(mm_lock.o)
                0x0000000008005918                mm_lock
 .text.mm_unlock
                0x0000000008005950       0x10 /home/sumina/nuttxspace/nuttx/staging/libmm.a(mm_lock.o)
                0x0000000008005950                mm_unlock
 .text.mm_addfreechunk
                0x0000000008005960       0x3e /home/sumina/nuttxspace/nuttx/staging/libmm.a(mm_addfreechunk.o)
                0x0000000008005960                mm_addfreechunk
 .text.mm_size2ndx
                0x000000000800599e       0x16 /home/sumina/nuttxspace/nuttx/staging/libmm.a(mm_size2ndx.o)
                0x000000000800599e                mm_size2ndx
 .text.mm_free  0x00000000080059b4       0xb8 /home/sumina/nuttxspace/nuttx/staging/libmm.a(mm_free.o)
                0x00000000080059b4                mm_free
 .text.mm_malloc
                0x0000000008005a6c       0xb4 /home/sumina/nuttxspace/nuttx/staging/libmm.a(mm_malloc.o)
                0x0000000008005a6c                mm_malloc
 .text.mm_realloc
                0x0000000008005b20      0x1aa /home/sumina/nuttxspace/nuttx/staging/libmm.a(mm_realloc.o)
                0x0000000008005b20                mm_realloc
 .text.mm_zalloc
                0x0000000008005cca       0x18 /home/sumina/nuttxspace/nuttx/staging/libmm.a(mm_zalloc.o)
                0x0000000008005cca                mm_zalloc
 .text.mm_shrinkchunk
                0x0000000008005ce2       0x6c /home/sumina/nuttxspace/nuttx/staging/libmm.a(mm_shrinkchunk.o)
                0x0000000008005ce2                mm_shrinkchunk
 .text          0x0000000008005d4e       0x30 /home/sumina/nuttxspace/nuttx/staging/libarch.a(arm_saveusercontext.o)
                0x0000000008005d4e                up_saveusercontext
 *fill*         0x0000000008005d7e        0x2 
 .text.up_allocate_heap
                0x0000000008005d80       0x18 /home/sumina/nuttxspace/nuttx/staging/libarch.a(stm32_allocateheap.o)
                0x0000000008005d80                up_allocate_heap
 .text.spi_modifycr1
                0x0000000008005d98       0x10 /home/sumina/nuttxspace/nuttx/staging/libarch.a(stm32_spi.o)
 .text.spi_setfrequency
                0x0000000008005da8       0x9a /home/sumina/nuttxspace/nuttx/staging/libarch.a(stm32_spi.o)
 .text.spi_send
                0x0000000008005e42       0x26 /home/sumina/nuttxspace/nuttx/staging/libarch.a(stm32_spi.o)
 .text.spi_lock
                0x0000000008005e68        0xc /home/sumina/nuttxspace/nuttx/staging/libarch.a(stm32_spi.o)
 .text.spi_setmode
                0x0000000008005e74       0x3a /home/sumina/nuttxspace/nuttx/staging/libarch.a(stm32_spi.o)
 .text.spi_setbits
                0x0000000008005eae       0x48 /home/sumina/nuttxspace/nuttx/staging/libarch.a(stm32_spi.o)
 .text.spi_exchange
                0x0000000008005ef6       0x4e /home/sumina/nuttxspace/nuttx/staging/libarch.a(stm32_spi.o)
 .text.stm32_spibus_initialize
                0x0000000008005f44       0x74 /home/sumina/nuttxspace/nuttx/staging/libarch.a(stm32_spi.o)
                0x0000000008005f44                stm32_spibus_initialize
 .text.stm32_timerisr
                0x0000000008005fb8        0xa /home/sumina/nuttxspace/nuttx/staging/libarch.a(stm32_timerisr.o)
 *fill*         0x0000000008005fc2        0x2 
 .text.up_timer_initialize
                0x0000000008005fc4       0x44 /home/sumina/nuttxspace/nuttx/staging/libarch.a(stm32_timerisr.o)
                0x0000000008005fc4                up_timer_initialize
 .text.up_idle  0x0000000008006008        0x4 /home/sumina/nuttxspace/nuttx/staging/libarch.a(stm32_idle.o)
                0x0000000008006008                up_idle
 .text.up_create_stack
                0x000000000800600c       0x48 /home/sumina/nuttxspace/nuttx/staging/libarch.a(arm_createstack.o)
                0x000000000800600c                up_create_stack
 .text.up_exit  0x0000000008006054       0x28 /home/sumina/nuttxspace/nuttx/staging/libarch.a(arm_exit.o)
                0x0000000008006054                up_exit
 .text.up_nputs
                0x000000000800607c       0x18 /home/sumina/nuttxspace/nuttx/staging/libarch.a(arm_nputs.o)
                0x000000000800607c                up_nputs
 .text.up_release_stack
                0x0000000008006094       0x24 /home/sumina/nuttxspace/nuttx/staging/libarch.a(arm_releasestack.o)
                0x0000000008006094                up_release_stack
 .text.up_dump_register
                0x00000000080060b8        0x2 /home/sumina/nuttxspace/nuttx/staging/libarch.a(arm_registerdump.o)
                0x00000000080060b8                up_dump_register
 .text.up_stack_frame
                0x00000000080060ba       0x36 /home/sumina/nuttxspace/nuttx/staging/libarch.a(arm_stackframe.o)
                0x00000000080060ba                up_stack_frame
 .text.up_switch_context
                0x00000000080060f0       0x24 /home/sumina/nuttxspace/nuttx/staging/libarch.a(arm_switchcontext.o)
                0x00000000080060f0                up_switch_context
 .text.up_use_stack
                0x0000000008006114       0x28 /home/sumina/nuttxspace/nuttx/staging/libarch.a(arm_usestack.o)
                0x0000000008006114                up_use_stack
 .text.up_mdelay
                0x000000000800613c       0x2c /home/sumina/nuttxspace/nuttx/staging/libarch.a(arm_mdelay.o)
                0x000000000800613c                up_mdelay
 .text.up_initial_state
                0x0000000008006168       0x60 /home/sumina/nuttxspace/nuttx/staging/libarch.a(arm_initialstate.o)
                0x0000000008006168                up_initial_state
 .text.up_schedule_sigaction
                0x00000000080061c8       0x7c /home/sumina/nuttxspace/nuttx/staging/libarch.a(arm_schedulesigaction.o)
                0x00000000080061c8                up_schedule_sigaction
 .text.arm_sigdeliver
                0x0000000008006244       0x38 /home/sumina/nuttxspace/nuttx/staging/libarch.a(arm_sigdeliver.o)
                0x0000000008006244                arm_sigdeliver
 .text.nsh_main
                0x000000000800627c       0x40 /home/sumina/nuttxspace/nuttx/staging/libapps.a(nsh_main.c.home.sumina.nuttxspace.apps.system.nsh.o)
                0x000000000800627c                nsh_main
 .text.nsh_initialize
                0x00000000080062bc        0xa /home/sumina/nuttxspace/nuttx/staging/libapps.a(nsh_init.c.home.sumina.nuttxspace.apps.nshlib.o)
                0x00000000080062bc                nsh_initialize
 .text.nsh_consolemain
                0x00000000080062c6       0x20 /home/sumina/nuttxspace/nuttx/staging/libapps.a(nsh_consolemain.c.home.sumina.nuttxspace.apps.nshlib.o)
                0x00000000080062c6                nsh_consolemain
 .text.nsh_consolelinebuffer
                0x00000000080062e6        0x6 /home/sumina/nuttxspace/nuttx/staging/libapps.a(nsh_console.c.home.sumina.nuttxspace.apps.nshlib.o)
 .text.nsh_consoleredirect
                0x00000000080062ec       0x14 /home/sumina/nuttxspace/nuttx/staging/libapps.a(nsh_console.c.home.sumina.nuttxspace.apps.nshlib.o)
 .text.nsh_closeifnotclosed
                0x0000000008006300       0x3a /home/sumina/nuttxspace/nuttx/staging/libapps.a(nsh_console.c.home.sumina.nuttxspace.apps.nshlib.o)
 .text.nsh_consoleundirect
                0x000000000800633a       0x18 /home/sumina/nuttxspace/nuttx/staging/libapps.a(nsh_console.c.home.sumina.nuttxspace.apps.nshlib.o)
 .text.nsh_consoleoutput
                0x0000000008006352       0x1e /home/sumina/nuttxspace/nuttx/staging/libapps.a(nsh_console.c.home.sumina.nuttxspace.apps.nshlib.o)
 .text.nsh_consoleioctl
                0x0000000008006370        0x8 /home/sumina/nuttxspace/nuttx/staging/libapps.a(nsh_console.c.home.sumina.nuttxspace.apps.nshlib.o)
 .text.nsh_consolewrite
                0x0000000008006378        0x8 /home/sumina/nuttxspace/nuttx/staging/libapps.a(nsh_console.c.home.sumina.nuttxspace.apps.nshlib.o)
 .text.nsh_consolerelease
                0x0000000008006380       0x12 /home/sumina/nuttxspace/nuttx/staging/libapps.a(nsh_console.c.home.sumina.nuttxspace.apps.nshlib.o)
 .text.nsh_consoleexit
                0x0000000008006392        0xe /home/sumina/nuttxspace/nuttx/staging/libapps.a(nsh_console.c.home.sumina.nuttxspace.apps.nshlib.o)
 .text.nsh_newconsole
                0x00000000080063a0       0x64 /home/sumina/nuttxspace/nuttx/staging/libapps.a(nsh_console.c.home.sumina.nuttxspace.apps.nshlib.o)
                0x00000000080063a0                nsh_newconsole
 .text.nsh_session
                0x0000000008006404       0xf0 /home/sumina/nuttxspace/nuttx/staging/libapps.a(nsh_session.c.home.sumina.nuttxspace.apps.nshlib.o)
                0x0000000008006404                nsh_session
 .text.readline_write
                0x00000000080064f4        0xc /home/sumina/nuttxspace/nuttx/staging/libapps.a(readline_fd.c.home.sumina.nuttxspace.apps.system.readline.o)
 .text.readline_putc
                0x0000000008006500       0x2c /home/sumina/nuttxspace/nuttx/staging/libapps.a(readline_fd.c.home.sumina.nuttxspace.apps.system.readline.o)
 .text.readline_getc
                0x000000000800652c       0x30 /home/sumina/nuttxspace/nuttx/staging/libapps.a(readline_fd.c.home.sumina.nuttxspace.apps.system.readline.o)
 .text.readline_fd
                0x000000000800655c       0x30 /home/sumina/nuttxspace/nuttx/staging/libapps.a(readline_fd.c.home.sumina.nuttxspace.apps.system.readline.o)
                0x000000000800655c                readline_fd
 .text.readline_common
                0x000000000800658c       0xc0 /home/sumina/nuttxspace/nuttx/staging/libapps.a(readline_common.c.home.sumina.nuttxspace.apps.system.readline.o)
                0x000000000800658c                readline_common
 .text.nsh_argument.isra.0
                0x000000000800664c      0x140 /home/sumina/nuttxspace/nuttx/staging/libapps.a(nsh_parse.c.home.sumina.nuttxspace.apps.nshlib.o)
 .text.nsh_parse_command
                0x000000000800678c      0x190 /home/sumina/nuttxspace/nuttx/staging/libapps.a(nsh_parse.c.home.sumina.nuttxspace.apps.nshlib.o)
 .text.nsh_parse
                0x000000000800691c       0x64 /home/sumina/nuttxspace/nuttx/staging/libapps.a(nsh_parse.c.home.sumina.nuttxspace.apps.nshlib.o)
                0x000000000800691c                nsh_parse
 .text.nsh_script
                0x0000000008006980       0xa8 /home/sumina/nuttxspace/nuttx/staging/libapps.a(nsh_script.c.home.sumina.nuttxspace.apps.nshlib.o)
                0x0000000008006980                nsh_script
 .text.cmd_true
                0x0000000008006a28        0x4 /home/sumina/nuttxspace/nuttx/staging/libapps.a(nsh_command.c.home.sumina.nuttxspace.apps.nshlib.o)
 .text.cmd_false
                0x0000000008006a2c        0x6 /home/sumina/nuttxspace/nuttx/staging/libapps.a(nsh_command.c.home.sumina.nuttxspace.apps.nshlib.o)
 .text.cmd_exit
                0x0000000008006a32        0x8 /home/sumina/nuttxspace/nuttx/staging/libapps.a(nsh_command.c.home.sumina.nuttxspace.apps.nshlib.o)
 *fill*         0x0000000008006a3a        0x2 
 .text.help_showcmd
                0x0000000008006a3c       0x24 /home/sumina/nuttxspace/nuttx/staging/libapps.a(nsh_command.c.home.sumina.nuttxspace.apps.nshlib.o)
 .text.help_cmd
                0x0000000008006a60       0x40 /home/sumina/nuttxspace/nuttx/staging/libapps.a(nsh_command.c.home.sumina.nuttxspace.apps.nshlib.o)
 .text.cmd_help
                0x0000000008006aa0      0x154 /home/sumina/nuttxspace/nuttx/staging/libapps.a(nsh_command.c.home.sumina.nuttxspace.apps.nshlib.o)
 .text.cmd_unrecognized
                0x0000000008006bf4        0x6 /home/sumina/nuttxspace/nuttx/staging/libapps.a(nsh_command.c.home.sumina.nuttxspace.apps.nshlib.o)
 *fill*         0x0000000008006bfa        0x2 
 .text.nsh_command
                0x0000000008006bfc       0x50 /home/sumina/nuttxspace/nuttx/staging/libapps.a(nsh_command.c.home.sumina.nuttxspace.apps.nshlib.o)
                0x0000000008006bfc                nsh_command
 .text.unlink_recursive
                0x0000000008006c4c       0xcc /home/sumina/nuttxspace/nuttx/staging/libapps.a(nsh_fscmds.c.home.sumina.nuttxspace.apps.nshlib.o)
 .text.ls_specialdir
                0x0000000008006d18       0x28 /home/sumina/nuttxspace/nuttx/staging/libapps.a(nsh_fscmds.c.home.sumina.nuttxspace.apps.nshlib.o)
 .text.ls_handler
                0x0000000008006d40      0x168 /home/sumina/nuttxspace/nuttx/staging/libapps.a(nsh_fscmds.c.home.sumina.nuttxspace.apps.nshlib.o)
 .text.ls_recursive
                0x0000000008006ea8       0x70 /home/sumina/nuttxspace/nuttx/staging/libapps.a(nsh_fscmds.c.home.sumina.nuttxspace.apps.nshlib.o)
 .text.cmd_cat  0x0000000008006f18       0x46 /home/sumina/nuttxspace/nuttx/staging/libapps.a(nsh_fscmds.c.home.sumina.nuttxspace.apps.nshlib.o)
                0x0000000008006f18                cmd_cat
 .text.cmd_cp   0x0000000008006f5e      0x112 /home/sumina/nuttxspace/nuttx/staging/libapps.a(nsh_fscmds.c.home.sumina.nuttxspace.apps.nshlib.o)
                0x0000000008006f5e                cmd_cp
 .text.cmd_ls   0x0000000008007070      0x11c /home/sumina/nuttxspace/nuttx/staging/libapps.a(nsh_fscmds.c.home.sumina.nuttxspace.apps.nshlib.o)
                0x0000000008007070                cmd_ls
 .text.cmd_mkdir
                0x000000000800718c       0xa0 /home/sumina/nuttxspace/nuttx/staging/libapps.a(nsh_fscmds.c.home.sumina.nuttxspace.apps.nshlib.o)
                0x000000000800718c                cmd_mkdir
 .text.cmd_rm   0x000000000800722c       0x64 /home/sumina/nuttxspace/nuttx/staging/libapps.a(nsh_fscmds.c.home.sumina.nuttxspace.apps.nshlib.o)
                0x000000000800722c                cmd_rm
 .text.dd_read  0x0000000008007290       0x46 /home/sumina/nuttxspace/nuttx/staging/libapps.a(nsh_ddcmd.c.home.sumina.nuttxspace.apps.nshlib.o)
 *fill*         0x00000000080072d6        0x2 
 .text.cmd_dd   0x00000000080072d8      0x304 /home/sumina/nuttxspace/nuttx/staging/libapps.a(nsh_ddcmd.c.home.sumina.nuttxspace.apps.nshlib.o)
                0x00000000080072d8                cmd_dd
 .text.cmd_exec
                0x00000000080075dc       0x3c /home/sumina/nuttxspace/nuttx/staging/libapps.a(nsh_proccmds.c.home.sumina.nuttxspace.apps.nshlib.o)
                0x00000000080075dc                cmd_exec
 .text.cmd_sleep
                0x0000000008007618       0x2c /home/sumina/nuttxspace/nuttx/staging/libapps.a(nsh_proccmds.c.home.sumina.nuttxspace.apps.nshlib.o)
                0x0000000008007618                cmd_sleep
 .text.nsh_getcwd
                0x0000000008007644       0x1c /home/sumina/nuttxspace/nuttx/staging/libapps.a(nsh_envcmds.c.home.sumina.nuttxspace.apps.nshlib.o)
                0x0000000008007644                nsh_getcwd
 .text.nsh_getfullpath
                0x0000000008007660       0x48 /home/sumina/nuttxspace/nuttx/staging/libapps.a(nsh_envcmds.c.home.sumina.nuttxspace.apps.nshlib.o)
                0x0000000008007660                nsh_getfullpath
 .text.nsh_freefullpath
                0x00000000080076a8        0x8 /home/sumina/nuttxspace/nuttx/staging/libapps.a(nsh_envcmds.c.home.sumina.nuttxspace.apps.nshlib.o)
                0x00000000080076a8                nsh_freefullpath
 .text.cmd_cd   0x00000000080076b0       0x9c /home/sumina/nuttxspace/nuttx/staging/libapps.a(nsh_envcmds.c.home.sumina.nuttxspace.apps.nshlib.o)
                0x00000000080076b0                cmd_cd
 .text.cmd_echo
                0x000000000800774c      0x1a0 /home/sumina/nuttxspace/nuttx/staging/libapps.a(nsh_envcmds.c.home.sumina.nuttxspace.apps.nshlib.o)
                0x000000000800774c                cmd_echo
 .text.cmd_pwd  0x00000000080078ec       0x1c /home/sumina/nuttxspace/nuttx/staging/libapps.a(nsh_envcmds.c.home.sumina.nuttxspace.apps.nshlib.o)
                0x00000000080078ec                cmd_pwd
 .text.cmd_uname
                0x0000000008007908      0x134 /home/sumina/nuttxspace/nuttx/staging/libapps.a(nsh_syscmds.c.home.sumina.nuttxspace.apps.nshlib.o)
                0x0000000008007908                cmd_uname
 .text.nsh_dumpbuffer
                0x0000000008007a3c       0xcc /home/sumina/nuttxspace/nuttx/staging/libapps.a(nsh_dbgcmds.c.home.sumina.nuttxspace.apps.nshlib.o)
                0x0000000008007a3c                nsh_dumpbuffer
 .text.cmd_xd   0x0000000008007b08       0x58 /home/sumina/nuttxspace/nuttx/staging/libapps.a(nsh_dbgcmds.c.home.sumina.nuttxspace.apps.nshlib.o)
                0x0000000008007b08                cmd_xd
 .text.cmd_hexdump
                0x0000000008007b60       0x88 /home/sumina/nuttxspace/nuttx/staging/libapps.a(nsh_dbgcmds.c.home.sumina.nuttxspace.apps.nshlib.o)
                0x0000000008007b60                cmd_hexdump
 .text.nsh_catfile
                0x0000000008007be8       0x80 /home/sumina/nuttxspace/nuttx/staging/libapps.a(nsh_fsutils.c.home.sumina.nuttxspace.apps.nshlib.o)
                0x0000000008007be8                nsh_catfile
 .text.nsh_foreach_direntry
                0x0000000008007c68       0x40 /home/sumina/nuttxspace/nuttx/staging/libapps.a(nsh_fsutils.c.home.sumina.nuttxspace.apps.nshlib.o)
                0x0000000008007c68                nsh_foreach_direntry
 .text.nsh_trimdir
                0x0000000008007ca8       0x24 /home/sumina/nuttxspace/nuttx/staging/libapps.a(nsh_fsutils.c.home.sumina.nuttxspace.apps.nshlib.o)
                0x0000000008007ca8                nsh_trimdir
 .text.nsh_getdirpath
                0x0000000008007ccc       0x4c /home/sumina/nuttxspace/nuttx/staging/libapps.a(nsh_fsutils.c.home.sumina.nuttxspace.apps.nshlib.o)
                0x0000000008007ccc                nsh_getdirpath
 .text.cmd_mount
                0x0000000008007d18       0xec /home/sumina/nuttxspace/nuttx/staging/libapps.a(nsh_mntcmds.c.home.sumina.nuttxspace.apps.nshlib.o)
                0x0000000008007d18                cmd_mount
 .text.cmd_umount
                0x0000000008007e04       0x24 /home/sumina/nuttxspace/nuttx/staging/libapps.a(nsh_mntcmds.c.home.sumina.nuttxspace.apps.nshlib.o)
                0x0000000008007e04                cmd_umount
 .text.expression
                0x0000000008007e28      0x318 /home/sumina/nuttxspace/nuttx/staging/libapps.a(nsh_test.c.home.sumina.nuttxspace.apps.nshlib.o)
 .text.cmd_test
                0x0000000008008140        0x8 /home/sumina/nuttxspace/nuttx/staging/libapps.a(nsh_test.c.home.sumina.nuttxspace.apps.nshlib.o)
                0x0000000008008140                cmd_test
 .text.cmd_lbracket
                0x0000000008008148       0x34 /home/sumina/nuttxspace/nuttx/staging/libapps.a(nsh_test.c.home.sumina.nuttxspace.apps.nshlib.o)
                0x0000000008008148                cmd_lbracket
 .text.sync_reboot_handler
                0x000000000800817c       0x12 /home/sumina/nuttxspace/nuttx/staging/libfs.a(fs_initialize.o)
 *fill*         0x000000000800818e        0x2 
 .text.fs_initialize
                0x0000000008008190       0x14 /home/sumina/nuttxspace/nuttx/staging/libfs.a(fs_initialize.o)
                0x0000000008008190                fs_initialize
 .text.task_fssync
                0x00000000080081a4       0x4e /home/sumina/nuttxspace/nuttx/staging/libfs.a(fs_files.o)
 .text.files_extend
                0x00000000080081f2       0x60 /home/sumina/nuttxspace/nuttx/staging/libfs.a(fs_files.o)
 .text.files_initlist
                0x0000000008008252        0x4 /home/sumina/nuttxspace/nuttx/staging/libfs.a(fs_files.o)
                0x0000000008008252                files_initlist
 .text.files_releaselist
                0x0000000008008256       0x3a /home/sumina/nuttxspace/nuttx/staging/libfs.a(fs_files.o)
                0x0000000008008256                files_releaselist
 .text.file_allocate_from_tcb
                0x0000000008008290      0x122 /home/sumina/nuttxspace/nuttx/staging/libfs.a(fs_files.o)
                0x0000000008008290                file_allocate_from_tcb
 .text.files_duplist
                0x00000000080083b2       0x78 /home/sumina/nuttxspace/nuttx/staging/libfs.a(fs_files.o)
                0x00000000080083b2                files_duplist
 .text.fs_getfilep
                0x000000000800842a       0x5c /home/sumina/nuttxspace/nuttx/staging/libfs.a(fs_files.o)
                0x000000000800842a                fs_getfilep
 .text.nx_dup2_from_tcb
                0x0000000008008486       0xba /home/sumina/nuttxspace/nuttx/staging/libfs.a(fs_files.o)
                0x0000000008008486                nx_dup2_from_tcb
 .text.nx_dup2  0x0000000008008540       0x16 /home/sumina/nuttxspace/nuttx/staging/libfs.a(fs_files.o)
                0x0000000008008540                nx_dup2
 .text.nx_close_from_tcb
                0x0000000008008556       0x72 /home/sumina/nuttxspace/nuttx/staging/libfs.a(fs_files.o)
                0x0000000008008556                nx_close_from_tcb
 .text.nx_close
                0x00000000080085c8       0x12 /home/sumina/nuttxspace/nuttx/staging/libfs.a(fs_files.o)
                0x00000000080085c8                nx_close
 .text.close    0x00000000080085da       0x1a /home/sumina/nuttxspace/nuttx/staging/libfs.a(fs_files.o)
                0x00000000080085da                close
 .text.sync     0x00000000080085f4        0xc /home/sumina/nuttxspace/nuttx/staging/libfs.a(fs_files.o)
                0x00000000080085f4                sync
 .text.inode_initialize
                0x0000000008008600        0x4 /home/sumina/nuttxspace/nuttx/staging/libfs.a(fs_inode.o)
                0x0000000008008600                inode_initialize
 .text.inode_lock
                0x0000000008008604        0xc /home/sumina/nuttxspace/nuttx/staging/libfs.a(fs_inode.o)
                0x0000000008008604                inode_lock
 .text.inode_unlock
                0x0000000008008610        0xc /home/sumina/nuttxspace/nuttx/staging/libfs.a(fs_inode.o)
                0x0000000008008610                inode_unlock
 .text.inode_addref
                0x000000000800861c       0x20 /home/sumina/nuttxspace/nuttx/staging/libfs.a(fs_inodeaddref.o)
                0x000000000800861c                inode_addref
 .text.inode_alloc.isra.0
                0x000000000800863c       0x4c /home/sumina/nuttxspace/nuttx/staging/libfs.a(fs_inodereserve.o)
 .text.inode_root_reserve
                0x0000000008008688       0x18 /home/sumina/nuttxspace/nuttx/staging/libfs.a(fs_inodereserve.o)
                0x0000000008008688                inode_root_reserve
 .text.inode_reserve
                0x00000000080086a0       0xa4 /home/sumina/nuttxspace/nuttx/staging/libfs.a(fs_inodereserve.o)
                0x00000000080086a0                inode_reserve
 .text.inode_nextname
                0x0000000008008744       0x24 /home/sumina/nuttxspace/nuttx/staging/libfs.a(fs_inodesearch.o)
                0x0000000008008744                inode_nextname
 .text.inode_search
                0x0000000008008768       0xd0 /home/sumina/nuttxspace/nuttx/staging/libfs.a(fs_inodesearch.o)
                0x0000000008008768                inode_search
 .text.file_close
                0x0000000008008838       0x2c /home/sumina/nuttxspace/nuttx/staging/libfs.a(fs_close.o)
                0x0000000008008838                file_close
 .text.file_dup2
                0x0000000008008864       0x90 /home/sumina/nuttxspace/nuttx/staging/libfs.a(fs_dup2.o)
                0x0000000008008864                file_dup2
 .text.file_vioctl
                0x00000000080088f4      0x134 /home/sumina/nuttxspace/nuttx/staging/libfs.a(fs_ioctl.o)
 .text.ioctl    0x0000000008008a28       0x36 /home/sumina/nuttxspace/nuttx/staging/libfs.a(fs_ioctl.o)
                0x0000000008008a28                ioctl
 .text.file_seek
                0x0000000008008a5e       0x40 /home/sumina/nuttxspace/nuttx/staging/libfs.a(fs_lseek.o)
                0x0000000008008a5e                file_seek
 .text.nx_seek  0x0000000008008a9e       0x1e /home/sumina/nuttxspace/nuttx/staging/libfs.a(fs_lseek.o)
                0x0000000008008a9e                nx_seek
 .text.lseek    0x0000000008008abc       0x1a /home/sumina/nuttxspace/nuttx/staging/libfs.a(fs_lseek.o)
                0x0000000008008abc                lseek
 .text.mkdir    0x0000000008008ad6       0x94 /home/sumina/nuttxspace/nuttx/staging/libfs.a(fs_mkdir.o)
                0x0000000008008ad6                mkdir
 .text.inode_checkflags
                0x0000000008008b6a       0x36 /home/sumina/nuttxspace/nuttx/staging/libfs.a(fs_open.o)
                0x0000000008008b6a                inode_checkflags
 .text.file_vopen
                0x0000000008008ba0       0xfa /home/sumina/nuttxspace/nuttx/staging/libfs.a(fs_open.o)
 .text.nx_vopen
                0x0000000008008c9a       0x48 /home/sumina/nuttxspace/nuttx/staging/libfs.a(fs_open.o)
 .text.file_open
                0x0000000008008ce2       0x1e /home/sumina/nuttxspace/nuttx/staging/libfs.a(fs_open.o)
                0x0000000008008ce2                file_open
 .text.nx_open_from_tcb
                0x0000000008008d00       0x1a /home/sumina/nuttxspace/nuttx/staging/libfs.a(fs_open.o)
                0x0000000008008d00                nx_open_from_tcb
 .text.nx_open  0x0000000008008d1a       0x26 /home/sumina/nuttxspace/nuttx/staging/libfs.a(fs_open.o)
                0x0000000008008d1a                nx_open
 .text.open     0x0000000008008d40       0x38 /home/sumina/nuttxspace/nuttx/staging/libfs.a(fs_open.o)
                0x0000000008008d40                open
 .text.poll_notify
                0x0000000008008d78       0x3e /home/sumina/nuttxspace/nuttx/staging/libfs.a(fs_poll.o)
                0x0000000008008d78                poll_notify
 .text.file_read
                0x0000000008008db6       0x26 /home/sumina/nuttxspace/nuttx/staging/libfs.a(fs_read.o)
                0x0000000008008db6                file_read
 .text.nx_read  0x0000000008008ddc       0x1e /home/sumina/nuttxspace/nuttx/staging/libfs.a(fs_read.o)
                0x0000000008008ddc                nx_read
 .text.read     0x0000000008008dfa       0x1a /home/sumina/nuttxspace/nuttx/staging/libfs.a(fs_read.o)
                0x0000000008008dfa                read
 .text.rmdir    0x0000000008008e14       0x80 /home/sumina/nuttxspace/nuttx/staging/libfs.a(fs_rmdir.o)
                0x0000000008008e14                rmdir
 .text.inode_stat
                0x0000000008008e94       0xc2 /home/sumina/nuttxspace/nuttx/staging/libfs.a(fs_stat.o)
                0x0000000008008e94                inode_stat
 .text.nx_stat  0x0000000008008f56       0x7e /home/sumina/nuttxspace/nuttx/staging/libfs.a(fs_stat.o)
                0x0000000008008f56                nx_stat
 .text.stat     0x0000000008008fd4       0x1c /home/sumina/nuttxspace/nuttx/staging/libfs.a(fs_stat.o)
                0x0000000008008fd4                stat
 .text.lstat    0x0000000008008ff0       0x1c /home/sumina/nuttxspace/nuttx/staging/libfs.a(fs_stat.o)
                0x0000000008008ff0                lstat
 .text.nx_unlink
                0x000000000800900c       0x72 /home/sumina/nuttxspace/nuttx/staging/libfs.a(fs_unlink.o)
                0x000000000800900c                nx_unlink
 .text.unlink   0x000000000800907e       0x1c /home/sumina/nuttxspace/nuttx/staging/libfs.a(fs_unlink.o)
                0x000000000800907e                unlink
 .text.file_write
                0x000000000800909a       0x26 /home/sumina/nuttxspace/nuttx/staging/libfs.a(fs_write.o)
                0x000000000800909a                file_write
 .text.nx_write
                0x00000000080090c0       0x26 /home/sumina/nuttxspace/nuttx/staging/libfs.a(fs_write.o)
                0x00000000080090c0                nx_write
 .text.write    0x00000000080090e6       0x1a /home/sumina/nuttxspace/nuttx/staging/libfs.a(fs_write.o)
                0x00000000080090e6                write
 .text.dir_ioctl
                0x0000000008009100       0x24 /home/sumina/nuttxspace/nuttx/staging/libfs.a(fs_dir.o)
 .text.dir_read
                0x0000000008009124       0xc2 /home/sumina/nuttxspace/nuttx/staging/libfs.a(fs_dir.o)
 .text.dir_close
                0x00000000080091e6       0x46 /home/sumina/nuttxspace/nuttx/staging/libfs.a(fs_dir.o)
 .text.dir_seek
                0x000000000800922c       0xae /home/sumina/nuttxspace/nuttx/staging/libfs.a(fs_dir.o)
 *fill*         0x00000000080092da        0x2 
 .text.dir_allocate
                0x00000000080092dc       0x94 /home/sumina/nuttxspace/nuttx/staging/libfs.a(fs_dir.o)
                0x00000000080092dc                dir_allocate
 .text.dir_open
                0x0000000008009370        0x8 /home/sumina/nuttxspace/nuttx/staging/libfs.a(fs_dir.o)
 .text.file_fsync
                0x0000000008009378       0x38 /home/sumina/nuttxspace/nuttx/staging/libfs.a(fs_fsync.o)
                0x0000000008009378                file_fsync
 .text.register_driver
                0x00000000080093b0       0x42 /home/sumina/nuttxspace/nuttx/staging/libfs.a(fs_registerdriver.o)
                0x00000000080093b0                register_driver
 .text.register_mtddriver
                0x00000000080093f2       0x42 /home/sumina/nuttxspace/nuttx/staging/libfs.a(fs_registermtddriver.o)
                0x00000000080093f2                register_mtddriver
 .text.nx_mount
                0x0000000008009434       0xec /home/sumina/nuttxspace/nuttx/staging/libfs.a(fs_mount.o)
                0x0000000008009434                nx_mount
 .text.mount    0x0000000008009520       0x20 /home/sumina/nuttxspace/nuttx/staging/libfs.a(fs_mount.o)
                0x0000000008009520                mount
 .text.nx_umount2
                0x0000000008009540       0xac /home/sumina/nuttxspace/nuttx/staging/libfs.a(fs_umount2.o)
                0x0000000008009540                nx_umount2
 .text.umount2  0x00000000080095ec       0x1a /home/sumina/nuttxspace/nuttx/staging/libfs.a(fs_umount2.o)
                0x00000000080095ec                umount2
 .text.littlefs_convert_result
                0x0000000008009606       0x18 /home/sumina/nuttxspace/nuttx/staging/libfs.a(lfs_vfs.o)
 .text.littlefs_ioctl
                0x000000000800961e       0x30 /home/sumina/nuttxspace/nuttx/staging/libfs.a(lfs_vfs.o)
 .text.littlefs_read_block
                0x000000000800964e       0x4a /home/sumina/nuttxspace/nuttx/staging/libfs.a(lfs_vfs.o)
 .text.littlefs_write_block
                0x0000000008009698       0x4a /home/sumina/nuttxspace/nuttx/staging/libfs.a(lfs_vfs.o)
 .text.littlefs_erase_block
                0x00000000080096e2       0x38 /home/sumina/nuttxspace/nuttx/staging/libfs.a(lfs_vfs.o)
 .text.littlefs_sync_block
                0x000000000800971a       0x3c /home/sumina/nuttxspace/nuttx/staging/libfs.a(lfs_vfs.o)
 .text.littlefs_stat
                0x0000000008009756       0x6c /home/sumina/nuttxspace/nuttx/staging/libfs.a(lfs_vfs.o)
 .text.littlefs_dup
                0x00000000080097c2       0x26 /home/sumina/nuttxspace/nuttx/staging/libfs.a(lfs_vfs.o)
 .text.littlefs_rename
                0x00000000080097e8       0x2e /home/sumina/nuttxspace/nuttx/staging/libfs.a(lfs_vfs.o)
 .text.littlefs_mkdir
                0x0000000008009816       0x26 /home/sumina/nuttxspace/nuttx/staging/libfs.a(lfs_vfs.o)
 .text.littlefs_unlink
                0x000000000800983c       0x2a /home/sumina/nuttxspace/nuttx/staging/libfs.a(lfs_vfs.o)
 .text.littlefs_rmdir
                0x0000000008009866       0x30 /home/sumina/nuttxspace/nuttx/staging/libfs.a(lfs_vfs.o)
 *fill*         0x0000000008009896        0x2 
 .text.littlefs_statfs
                0x0000000008009898       0x54 /home/sumina/nuttxspace/nuttx/staging/libfs.a(lfs_vfs.o)
 .text.littlefs_unbind
                0x00000000080098ec       0x50 /home/sumina/nuttxspace/nuttx/staging/libfs.a(lfs_vfs.o)
 .text.littlefs_bind
                0x000000000800993c      0x190 /home/sumina/nuttxspace/nuttx/staging/libfs.a(lfs_vfs.o)
 .text.littlefs_rewinddir
                0x0000000008009acc       0x2c /home/sumina/nuttxspace/nuttx/staging/libfs.a(lfs_vfs.o)
 .text.littlefs_readdir
                0x0000000008009af8       0x58 /home/sumina/nuttxspace/nuttx/staging/libfs.a(lfs_vfs.o)
 .text.littlefs_closedir
                0x0000000008009b50       0x2c /home/sumina/nuttxspace/nuttx/staging/libfs.a(lfs_vfs.o)
 .text.littlefs_opendir
                0x0000000008009b7c       0x56 /home/sumina/nuttxspace/nuttx/staging/libfs.a(lfs_vfs.o)
 .text.littlefs_fstat
                0x0000000008009bd2       0x5a /home/sumina/nuttxspace/nuttx/staging/libfs.a(lfs_vfs.o)
 .text.littlefs_sync
                0x0000000008009c2c       0x2c /home/sumina/nuttxspace/nuttx/staging/libfs.a(lfs_vfs.o)
 .text.littlefs_truncate
                0x0000000008009c58       0x30 /home/sumina/nuttxspace/nuttx/staging/libfs.a(lfs_vfs.o)
 .text.littlefs_seek
                0x0000000008009c88       0x3e /home/sumina/nuttxspace/nuttx/staging/libfs.a(lfs_vfs.o)
 .text.littlefs_write
                0x0000000008009cc6       0x62 /home/sumina/nuttxspace/nuttx/staging/libfs.a(lfs_vfs.o)
 .text.littlefs_read
                0x0000000008009d28       0x62 /home/sumina/nuttxspace/nuttx/staging/libfs.a(lfs_vfs.o)
 .text.littlefs_close
                0x0000000008009d8a       0x42 /home/sumina/nuttxspace/nuttx/staging/libfs.a(lfs_vfs.o)
 .text.littlefs_open
                0x0000000008009dcc       0xc6 /home/sumina/nuttxspace/nuttx/staging/libfs.a(lfs_vfs.o)
 .text.lfs_pair_isnull
                0x0000000008009e92       0x14 /home/sumina/nuttxspace/nuttx/staging/libfs.a(lfs.o)
 .text.lfs_pair_cmp
                0x0000000008009ea6       0x22 /home/sumina/nuttxspace/nuttx/staging/libfs.a(lfs.o)
 .text.lfs_tag_dsize
                0x0000000008009ec8       0x14 /home/sumina/nuttxspace/nuttx/staging/libfs.a(lfs.o)
 .text.lfs_gstate_xor
                0x0000000008009edc       0x1c /home/sumina/nuttxspace/nuttx/staging/libfs.a(lfs.o)
 .text.lfs_gstate_hasmovehere
                0x0000000008009ef8       0x1c /home/sumina/nuttxspace/nuttx/staging/libfs.a(lfs.o)
 .text.lfs_alloc_lookahead
                0x0000000008009f14       0x36 /home/sumina/nuttxspace/nuttx/staging/libfs.a(lfs.o)
 *fill*         0x0000000008009f4a        0x2 
 .text.lfs_dir_traverse_filter
                0x0000000008009f4c       0x6c /home/sumina/nuttxspace/nuttx/staging/libfs.a(lfs.o)
 .text.lfs_dir_commit_size
                0x0000000008009fb8       0x14 /home/sumina/nuttxspace/nuttx/staging/libfs.a(lfs.o)
 .text.lfs_fs_size_count
                0x0000000008009fcc        0xa /home/sumina/nuttxspace/nuttx/staging/libfs.a(lfs.o)
 .text.lfs_deinit
                0x0000000008009fd6       0x2c /home/sumina/nuttxspace/nuttx/staging/libfs.a(lfs.o)
 .text.lfs_fs_preporphans.isra.0
                0x000000000800a002       0x1c /home/sumina/nuttxspace/nuttx/staging/libfs.a(lfs.o)
 .text.lfs_cache_zero.isra.0
                0x000000000800a01e       0x16 /home/sumina/nuttxspace/nuttx/staging/libfs.a(lfs.o)
 .text.lfs_init
                0x000000000800a034       0xb2 /home/sumina/nuttxspace/nuttx/staging/libfs.a(lfs.o)
 .text.lfs_ctz_index.isra.0
                0x000000000800a0e6       0x3a /home/sumina/nuttxspace/nuttx/staging/libfs.a(lfs.o)
 .text.lfs_bd_read.isra.0
                0x000000000800a120      0x16e /home/sumina/nuttxspace/nuttx/staging/libfs.a(lfs.o)
 *fill*         0x000000000800a28e        0x2 
 .text.lfs_dir_getslice
                0x000000000800a290      0x128 /home/sumina/nuttxspace/nuttx/staging/libfs.a(lfs.o)
 .text.lfs_dir_get
                0x000000000800a3b8       0x18 /home/sumina/nuttxspace/nuttx/staging/libfs.a(lfs.o)
 .text.lfs_dir_getgstate
                0x000000000800a3d0       0x34 /home/sumina/nuttxspace/nuttx/staging/libfs.a(lfs.o)
 .text.lfs_dir_getinfo
                0x000000000800a404       0x90 /home/sumina/nuttxspace/nuttx/staging/libfs.a(lfs.o)
 .text.lfs_fs_parent_match
                0x000000000800a494       0x3e /home/sumina/nuttxspace/nuttx/staging/libfs.a(lfs.o)
 *fill*         0x000000000800a4d2        0x2 
 .text.lfs_dir_fetchmatch
                0x000000000800a4d4      0x3d0 /home/sumina/nuttxspace/nuttx/staging/libfs.a(lfs.o)
 .text.lfs_fs_parent
                0x000000000800a8a4       0x7c /home/sumina/nuttxspace/nuttx/staging/libfs.a(lfs.o)
 .text.lfs_dir_fetch
                0x000000000800a920       0x1a /home/sumina/nuttxspace/nuttx/staging/libfs.a(lfs.o)
 .text.lfs_fs_pred
                0x000000000800a93a       0x52 /home/sumina/nuttxspace/nuttx/staging/libfs.a(lfs.o)
 .text.lfs_dir_find
                0x000000000800a98c      0x15c /home/sumina/nuttxspace/nuttx/staging/libfs.a(lfs.o)
 .text.lfs_ctz_traverse.part.0
                0x000000000800aae8       0x80 /home/sumina/nuttxspace/nuttx/staging/libfs.a(lfs.o)
 .text.lfs_ctz_find.constprop.0
                0x000000000800ab68       0x98 /home/sumina/nuttxspace/nuttx/staging/libfs.a(lfs.o)
 .text.lfs_dir_traverse.constprop.0
                0x000000000800ac00      0x290 /home/sumina/nuttxspace/nuttx/staging/libfs.a(lfs.o)
 .text.lfs_dir_getread.part.0.constprop.0
                0x000000000800ae90       0xb0 /home/sumina/nuttxspace/nuttx/staging/libfs.a(lfs.o)
 .text.lfs_file_flushedread
                0x000000000800af40       0xec /home/sumina/nuttxspace/nuttx/staging/libfs.a(lfs.o)
 .text.lfs_bd_cmp.constprop.0
                0x000000000800b02c       0x64 /home/sumina/nuttxspace/nuttx/staging/libfs.a(lfs.o)
 .text.lfs_dir_find_match
                0x000000000800b090       0x3a /home/sumina/nuttxspace/nuttx/staging/libfs.a(lfs.o)
 .text.lfs_bd_flush
                0x000000000800b0ca       0x7e /home/sumina/nuttxspace/nuttx/staging/libfs.a(lfs.o)
 .text.lfs_bd_prog