Archive member included to satisfy reference by file (symbol)

/home/sumina/nuttxspace/nuttx/staging/libarch.a(stm32_start.o)
                              (__start)
/home/sumina/nuttxspace/nuttx/staging/libarch.a(stm32_rcc.o)
                              /home/sumina/nuttxspace/nuttx/staging/libarch.a(stm32_start.o) (stm32_clockconfig)
/home/sumina/nuttxspace/nuttx/staging/libarch.a(stm32_gpio.o)
                              /home/sumina/nuttxspace/nuttx/staging/libarch.a(stm32_start.o) (stm32_gpioinit)
/home/sumina/nuttxspace/nuttx/staging/libarch.a(stm32_lowputc.o)
                              /home/sumina/nuttxspace/nuttx/staging/libarch.a(stm32_start.o) (stm32_lowsetup)
/home/sumina/nuttxspace/nuttx/staging/libarch.a(stm32_serial.o)
                              /home/sumina/nuttxspace/nuttx/staging/libarch.a(stm32_start.o) (arm_earlyserialinit)
/home/sumina/nuttxspace/nuttx/staging/libarch.a(arm_modifyreg32.o)
                              /home/sumina/nuttxspace/nuttx/staging/libarch.a(stm32_serial.o) (modifyreg32)
/home/sumina/nuttxspace/nuttx/staging/libarch.a(arm_vectors.o)
                              (_vectors)
/home/sumina/nuttxspace/nuttx/staging/libarch.a(arm_exception.o)
                              /home/sumina/nuttxspace/nuttx/staging/libarch.a(arm_vectors.o) (exception_common)
/home/sumina/nuttxspace/nuttx/staging/libarch.a(stm32_irq.o)
                              /home/sumina/nuttxspace/nuttx/staging/libarch.a(stm32_serial.o) (up_disable_irq)
/home/sumina/nuttxspace/nuttx/staging/libarch.a(arm_doirq.o)
                              /home/sumina/nuttxspace/nuttx/staging/libarch.a(arm_exception.o) (arm_doirq)
/home/sumina/nuttxspace/nuttx/staging/libarch.a(arm_hardfault.o)
                              /home/sumina/nuttxspace/nuttx/staging/libarch.a(stm32_irq.o) (arm_hardfault)
/home/sumina/nuttxspace/nuttx/staging/libarch.a(arm_svcall.o)
                              /home/sumina/nuttxspace/nuttx/staging/libarch.a(stm32_irq.o) (arm_svcall)
/home/sumina/nuttxspace/nuttx/staging/libarch.a(arm_initialize.o)
                              /home/sumina/nuttxspace/nuttx/staging/libarch.a(arm_doirq.o) (g_current_regs)
/home/sumina/nuttxspace/nuttx/arch/arm/src/board/libboard.a(stm32_boot.o)
                              /home/sumina/nuttxspace/nuttx/staging/libarch.a(stm32_start.o) (stm32_boardinitialize)
/home/sumina/nuttxspace/nuttx/arch/arm/src/board/libboard.a(stm32_bringup.o)
                              /home/sumina/nuttxspace/nuttx/arch/arm/src/board/libboard.a(stm32_boot.o) (stm32_bringup)
/home/sumina/nuttxspace/nuttx/arch/arm/src/board/libboard.a(stm32_spi.o)
                              /home/sumina/nuttxspace/nuttx/arch/arm/src/board/libboard.a(stm32_boot.o) (stm32_spidev_initialize)
/home/sumina/nuttxspace/nuttx/arch/arm/src/board/libboard.a(cubus_mtd.o)
                              /home/sumina/nuttxspace/nuttx/arch/arm/src/board/libboard.a(stm32_bringup.o) (board_get_manifest)
/home/sumina/nuttxspace/nuttx/staging/libsched.a(nx_start.o)
                              /home/sumina/nuttxspace/nuttx/staging/libarch.a(stm32_start.o) (nx_start)
/home/sumina/nuttxspace/nuttx/staging/libsched.a(nx_bringup.o)
                              /home/sumina/nuttxspace/nuttx/staging/libsched.a(nx_start.o) (nx_bringup)
/home/sumina/nuttxspace/nuttx/staging/libsched.a(irq_initialize.o)
                              /home/sumina/nuttxspace/nuttx/staging/libsched.a(nx_start.o) (irq_initialize)
/home/sumina/nuttxspace/nuttx/staging/libsched.a(irq_attach.o)
                              /home/sumina/nuttxspace/nuttx/staging/libarch.a(stm32_serial.o) (irq_attach)
/home/sumina/nuttxspace/nuttx/staging/libsched.a(irq_dispatch.o)
                              /home/sumina/nuttxspace/nuttx/staging/libarch.a(arm_doirq.o) (irq_dispatch)
/home/sumina/nuttxspace/nuttx/staging/libsched.a(irq_unexpectedisr.o)
                              /home/sumina/nuttxspace/nuttx/staging/libsched.a(irq_initialize.o) (irq_unexpected_isr)
/home/sumina/nuttxspace/nuttx/staging/libsched.a(assert.o)
                              /home/sumina/nuttxspace/nuttx/staging/libarch.a(arm_hardfault.o) (_assert)
/home/sumina/nuttxspace/nuttx/staging/libsched.a(panic_notifier.o)
                              /home/sumina/nuttxspace/nuttx/staging/libsched.a(assert.o) (panic_notifier_call_chain)
/home/sumina/nuttxspace/nuttx/staging/libsched.a(reboot_notifier.o)
                              /home/sumina/nuttxspace/nuttx/staging/libsched.a(assert.o) (reboot_notifier_call_chain)
/home/sumina/nuttxspace/nuttx/staging/libsched.a(mq_initialize.o)
                              /home/sumina/nuttxspace/nuttx/staging/libsched.a(nx_start.o) (nxmq_initialize)
/home/sumina/nuttxspace/nuttx/staging/libsched.a(msginternal.o)
                              /home/sumina/nuttxspace/nuttx/staging/libsched.a(nx_start.o) (nxmsg_initialize)
/home/sumina/nuttxspace/nuttx/staging/libsched.a(sched_foreach.o)
[...]
Memory Configuration

Name             Origin             Length             Attributes
flash            0x0000000008000000 0x0000000000010c00 xr
sram             0x0000000020000000 0x0000000000005000 xrw
*default*        0x0000000000000000 0xffffffffffffffff

Linker script and memory map


.text           0x0000000008000000     0xfc13
                0x0000000008000000                _stext = ABSOLUTE (.)
 *(.vectors)
 .vectors       0x0000000008000000      0x130 /home/sumina/nuttxspace/nuttx/staging/libarch.a(arm_vectors.o)
                0x0000000008000000                _vectors
 *(.text .text.*)
 .text.__start  0x0000000008000130       0x54 /home/sumina/nuttxspace/nuttx/staging/libarch.a(stm32_start.o)
                0x0000000008000130                __start
 .text.stm32_clockconfig
                0x0000000008000184      0x10c /home/sumina/nuttxspace/nuttx/staging/libarch.a(stm32_rcc.o)
                0x0000000008000184                stm32_clockconfig
 .text.stm32_gpioinit
                0x0000000008000290        0xc /home/sumina/nuttxspace/nuttx/staging/libarch.a(stm32_gpio.o)
                0x0000000008000290                stm32_gpioinit
 .text.stm32_configgpio
                0x000000000800029c       0xc8 /home/sumina/nuttxspace/nuttx/staging/libarch.a(stm32_gpio.o)
                0x000000000800029c                stm32_configgpio
 .text.stm32_unconfiggpio
                0x0000000008000364        0xc /home/sumina/nuttxspace/nuttx/staging/libarch.a(stm32_gpio.o)
                0x0000000008000364                stm32_unconfiggpio
 .text.stm32_gpiowrite
                0x0000000008000370       0x2c /home/sumina/nuttxspace/nuttx/staging/libarch.a(stm32_gpio.o)
                0x0000000008000370                stm32_gpiowrite
 .text.stm32_gpioread
                0x000000000800039c       0x2c /home/sumina/nuttxspace/nuttx/staging/libarch.a(stm32_gpio.o)
                0x000000000800039c                stm32_gpioread
 .text.arm_lowputc
                0x00000000080003c8       0x18 /home/sumina/nuttxspace/nuttx/staging/libarch.a(stm32_lowputc.o)
                0x00000000080003c8                arm_lowputc
 .text.stm32_lowsetup
                0x00000000080003e0       0x70 /home/sumina/nuttxspace/nuttx/staging/libarch.a(stm32_lowputc.o)
                0x00000000080003e0                stm32_lowsetup
 .text.up_setusartint
                0x0000000008000450       0x2c /home/sumina/nuttxspace/nuttx/staging/libarch.a(stm32_serial.o)
 .text.up_restoreusartint
                0x000000000800047c       0x16 /home/sumina/nuttxspace/nuttx/staging/libarch.a(stm32_serial.o)
 .text.up_disableusartint
                0x0000000008000492       0x2e /home/sumina/nuttxspace/nuttx/staging/libarch.a(stm32_serial.o)
 .text.up_set_format
                0x00000000080004c0       0x86 /home/sumina/nuttxspace/nuttx/staging/libarch.a(stm32_serial.o)
 .text.up_receive
                0x0000000008000546       0x1e /home/sumina/nuttxspace/nuttx/staging/libarch.a(stm32_serial.o)
 .text.up_rxint
                0x0000000008000564       0x2e /home/sumina/nuttxspace/nuttx/staging/libarch.a(stm32_serial.o)
 .text.up_rxavailable
                0x0000000008000592       0x10 /home/sumina/nuttxspace/nuttx/staging/libarch.a(stm32_serial.o)
 .text.up_send  0x00000000080005a2        0xc /home/sumina/nuttxspace/nuttx/staging/libarch.a(stm32_serial.o)
 .text.up_txint
                0x00000000080005ae       0x30 /home/sumina/nuttxspace/nuttx/staging/libarch.a(stm32_serial.o)
 .text.up_txready
                0x00000000080005de       0x10 /home/sumina/nuttxspace/nuttx/staging/libarch.a(stm32_serial.o)
 .text.up_ioctl
                0x00000000080005ee       0xa6 /home/sumina/nuttxspace/nuttx/staging/libarch.a(stm32_serial.o)
 .text.up_detach
                0x0000000008000694       0x1e /home/sumina/nuttxspace/nuttx/staging/libarch.a(stm32_serial.o)
 *fill*         0x00000000080006b2        0x2 
 .text.up_attach
                0x00000000080006b4       0x28 /home/sumina/nuttxspace/nuttx/staging/libarch.a(stm32_serial.o)
 .text.up_interrupt
                0x00000000080006dc       0x58 /home/sumina/nuttxspace/nuttx/staging/libarch.a(stm32_serial.o)
 .text.up_setup
                0x0000000008000734       0x8c /home/sumina/nuttxspace/nuttx/staging/libarch.a(stm32_serial.o)
 .text.up_shutdown
                0x00000000080007c0       0x5c /home/sumina/nuttxspace/nuttx/staging/libarch.a(stm32_serial.o)
 .text.arm_earlyserialinit
                0x000000000800081c       0x18 /home/sumina/nuttxspace/nuttx/staging/libarch.a(stm32_serial.o)
                0x000000000800081c                arm_earlyserialinit
 .text.arm_serialinit
                0x0000000008000834       0x5c /home/sumina/nuttxspace/nuttx/staging/libarch.a(stm32_serial.o)
                0x0000000008000834                arm_serialinit
 .text.up_putc  0x0000000008000890       0x34 /home/sumina/nuttxspace/nuttx/staging/libarch.a(stm32_serial.o)
                0x0000000008000890                up_putc
 .text.modifyreg32
                0x00000000080008c4       0x1c /home/sumina/nuttxspace/nuttx/staging/libarch.a(arm_modifyreg32.o)
                0x00000000080008c4                modifyreg32
 .text          0x00000000080008e0       0x46 /home/sumina/nuttxspace/nuttx/staging/libarch.a(arm_exception.o)
                0x00000000080008e0                exception_common
 *fill*         0x0000000008000926        0x2 
 .text.stm32_irqinfo
                0x0000000008000928       0x68 /home/sumina/nuttxspace/nuttx/staging/libarch.a(stm32_irq.o)
 .text.up_irqinitialize
                0x0000000008000990       0x70 /home/sumina/nuttxspace/nuttx/staging/libarch.a(stm32_irq.o)
                0x0000000008000990                up_irqinitialize
 .text.up_disable_irq
                0x0000000008000a00       0x24 /home/sumina/nuttxspace/nuttx/staging/libarch.a(stm32_irq.o)
                0x0000000008000a00                up_disable_irq
 .text.up_enable_irq
                0x0000000008000a24       0x24 /home/sumina/nuttxspace/nuttx/staging/libarch.a(stm32_irq.o)
                0x0000000008000a24                up_enable_irq
 .text.arm_ack_irq
                0x0000000008000a48        0x2 /home/sumina/nuttxspace/nuttx/staging/libarch.a(stm32_irq.o)
                0x0000000008000a48                arm_ack_irq
 *fill*         0x0000000008000a4a        0x2 
 .text.arm_doirq
                0x0000000008000a4c       0x30 /home/sumina/nuttxspace/nuttx/staging/libarch.a(arm_doirq.o)
                0x0000000008000a4c                arm_doirq
 .text.arm_hardfault
                0x0000000008000a7c       0x58 /home/sumina/nuttxspace/nuttx/staging/libarch.a(arm_hardfault.o)
                0x0000000008000a7c                arm_hardfault
 .text.arm_svcall
                0x0000000008000ad4       0x24 /home/sumina/nuttxspace/nuttx/staging/libarch.a(arm_svcall.o)
                0x0000000008000ad4                arm_svcall
 .text.up_initialize
                0x0000000008000af8        0x4 /home/sumina/nuttxspace/nuttx/staging/libarch.a(arm_initialize.o)
                0x0000000008000af8                up_initialize
 .text.board_app_initialize
                0x0000000008000afc       0x16 /home/sumina/nuttxspace/nuttx/arch/arm/src/board/libboard.a(stm32_boot.o)
                0x0000000008000afc                board_app_initialize
 .text.stm32_boardinitialize
                0x0000000008000b12        0x4 /home/sumina/nuttxspace/nuttx/arch/arm/src/board/libboard.a(stm32_boot.o)
                0x0000000008000b12                stm32_boardinitialize
 *fill*         0x0000000008000b16        0x2 
 .text.stm32_bringup
                0x0000000008000b18       0x88 /home/sumina/nuttxspace/nuttx/arch/arm/src/board/libboard.a(stm32_bringup.o)
                0x0000000008000b18                stm32_bringup
 .text.stm32_spidev_initialize
                0x0000000008000ba0        0x8 /home/sumina/nuttxspace/nuttx/arch/arm/src/board/libboard.a(stm32_spi.o)
                0x0000000008000ba0                stm32_spidev_initialize
 .text.stm32_spi2select
                0x0000000008000ba8       0x14 /home/sumina/nuttxspace/nuttx/arch/arm/src/board/libboard.a(stm32_spi.o)
                0x0000000008000ba8                stm32_spi2select
 .text.stm32_spi2status
                0x0000000008000bbc        0x4 /home/sumina/nuttxspace/nuttx/arch/arm/src/board/libboard.a(stm32_spi.o)
                0x0000000008000bbc                stm32_spi2status
 .text.board_get_manifest
                0x0000000008000bc0        0x8 /home/sumina/nuttxspace/nuttx/arch/arm/src/board/libboard.a(cubus_mtd.o)
                0x0000000008000bc0                board_get_manifest
 .text.mt25ql_attach
                0x0000000008000bc8       0xe0 /home/sumina/nuttxspace/nuttx/arch/arm/src/board/libboard.a(cubus_mtd.o)
                0x0000000008000bc8                mt25ql_attach
 .text.cubus_mtd_get_geometry
                0x0000000008000ca8       0x60 /home/sumina/nuttxspace/nuttx/arch/arm/src/board/libboard.a(cubus_mtd.o)
                0x0000000008000ca8                cubus_mtd_get_geometry
 .text.cubus_mtd_config
                0x0000000008000d08      0x388 /home/sumina/nuttxspace/nuttx/arch/arm/src/board/libboard.a(cubus_mtd.o)
                0x0000000008000d08                cubus_mtd_config
 .text.cubus_mft_configure
                0x0000000008001090       0x28 /home/sumina/nuttxspace/nuttx/arch/arm/src/board/libboard.a(cubus_mtd.o)
                0x0000000008001090                cubus_mft_configure
 .text.nx_start
                0x00000000080010b8      0x11c /home/sumina/nuttxspace/nuttx/staging/libsched.a(nx_start.o)
                0x00000000080010b8                nx_start
 .text.nx_bringup
                0x00000000080011d4       0x4c /home/sumina/nuttxspace/nuttx/staging/libsched.a(nx_bringup.o)
                0x00000000080011d4                nx_bringup
 .text.irq_initialize
                0x0000000008001220       0x1c /home/sumina/nuttxspace/nuttx/staging/libsched.a(irq_initialize.o)
                0x0000000008001220                irq_initialize
 .text.irq_attach
                0x000000000800123c       0x40 /home/sumina/nuttxspace/nuttx/staging/libsched.a(irq_attach.o)
                0x000000000800123c                irq_attach
 .text.irq_dispatch
                0x000000000800127c       0x3c /home/sumina/nuttxspace/nuttx/staging/libsched.a(irq_dispatch.o)
                0x000000000800127c                irq_dispatch
 .text.irq_unexpected_isr
                0x00000000080012b8       0x18 /home/sumina/nuttxspace/nuttx/staging/libsched.a(irq_unexpectedisr.o)
                0x00000000080012b8                irq_unexpected_isr
 .text.dump_task
                0x00000000080012d0       0x2a /home/sumina/nuttxspace/nuttx/staging/libsched.a(assert.o)
 *fill*         0x00000000080012fa        0x2 
 .text._assert  0x00000000080012fc       0x98 /home/sumina/nuttxspace/nuttx/staging/libsched.a(assert.o)
                0x00000000080012fc                _assert
 .text.panic_notifier_call_chain
                0x0000000008001394       0x30 /home/sumina/nuttxspace/nuttx/staging/libsched.a(panic_notifier.o)
                0x0000000008001394                panic_notifier_call_chain
 .text.register_reboot_notifier
                0x00000000080013c4       0x34 /home/sumina/nuttxspace/nuttx/staging/libsched.a(reboot_notifier.o)
                0x00000000080013c4                register_reboot_notifier
 .text.reboot_notifier_call_chain
                0x00000000080013f8       0x30 /home/sumina/nuttxspace/nuttx/staging/libsched.a(reboot_notifier.o)
                0x00000000080013f8                reboot_notifier_call_chain
 .text.mq_msgblockalloc.constprop.0
                0x0000000008001428       0x26 /home/sumina/nuttxspace/nuttx/staging/libsched.a(mq_initialize.o)
 *fill*         0x000000000800144e        0x2 
 .text.nxmq_initialize
                0x0000000008001450       0x20 /home/sumina/nuttxspace/nuttx/staging/libsched.a(mq_initialize.o)
                0x0000000008001450                nxmq_initialize
 .text.nxmsg_initialize
                0x0000000008001470       0x30 /home/sumina/nuttxspace/nuttx/staging/libsched.a(msginternal.o)
                0x0000000008001470                nxmsg_initialize
 .text.nxsched_foreach
                0x00000000080014a0       0x48 /home/sumina/nuttxspace/nuttx/staging/libsched.a(sched_foreach.o)
                0x00000000080014a0                nxsched_foreach
 .text.sched_lock
                0x00000000080014e8       0x20 /home/sumina/nuttxspace/nuttx/staging/libsched.a(sched_lock.o)
                0x00000000080014e8                sched_lock
 .text.sched_unlock
                0x0000000008001508       0x5c /home/sumina/nuttxspace/nuttx/staging/libsched.a(sched_unlock.o)
                0x0000000008001508                sched_unlock
 .text.nxsched_get_stateinfo
                0x0000000008001564       0x50 /home/sumina/nuttxspace/nuttx/staging/libsched.a(sched_get_stateinfo.o)
                0x0000000008001564                nxsched_get_stateinfo
 .text.nxsig_alloc_pendingsignalblock.constprop.0
                0x00000000080015b4       0x32 /home/sumina/nuttxspace/nuttx/staging/libsched.a(sig_initialize.o)
 .text.nxsig_alloc_block.constprop.0
                0x00000000080015e6       0x32 /home/sumina/nuttxspace/nuttx/staging/libsched.a(sig_initialize.o)
 .text.nxsig_initialize
                0x0000000008001618       0x58 /home/sumina/nuttxspace/nuttx/staging/libsched.a(sig_initialize.o)
                0x0000000008001618                nxsig_initialize
 .text.task_spawn
                0x0000000008001670       0xdc /home/sumina/nuttxspace/nuttx/staging/libsched.a(task_spawn.o)
                0x0000000008001670                task_spawn
 .text.timer_initialize
                0x000000000800174c       0x44 /home/sumina/nuttxspace/nuttx/staging/libsched.a(timer_initialize.o)
                0x000000000800174c                timer_initialize
 .text.timer_deleteall
                0x0000000008001790       0x30 /home/sumina/nuttxspace/nuttx/staging/libsched.a(timer_initialize.o)
                0x0000000008001790                timer_deleteall
 .text.timer_gethandle
                0x00000000080017c0       0x24 /home/sumina/nuttxspace/nuttx/staging/libsched.a(timer_initialize.o)
                0x00000000080017c0                timer_gethandle
 .text.timer_delete
                0x00000000080017e4       0x20 /home/sumina/nuttxspace/nuttx/staging/libsched.a(timer_delete.o)
                0x00000000080017e4                timer_delete
 .text.timer_release
                0x0000000008001804       0x98 /home/sumina/nuttxspace/nuttx/staging/libsched.a(timer_release.o)
                0x0000000008001804                timer_release
 .text.tls_init_info
                0x000000000800189c       0x1c /home/sumina/nuttxspace/nuttx/staging/libsched.a(tls_initinfo.o)
                0x000000000800189c                tls_init_info
 .text.wd_cancel
                0x00000000080018b8       0x5c /home/sumina/nuttxspace/nuttx/staging/libsched.a(wd_cancel.o)
                0x00000000080018b8                wd_cancel
 .text.clock_initialize
                0x0000000008001914        0x4 /home/sumina/nuttxspace/nuttx/staging/libsched.a(clock_initialize.o)
                0x0000000008001914                clock_initialize
 .text.clock_timer
                0x0000000008001918       0x10 /home/sumina/nuttxspace/nuttx/staging/libsched.a(clock_initialize.o)
                0x0000000008001918                clock_timer
 .text.get_environ_ptr
                0x0000000008001928       0x10 /home/sumina/nuttxspace/nuttx/staging/libsched.a(env_getenvironptr.o)
                0x0000000008001928                get_environ_ptr
 .text.setenv   0x0000000008001938       0xe0 /home/sumina/nuttxspace/nuttx/staging/libsched.a(env_setenv.o)
                0x0000000008001938                setenv
 .text.unsetenv
                0x0000000008001a18       0x4c /home/sumina/nuttxspace/nuttx/staging/libsched.a(env_unsetenv.o)
                0x0000000008001a18                unsetenv
 .text.group_allocate
                0x0000000008001a64       0x64 /home/sumina/nuttxspace/nuttx/staging/libsched.a(group_create.o)
                0x0000000008001a64                group_allocate
 .text.group_initialize
                0x0000000008001ac8       0x3c /home/sumina/nuttxspace/nuttx/staging/libsched.a(group_create.o)
                0x0000000008001ac8                group_initialize
 .text.group_setupidlefiles
                0x0000000008001b04       0x30 /home/sumina/nuttxspace/nuttx/staging/libsched.a(group_setupidlefiles.o)
                0x0000000008001b04                group_setupidlefiles
 .text.group_argvstr
                0x0000000008001b34       0x70 /home/sumina/nuttxspace/nuttx/staging/libsched.a(group_argvstr.o)
                0x0000000008001b34                group_argvstr
 .text.nxsched_merge_pending
                0x0000000008001ba4       0x60 /home/sumina/nuttxspace/nuttx/staging/libsched.a(sched_mergepending.o)
                0x0000000008001ba4                nxsched_merge_pending
 .text.nxsched_get_param
                0x0000000008001c04       0x48 /home/sumina/nuttxspace/nuttx/staging/libsched.a(sched_getparam.o)
                0x0000000008001c04                nxsched_get_param
 .text.sched_getparam
                0x0000000008001c4c       0x1a /home/sumina/nuttxspace/nuttx/staging/libsched.a(sched_getparam.o)
                0x0000000008001c4c                sched_getparam
 *fill*         0x0000000008001c66        0x2 
 .text.nxtask_init
                0x0000000008001c68       0xac /home/sumina/nuttxspace/nuttx/staging/libsched.a(task_init.o)
                0x0000000008001c68                nxtask_init
 .text.nxtask_uninit
                0x0000000008001d14       0x28 /home/sumina/nuttxspace/nuttx/staging/libsched.a(task_init.o)
                0x0000000008001d14                nxtask_uninit
 .text.nxthread_setup_scheduler
                0x0000000008001d3c      0x13c /home/sumina/nuttxspace/nuttx/staging/libsched.a(task_setup.o)
 .text.nxtask_setup_scheduler
                0x0000000008001e78        0xe /home/sumina/nuttxspace/nuttx/staging/libsched.a(task_setup.o)
                0x0000000008001e78                nxtask_setup_scheduler
 *fill*         0x0000000008001e86        0x2 
 .text.nxtask_setup_arguments
                0x0000000008001e88       0xd8 /home/sumina/nuttxspace/nuttx/staging/libsched.a(task_setup.o)
                0x0000000008001e88                nxtask_setup_arguments
 .text.nxtask_activate
                0x0000000008001f60       0x30 /home/sumina/nuttxspace/nuttx/staging/libsched.a(task_activate.o)
                0x0000000008001f60                nxtask_activate
 .text.nxtask_start
                0x0000000008001f90       0x44 /home/sumina/nuttxspace/nuttx/staging/libsched.a(task_start.o)
                0x0000000008001f90                nxtask_start
 .text.spawn_execattrs
                0x0000000008001fd4       0x48 /home/sumina/nuttxspace/nuttx/staging/libsched.a(task_spawnparms.o)
                0x0000000008001fd4                spawn_execattrs
 .text.spawn_proxyattrs
                0x000000000800201c       0x14 /home/sumina/nuttxspace/nuttx/staging/libsched.a(task_spawnparms.o)
                0x000000000800201c                spawn_proxyattrs
 .text.spawn_file_actions
                0x0000000008002030       0x78 /home/sumina/nuttxspace/nuttx/staging/libsched.a(task_spawnparms.o)
                0x0000000008002030                spawn_file_actions
 .text._exit    0x00000000080020a8       0x20 /home/sumina/nuttxspace/nuttx/staging/libsched.a(exit.o)
                0x00000000080020a8                _exit
 .text.task_init_info
                0x00000000080020c8       0x1e /home/sumina/nuttxspace/nuttx/staging/libsched.a(task_initinfo.o)
                0x00000000080020c8                task_init_info
 .text.env_dup  0x00000000080020e6       0x94 /home/sumina/nuttxspace/nuttx/staging/libsched.a(env_dup.o)
                0x00000000080020e6                env_dup
 .text.env_findvar
                0x000000000800217a       0x2e /home/sumina/nuttxspace/nuttx/staging/libsched.a(env_findvar.o)
                0x000000000800217a                env_findvar
 .text.env_removevar
                0x00000000080021a8       0x52 /home/sumina/nuttxspace/nuttx/staging/libsched.a(env_removevar.o)
                0x00000000080021a8                env_removevar
 .text.group_drop
                0x00000000080021fa       0x10 /home/sumina/nuttxspace/nuttx/staging/libsched.a(group_leave.o)
                0x00000000080021fa                group_drop
 *fill*         0x000000000800220a        0x2 
 .text.group_leave
                0x000000000800220c       0xc4 /home/sumina/nuttxspace/nuttx/staging/libsched.a(group_leave.o)
                0x000000000800220c                group_leave
 .text.group_setuptaskfiles
                0x00000000080022d0       0x1c /home/sumina/nuttxspace/nuttx/staging/libsched.a(group_setuptaskfiles.o)
                0x00000000080022d0                group_setuptaskfiles
 .text.group_kill_children_handler
                0x00000000080022ec       0x2e /home/sumina/nuttxspace/nuttx/staging/libsched.a(group_killchildren.o)
 *fill*         0x000000000800231a        0x2 
 .text.group_kill_children
                0x000000000800231c       0x2c /home/sumina/nuttxspace/nuttx/staging/libsched.a(group_killchildren.o)
                0x000000000800231c                group_kill_children
 .text.pthread_cancel
                0x0000000008002348       0x48 /home/sumina/nuttxspace/nuttx/staging/libsched.a(pthread_cancel.o)
                0x0000000008002348                pthread_cancel
 .text.pthread_destroyjoin
                0x0000000008002390       0x48 /home/sumina/nuttxspace/nuttx/staging/libsched.a(pthread_completejoin.o)
                0x0000000008002390                pthread_destroyjoin
 .text.pthread_completejoin
                0x00000000080023d8       0xac /home/sumina/nuttxspace/nuttx/staging/libsched.a(pthread_completejoin.o)
                0x00000000080023d8                pthread_completejoin
 .text.pthread_createjoininfo
                0x0000000008002484       0x4c /home/sumina/nuttxspace/nuttx/staging/libsched.a(pthread_findjoininfo.o)
                0x0000000008002484                pthread_createjoininfo
 .text.pthread_findjoininfo
                0x00000000080024d0       0x50 /home/sumina/nuttxspace/nuttx/staging/libsched.a(pthread_findjoininfo.o)
                0x00000000080024d0                pthread_findjoininfo
 .text.pthread_release
                0x0000000008002520       0x30 /home/sumina/nuttxspace/nuttx/staging/libsched.a(pthread_release.o)
                0x0000000008002520                pthread_release
 .text.nxsched_add_readytorun
                0x0000000008002550       0x48 /home/sumina/nuttxspace/nuttx/staging/libsched.a(sched_addreadytorun.o)
                0x0000000008002550                nxsched_add_readytorun
 .text.nxsched_add_prioritized
                0x0000000008002598       0x48 /home/sumina/nuttxspace/nuttx/staging/libsched.a(sched_addprioritized.o)
                0x0000000008002598                nxsched_add_prioritized
 .text.nxsched_remove_blocked
                0x00000000080025e0       0x54 /home/sumina/nuttxspace/nuttx/staging/libsched.a(sched_removeblocked.o)
                0x00000000080025e0                nxsched_remove_blocked
 .text.nxsched_get_tcb
                0x0000000008002634       0x40 /home/sumina/nuttxspace/nuttx/staging/libsched.a(sched_gettcb.o)
                0x0000000008002634                nxsched_get_tcb
 .text.nxsched_release_tcb
                0x0000000008002674       0x58 /home/sumina/nuttxspace/nuttx/staging/libsched.a(sched_releasetcb.o)
                0x0000000008002674                nxsched_release_tcb
 .text.nxsched_set_param
                0x00000000080026cc       0x40 /home/sumina/nuttxspace/nuttx/staging/libsched.a(sched_setparam.o)
                0x00000000080026cc                nxsched_set_param
 .text.sched_setparam
                0x000000000800270c       0x1a /home/sumina/nuttxspace/nuttx/staging/libsched.a(sched_setparam.o)
                0x000000000800270c                sched_setparam
 *fill*         0x0000000008002726        0x2 
 .text.nxsched_set_priority
                0x0000000008002728       0xf8 /home/sumina/nuttxspace/nuttx/staging/libsched.a(sched_setpriority.o)
                0x0000000008002728                nxsched_set_priority
 .text.nxsched_set_scheduler
                0x0000000008002820       0x56 /home/sumina/nuttxspace/nuttx/staging/libsched.a(sched_setscheduler.o)
                0x0000000008002820                nxsched_set_scheduler
 *fill*         0x0000000008002876        0x2 
 .text.nxsched_reprioritize_rtr
                0x0000000008002878       0x34 /home/sumina/nuttxspace/nuttx/staging/libsched.a(sched_reprioritizertr.o)
                0x0000000008002878                nxsched_reprioritize_rtr
 .text.nxsem_destroy
                0x00000000080028ac        0xe /home/sumina/nuttxspace/nuttx/staging/libsched.a(sem_destroy.o)
                0x00000000080028ac                nxsem_destroy
 .text.sem_destroy
                0x00000000080028ba       0x20 /home/sumina/nuttxspace/nuttx/staging/libsched.a(sem_destroy.o)
                0x00000000080028ba                sem_destroy
 *fill*         0x00000000080028da        0x2 
 .text.nxsem_wait
                0x00000000080028dc       0x70 /home/sumina/nuttxspace/nuttx/staging/libsched.a(sem_wait.o)
                0x00000000080028dc                nxsem_wait
 .text.nxsem_wait_uninterruptible
                0x000000000800294c       0x10 /home/sumina/nuttxspace/nuttx/staging/libsched.a(sem_wait.o)
                0x000000000800294c                nxsem_wait_uninterruptible
 .text.nxsig_procmask
                0x000000000800295c       0x74 /home/sumina/nuttxspace/nuttx/staging/libsched.a(sig_procmask.o)
                0x000000000800295c                nxsig_procmask
 .text.nxsig_unmask_pendingsignal
                0x00000000080029d0       0x80 /home/sumina/nuttxspace/nuttx/staging/libsched.a(sig_unmaskpendingsignal.o)
                0x00000000080029d0                nxsig_unmask_pendingsignal
 .text.nxsig_remove_pendingsignal
                0x0000000008002a50       0x3a /home/sumina/nuttxspace/nuttx/staging/libsched.a(sig_removependingsignal.o)
                0x0000000008002a50                nxsig_remove_pendingsignal
 *fill*         0x0000000008002a8a        0x2 
 .text.nxsig_release_pendingsignal
                0x0000000008002a8c       0x4c /home/sumina/nuttxspace/nuttx/staging/libsched.a(sig_releasependingsignal.o)
                0x0000000008002a8c                nxsig_release_pendingsignal
 .text.nxsig_lowest
                0x0000000008002ad8       0x1e /home/sumina/nuttxspace/nuttx/staging/libsched.a(sig_lowest.o)
                0x0000000008002ad8                nxsig_lowest
 .text.nxsig_cleanup
                0x0000000008002af6       0x3c /home/sumina/nuttxspace/nuttx/staging/libsched.a(sig_cleanup.o)
                0x0000000008002af6                nxsig_cleanup
 .text.nxsig_release
                0x0000000008002b32       0x28 /home/sumina/nuttxspace/nuttx/staging/libsched.a(sig_cleanup.o)
                0x0000000008002b32                nxsig_release
 *fill*         0x0000000008002b5a        0x2 
 .text.nxsig_tcbdispatch
                0x0000000008002b5c      0x2a0 /home/sumina/nuttxspace/nuttx/staging/libsched.a(sig_dispatch.o)
                0x0000000008002b5c                nxsig_tcbdispatch
 .text.nxsig_deliver
                0x0000000008002dfc      0x12c /home/sumina/nuttxspace/nuttx/staging/libsched.a(sig_deliver.o)
                0x0000000008002dfc                nxsig_deliver
 .text.nxtask_delete
                0x0000000008002f28       0x5c /home/sumina/nuttxspace/nuttx/staging/libsched.a(task_delete.o)
                0x0000000008002f28                nxtask_delete
 .text.nxtask_exithook
                0x0000000008002f84       0x5a /home/sumina/nuttxspace/nuttx/staging/libsched.a(task_exithook.o)
                0x0000000008002f84                nxtask_exithook
 .text.nxtask_recover
                0x0000000008002fde       0x18 /home/sumina/nuttxspace/nuttx/staging/libsched.a(task_recover.o)
                0x0000000008002fde                nxtask_recover
 .text.nxnotify_cancellation
                0x0000000008002ff6       0x2c /home/sumina/nuttxspace/nuttx/staging/libsched.a(task_cancelpt.o)
                0x0000000008002ff6                nxnotify_cancellation
 .text.nxtask_terminate
                0x0000000008003022       0x48 /home/sumina/nuttxspace/nuttx/staging/libsched.a(task_terminate.o)
                0x0000000008003022                nxtask_terminate
 *fill*         0x000000000800306a        0x2 
 .text.nxsched_gettid
                0x000000000800306c       0x1c /home/sumina/nuttxspace/nuttx/staging/libsched.a(task_gettid.o)
                0x000000000800306c                nxsched_gettid
 .text.task_uninit_info
                0x0000000008003088       0x14 /home/sumina/nuttxspace/nuttx/staging/libsched.a(task_uninitinfo.o)
                0x0000000008003088                task_uninit_info
 .text.wd_recover
                0x000000000800309c        0x6 /home/sumina/nuttxspace/nuttx/staging/libsched.a(wd_recover.o)
                0x000000000800309c                wd_recover
 .text.env_release
                0x00000000080030a2       0x2a /home/sumina/nuttxspace/nuttx/staging/libsched.a(env_release.o)
                0x00000000080030a2                env_release
 .text.group_foreachchild
                0x00000000080030cc       0x22 /home/sumina/nuttxspace/nuttx/staging/libsched.a(group_foreachchild.o)
                0x00000000080030cc                group_foreachchild
 .text.nxmq_recover
                0x00000000080030ee       0x1e /home/sumina/nuttxspace/nuttx/staging/libsched.a(mq_recover.o)
                0x00000000080030ee                nxmq_recover
 .text.nxmq_wait_irq
                0x000000000800310c       0x6c /home/sumina/nuttxspace/nuttx/staging/libsched.a(mq_waitirq.o)
                0x000000000800310c                nxmq_wait_irq
 .text.pthread_sem_give
                0x0000000008003178       0x18 /home/sumina/nuttxspace/nuttx/staging/libsched.a(pthread_initialize.o)
                0x0000000008003178                pthread_sem_give
 .text.nxsched_remove_readytorun
                0x0000000008003190       0x68 /home/sumina/nuttxspace/nuttx/staging/libsched.a(sched_removereadytorun.o)
                0x0000000008003190                nxsched_remove_readytorun
 .text.nxsem_trywait
                0x00000000080031f8       0x34 /home/sumina/nuttxspace/nuttx/staging/libsched.a(sem_trywait.o)
                0x00000000080031f8                nxsem_trywait
 .text.nxsem_timeout
                0x000000000800322c       0x24 /home/sumina/nuttxspace/nuttx/staging/libsched.a(sem_timeout.o)
                0x000000000800322c                nxsem_timeout
 .text.nxsem_post
                0x0000000008003250       0x68 /home/sumina/nuttxspace/nuttx/staging/libsched.a(sem_post.o)
                0x0000000008003250                nxsem_post
 .text.sem_post
                0x00000000080032b8       0x26 /home/sumina/nuttxspace/nuttx/staging/libsched.a(sem_post.o)
                0x00000000080032b8                sem_post
 .text.nxsem_recover
                0x00000000080032de       0x20 /home/sumina/nuttxspace/nuttx/staging/libsched.a(sem_recover.o)
                0x00000000080032de                nxsem_recover
 *fill*         0x00000000080032fe        0x2 
 .text.nxsem_wait_irq
                0x0000000008003300       0x4c /home/sumina/nuttxspace/nuttx/staging/libsched.a(sem_waitirq.o)
                0x0000000008003300                nxsem_wait_irq
 .text.nxsig_release_action
                0x000000000800334c       0x28 /home/sumina/nuttxspace/nuttx/staging/libsched.a(sig_action.o)
                0x000000000800334c                nxsig_release_action
 .text.nxsig_pendingset
                0x0000000008003374       0x44 /home/sumina/nuttxspace/nuttx/staging/libsched.a(sig_pending.o)
                0x0000000008003374                nxsig_pendingset
 .text.nxsig_find_action
                0x00000000080033b8       0x22 /home/sumina/nuttxspace/nuttx/staging/libsched.a(sig_findaction.o)
                0x00000000080033b8                nxsig_find_action
 *fill*         0x00000000080033da        0x2 
 .text.nxsig_alloc_pendingsigaction
                0x00000000080033dc       0x4c /home/sumina/nuttxspace/nuttx/staging/libsched.a(sig_allocpendingsigaction.o)
                0x00000000080033dc                nxsig_alloc_pendingsigaction
 .text.nxsig_release_pendingsigaction
                0x0000000008003428       0x4c /home/sumina/nuttxspace/nuttx/staging/libsched.a(sig_releasependingsigaction.o)
                0x0000000008003428                nxsig_release_pendingsigaction
 .text.wd_start
                0x0000000008003474       0xd8 /home/sumina/nuttxspace/nuttx/staging/libsched.a(wd_start.o)
                0x0000000008003474                wd_start
 .text.wd_timer
                0x000000000800354c       0x40 /home/sumina/nuttxspace/nuttx/staging/libsched.a(wd_start.o)
                0x000000000800354c                wd_timer
 .text.clock_gettime
                0x000000000800358c       0x90 /home/sumina/nuttxspace/nuttx/staging/libsched.a(clock_gettime.o)
                0x000000000800358c                clock_gettime
 .text.clock_systime_timespec
                0x000000000800361c       0x24 /home/sumina/nuttxspace/nuttx/staging/libsched.a(clock_systime_timespec.o)
                0x000000000800361c                clock_systime_timespec
 .text.drivers_initialize
                0x0000000008003640        0xe /home/sumina/nuttxspace/nuttx/staging/libdrivers.a(drivers_initialize.o)
                0x0000000008003640                drivers_initialize
 .text.devnull_read
                0x000000000800364e        0x4 /home/sumina/nuttxspace/nuttx/staging/libdrivers.a(dev_null.o)
 .text.devnull_write
                0x0000000008003652        0x4 /home/sumina/nuttxspace/nuttx/staging/libdrivers.a(dev_null.o)
 .text.devnull_poll
                0x0000000008003656       0x18 /home/sumina/nuttxspace/nuttx/staging/libdrivers.a(dev_null.o)
 *fill*         0x000000000800366e        0x2 
 .text.devnull_register
                0x0000000008003670       0x18 /home/sumina/nuttxspace/nuttx/staging/libdrivers.a(dev_null.o)
                0x0000000008003670                devnull_register
 .text.part_erase
                0x0000000008003688       0x2e /home/sumina/nuttxspace/nuttx/staging/libdrivers.a(mtd_partition.o)
 .text.part_bread
                0x00000000080036b6       0x28 /home/sumina/nuttxspace/nuttx/staging/libdrivers.a(mtd_partition.o)
 .text.part_bwrite
                0x00000000080036de       0x28 /home/sumina/nuttxspace/nuttx/staging/libdrivers.a(mtd_partition.o)
 .text.part_read
                0x0000000008003706       0x40 /home/sumina/nuttxspace/nuttx/staging/libdrivers.a(mtd_partition.o)
 .text.part_ioctl
                0x0000000008003746       0xca /home/sumina/nuttxspace/nuttx/staging/libdrivers.a(mtd_partition.o)
 .text.part_write
                0x0000000008003810       0x40 /home/sumina/nuttxspace/nuttx/staging/libdrivers.a(mtd_partition.o)
 .text.mtd_partition
                0x0000000008003850       0xac /home/sumina/nuttxspace/nuttx/staging/libdrivers.a(mtd_partition.o)
                0x0000000008003850                mtd_partition
 .text.mt25ql_lock
                0x00000000080038fc       0x38 /home/sumina/nuttxspace/nuttx/staging/libdrivers.a(mt25ql.o)
 .text.mt25ql_unlock
                0x0000000008003934        0x8 /home/sumina/nuttxspace/nuttx/staging/libdrivers.a(mt25ql.o)
 .text.mt25ql_readsr.isra.0
                0x000000000800393c       0x3a /home/sumina/nuttxspace/nuttx/staging/libdrivers.a(mt25ql.o)
 .text.mt25ql_waitbusy
                0x0000000008003976       0x2a /home/sumina/nuttxspace/nuttx/staging/libdrivers.a(mt25ql.o)
 .text.mt25ql_read
                0x00000000080039a0       0x80 /home/sumina/nuttxspace/nuttx/staging/libdrivers.a(mt25ql.o)
 .text.mt25ql_bread
                0x0000000008003a20       0x1c /home/sumina/nuttxspace/nuttx/staging/libdrivers.a(mt25ql.o)
 .text.mt25ql_writeenable.isra.0
                0x0000000008003a3c       0x36 /home/sumina/nuttxspace/nuttx/staging/libdrivers.a(mt25ql.o)
 .text.mt25ql_bytewrite
                0x0000000008003a72       0x7c /home/sumina/nuttxspace/nuttx/staging/libdrivers.a(mt25ql.o)
 .text.mt25ql_write
                0x0000000008003aee       0x92 /home/sumina/nuttxspace/nuttx/staging/libdrivers.a(mt25ql.o)
 .text.mt25ql_bwrite
                0x0000000008003b80       0xbc /home/sumina/nuttxspace/nuttx/staging/libdrivers.a(mt25ql.o)
 .text.mt25ql_sectorerase
                0x0000000008003c3c       0x82 /home/sumina/nuttxspace/nuttx/staging/libdrivers.a(mt25ql.o)
 .text.mt25ql_erase
                0x0000000008003cbe       0x70 /home/sumina/nuttxspace/nuttx/staging/libdrivers.a(mt25ql.o)
 .text.mt25ql_ioctl
                0x0000000008003d2e      0x124 /home/sumina/nuttxspace/nuttx/staging/libdrivers.a(mt25ql.o)
 *fill*         0x0000000008003e52        0x2 
 .text.mt25ql_initialize
                0x0000000008003e54      0x138 /home/sumina/nuttxspace/nuttx/staging/libdrivers.a(mt25ql.o)
                0x0000000008003e54                mt25ql_initialize
 .text.uart_putc
                0x0000000008003f8c       0x24 /home/sumina/nuttxspace/nuttx/staging/libdrivers.a(serial.o)
 .text.uart_open
                0x0000000008003fb0       0x8e /home/sumina/nuttxspace/nuttx/staging/libdrivers.a(serial.o)
 .text.uart_poll
                0x000000000800403e       0xd4 /home/sumina/nuttxspace/nuttx/staging/libdrivers.a(serial.o)
 .text.uart_putxmitchar
                0x0000000008004112       0x92 /home/sumina/nuttxspace/nuttx/staging/libdrivers.a(serial.o)
 .text.uart_tcsendbreak
                0x00000000080041a4       0x74 /home/sumina/nuttxspace/nuttx/staging/libdrivers.a(serial.o)
 .text.uart_write
                0x0000000008004218      0x110 /home/sumina/nuttxspace/nuttx/staging/libdrivers.a(serial.o)
 .text.uart_read
                0x0000000008004328      0x1d0 /home/sumina/nuttxspace/nuttx/staging/libdrivers.a(serial.o)
 .text.uart_wakeup
                0x00000000080044f8       0x22 /home/sumina/nuttxspace/nuttx/staging/libdrivers.a(serial.o)
 *fill*         0x000000000800451a        0x2 
 .text.uart_tcdrain.isra.0
                0x000000000800451c       0xa8 /home/sumina/nuttxspace/nuttx/staging/libdrivers.a(serial.o)
 .text.uart_register
                0x00000000080045c4       0x7c /home/sumina/nuttxspace/nuttx/staging/libdrivers.a(serial.o)
                0x00000000080045c4                uart_register
 .text.uart_datareceived
                0x0000000008004640       0x1a /home/sumina/nuttxspace/nuttx/staging/libdrivers.a(serial.o)
                0x0000000008004640                uart_datareceived
 .text.uart_datasent
                0x000000000800465a       0x1a /home/sumina/nuttxspace/nuttx/staging/libdrivers.a(serial.o)
                0x000000000800465a                uart_datasent
 .text.uart_ioctl
                0x0000000008004674      0x1cc /home/sumina/nuttxspace/nuttx/staging/libdrivers.a(serial.o)
 .text.uart_reset_sem
                0x0000000008004840       0x32 /home/sumina/nuttxspace/nuttx/staging/libdrivers.a(serial.o)
                0x0000000008004840                uart_reset_sem
 .text.uart_close
                0x0000000008004872       0x78 /home/sumina/nuttxspace/nuttx/staging/libdrivers.a(serial.o)
 .text.uart_xmitchars
                0x00000000080048ea       0x84 /home/sumina/nuttxspace/nuttx/staging/libdrivers.a(serial_io.o)
                0x00000000080048ea                uart_xmitchars
 .text.uart_recvchars
                0x000000000800496e       0x88 /home/sumina/nuttxspace/nuttx/staging/libdrivers.a(serial_io.o)
                0x000000000800496e                uart_recvchars
 *fill*         0x00000000080049f6        0x2 
 .text.syslog_flush
                0x00000000080049f8       0x18 /home/sumina/nuttxspace/nuttx/staging/libdrivers.a(syslog_flush.o)
                0x00000000080049f8                syslog_flush
 .text.syslog_initialize
                0x0000000008004a10        0x4 /home/sumina/nuttxspace/nuttx/staging/libdrivers.a(syslog_initialize.o)
                0x0000000008004a10                syslog_initialize
 .text.syslog_default_write
                0x0000000008004a14       0x24 /home/sumina/nuttxspace/nuttx/staging/libdrivers.a(syslog_channel.o)
 .text.syslog_default_putc
                0x0000000008004a38        0x6 /home/sumina/nuttxspace/nuttx/staging/libdrivers.a(syslog_channel.o)
 .text.__assert
                0x0000000008004a3e        0xc /home/sumina/nuttxspace/nuttx/staging/libc.a(lib_assert.o)
                0x0000000008004a3e                __assert
 .text.iscntrl  0x0000000008004a4a       0x12 /home/sumina/nuttxspace/nuttx/staging/libc.a(lib_iscntrl.o)
                0x0000000008004a4a                iscntrl
 .text.__errno  0x0000000008004a5c       0x14 /home/sumina/nuttxspace/nuttx/staging/libc.a(lib_errno.o)
                0x0000000008004a5c                __errno
 .text.uname    0x0000000008004a70       0x70 /home/sumina/nuttxspace/nuttx/staging/libc.a(lib_utsname.o)
                0x0000000008004a70                uname
 .text.nxmutex_init
                0x0000000008004ae0       0x2c /home/sumina/nuttxspace/nuttx/staging/libc.a(lib_mutex.o)
                0x0000000008004ae0                nxmutex_init
 .text.nxmutex_destroy
                0x0000000008004b0c       0x1e /home/sumina/nuttxspace/nuttx/staging/libc.a(lib_mutex.o)
                0x0000000008004b0c                nxmutex_destroy
 .text.nxmutex_is_hold
                0x0000000008004b2a       0x10 /home/sumina/nuttxspace/nuttx/staging/libc.a(lib_mutex.o)
                0x0000000008004b2a                nxmutex_is_hold
 .text.nxmutex_is_locked
                0x0000000008004b3a       0x20 /home/sumina/nuttxspace/nuttx/staging/libc.a(lib_mutex.o)
                0x0000000008004b3a                nxmutex_is_locked
 .text.nxmutex_lock
                0x0000000008004b5a       0x24 /home/sumina/nuttxspace/nuttx/staging/libc.a(lib_mutex.o)
                0x0000000008004b5a                nxmutex_lock
 .text.nxmutex_unlock
                0x0000000008004b7e       0x2c /home/sumina/nuttxspace/nuttx/staging/libc.a(lib_mutex.o)
                0x0000000008004b7e                nxmutex_unlock
 .text.nxmutex_reset
                0x0000000008004baa        0xc /home/sumina/nuttxspace/nuttx/staging/libc.a(lib_mutex.o)
                0x0000000008004baa                nxmutex_reset
 .text.nxrmutex_init
                0x0000000008004bb6        0x8 /home/sumina/nuttxspace/nuttx/staging/libc.a(lib_mutex.o)
                0x0000000008004bb6                nxrmutex_init
 .text.nxrmutex_destroy
                0x0000000008004bbe       0x12 /home/sumina/nuttxspace/nuttx/staging/libc.a(lib_mutex.o)
                0x0000000008004bbe                nxrmutex_destroy
 .text.nxrmutex_lock
                0x0000000008004bd0       0x20 /home/sumina/nuttxspace/nuttx/staging/libc.a(lib_mutex.o)
                0x0000000008004bd0                nxrmutex_lock
 .text.nxrmutex_unlock
                0x0000000008004bf0       0x20 /home/sumina/nuttxspace/nuttx/staging/libc.a(lib_mutex.o)
                0x0000000008004bf0                nxrmutex_unlock
 .text.pthread_exit
                0x0000000008004c10       0x16 /home/sumina/nuttxspace/nuttx/staging/libc.a(pthread_exit.o)
                0x0000000008004c10                pthread_exit
 .text.sq_addafter
                0x0000000008004c26       0x26 /home/sumina/nuttxspace/nuttx/staging/libc.a(sq_addafter.o)
                0x0000000008004c26                sq_addafter
 .text.sq_remfirst
                0x0000000008004c4c       0x14 /home/sumina/nuttxspace/nuttx/staging/libc.a(sq_remfirst.o)
                0x0000000008004c4c                sq_remfirst
 .text.sq_remafter
                0x0000000008004c60       0x20 /home/sumina/nuttxspace/nuttx/staging/libc.a(sq_remafter.o)
                0x0000000008004c60                sq_remafter
 .text.dq_remfirst
                0x0000000008004c80       0x1c /home/sumina/nuttxspace/nuttx/staging/libc.a(dq_remfirst.o)
                0x0000000008004c80                dq_remfirst
 .text.clock_ticks2time
                0x0000000008004c9c       0x1c /home/sumina/nuttxspace/nuttx/staging/libc.a(clock_ticks2time.o)
                0x0000000008004c9c                clock_ticks2time
 .text.clock_time2ticks
                0x0000000008004cb8       0x34 /home/sumina/nuttxspace/nuttx/staging/libc.a(clock_time2ticks.o)
                0x0000000008004cb8                clock_time2ticks
 .text.nxtask_startup
                0x0000000008004cec       0x16 /home/sumina/nuttxspace/nuttx/staging/libc.a(task_startup.o)
                0x0000000008004cec                nxtask_startup
 .text.nxsem_init
                0x0000000008004d02       0x10 /home/sumina/nuttxspace/nuttx/staging/libc.a(sem_init.o)
                0x0000000008004d02                nxsem_init
 .text.sem_init
                0x0000000008004d12       0x28 /home/sumina/nuttxspace/nuttx/staging/libc.a(sem_init.o)
                0x0000000008004d12                sem_init
 .text.nxsem_get_value
                0x0000000008004d3a       0x14 /home/sumina/nuttxspace/nuttx/staging/libc.a(sem_getvalue.o)
                0x0000000008004d3a                nxsem_get_value
 .text.sem_getvalue
                0x0000000008004d4e       0x1a /home/sumina/nuttxspace/nuttx/staging/libc.a(sem_getvalue.o)
                0x0000000008004d4e                sem_getvalue
 .text.nxsem_set_protocol
                0x0000000008004d68       0x1c /home/sumina/nuttxspace/nuttx/staging/libc.a(sem_setprotocol.o)
                0x0000000008004d68                nxsem_set_protocol
 .text.sem_setprotocol
                0x0000000008004d84       0x1a /home/sumina/nuttxspace/nuttx/staging/libc.a(sem_setprotocol.o)
                0x0000000008004d84                sem_setprotocol
 .text.nxsig_addset
                0x0000000008004d9e       0x24 /home/sumina/nuttxspace/nuttx/staging/libc.a(sig_addset.o)
                0x0000000008004d9e                nxsig_addset
 .text.sigaddset
                0x0000000008004dc2       0x18 /home/sumina/nuttxspace/nuttx/staging/libc.a(sig_addset.o)
                0x0000000008004dc2                sigaddset
 .text.nxsig_delset
                0x0000000008004dda       0x26 /home/sumina/nuttxspace/nuttx/staging/libc.a(sig_delset.o)
                0x0000000008004dda                nxsig_delset
 .text.sigemptyset
                0x0000000008004e00        0xa /home/sumina/nuttxspace/nuttx/staging/libc.a(sig_emptyset.o)
                0x0000000008004e00                sigemptyset
 .text.sigfillset
                0x0000000008004e0a        0xc /home/sumina/nuttxspace/nuttx/staging/libc.a(sig_fillset.o)
                0x0000000008004e0a                sigfillset
 .text.nxsig_nandset
                0x0000000008004e16       0x1a /home/sumina/nuttxspace/nuttx/staging/libc.a(sig_nandset.o)
                0x0000000008004e16                nxsig_nandset
 .text.sigandset
                0x0000000008004e30       0x16 /home/sumina/nuttxspace/nuttx/staging/libc.a(sig_andset.o)
                0x0000000008004e30                sigandset
 .text.sigorset
                0x0000000008004e46       0x16 /home/sumina/nuttxspace/nuttx/staging/libc.a(sig_orset.o)
                0x0000000008004e46                sigorset
 .text.nxsig_xorset
                0x0000000008004e5c       0x16 /home/sumina/nuttxspace/nuttx/staging/libc.a(sig_xorset.o)
                0x0000000008004e5c                nxsig_xorset
 .text.sigisemptyset
                0x0000000008004e72       0x12 /home/sumina/nuttxspace/nuttx/staging/libc.a(sig_isemptyset.o)
                0x0000000008004e72                sigisemptyset
 .text.nxsig_ismember
                0x0000000008004e84       0x1e /home/sumina/nuttxspace/nuttx/staging/libc.a(sig_ismember.o)
                0x0000000008004e84                nxsig_ismember
 .text.posix_spawnattr_init
                0x0000000008004ea2       0x40 /home/sumina/nuttxspace/nuttx/staging/libc.a(lib_psa_init.o)
                0x0000000008004ea2                posix_spawnattr_init
 .text.printf   0x0000000008004ee2       0x1c /home/sumina/nuttxspace/nuttx/staging/libc.a(lib_printf.o)
                0x0000000008004ee2                printf
 .text.sprintf  0x0000000008004efe       0x2e /home/sumina/nuttxspace/nuttx/staging/libc.a(lib_sprintf.o)
                0x0000000008004efe                sprintf
 .text.snprintf
                0x0000000008004f2c       0x30 /home/sumina/nuttxspace/nuttx/staging/libc.a(lib_snprintf.o)
                0x0000000008004f2c                snprintf
 .text.vdprintf
                0x0000000008004f5c       0x30 /home/sumina/nuttxspace/nuttx/staging/libc.a(lib_vdprintf.o)
                0x0000000008004f5c                vdprintf
 .text.lib_vsprintf
                0x0000000008004f8c       0x14 /home/sumina/nuttxspace/nuttx/staging/libc.a(lib_libvsprintf.o)
                0x0000000008004f8c                lib_vsprintf
 .text.vsprintf_internal.constprop.0
                0x0000000008004fa0      0x524 /home/sumina/nuttxspace/nuttx/staging/libc.a(lib_libvsprintf.o)
 .text.__ultoa_invert
                0x00000000080054c4       0x38 /home/sumina/nuttxspace/nuttx/staging/libc.a(lib_ultoa_invert.o)
                0x00000000080054c4                __ultoa_invert
 .text.unlikely.abort
                0x00000000080054fc        0x8 /home/sumina/nuttxspace/nuttx/staging/libc.a(lib_abort.o)
                0x00000000080054fc                abort
 .text.exit     0x0000000008005504       0x16 /home/sumina/nuttxspace/nuttx/staging/libc.a(lib_exit.o)
                0x0000000008005504                exit
 .text.memoutstream_puts
                0x000000000800551a       0x2e /home/sumina/nuttxspace/nuttx/staging/libc.a(lib_memoutstream.o)
 .text.memoutstream_putc
                0x0000000008005548       0x16 /home/sumina/nuttxspace/nuttx/staging/libc.a(lib_memoutstream.o)
 *fill*         0x000000000800555e        0x2 
 .text.lib_memoutstream
                0x0000000008005560       0x28 /home/sumina/nuttxspace/nuttx/staging/libc.a(lib_memoutstream.o)
                0x0000000008005560                lib_memoutstream
 .text.rawoutstream_puts
                0x0000000008005588       0x2c /home/sumina/nuttxspace/nuttx/staging/libc.a(lib_rawoutstream.o)
 .text.rawoutstream_putc
                0x00000000080055b4       0x16 /home/sumina/nuttxspace/nuttx/staging/libc.a(lib_rawoutstream.o)
 *fill*         0x00000000080055ca        0x2 
 .text.lib_rawoutstream
                0x00000000080055cc       0x20 /home/sumina/nuttxspace/nuttx/staging/libc.a(lib_rawoutstream.o)
                0x00000000080055cc                lib_rawoutstream
 .text.nulloutstream_putc
                0x00000000080055ec        0x8 /home/sumina/nuttxspace/nuttx/staging/libc.a(lib_nulloutstream.o)
 .text.nulloutstream_puts
                0x00000000080055f4        0xc /home/sumina/nuttxspace/nuttx/staging/libc.a(lib_nulloutstream.o)
 .text.lib_nulloutstream
                0x0000000008005600       0x20 /home/sumina/nuttxspace/nuttx/staging/libc.a(lib_nulloutstream.o)
                0x0000000008005600                lib_nulloutstream
 .text.lib_noflush
                0x0000000008005620        0x4 /home/sumina/nuttxspace/nuttx/staging/libc.a(lib_libnoflush.o)
                0x0000000008005620                lib_noflush
 .text.bufferedoutstream_flush
                0x0000000008005624       0x1a /home/sumina/nuttxspace/nuttx/staging/libc.a(lib_bufferedoutstream.o)
 .text.bufferedoutstream_puts
                0x000000000800563e       0x3c /home/sumina/nuttxspace/nuttx/staging/libc.a(lib_bufferedoutstream.o)
 .text.bufferedoutstream_putc
                0x000000000800567a       0x16 /home/sumina/nuttxspace/nuttx/staging/libc.a(lib_bufferedoutstream.o)
 .text.lib_bufferedoutstream
                0x0000000008005690       0x24 /home/sumina/nuttxspace/nuttx/staging/libc.a(lib_bufferedoutstream.o)
                0x0000000008005690                lib_bufferedoutstream
 .text.memset   0x00000000080056b4       0x10 /home/sumina/nuttxspace/nuttx/staging/libc.a(lib_memset.o)
                0x00000000080056b4                memset
 .text.strchr   0x00000000080056c4       0x16 /home/sumina/nuttxspace/nuttx/staging/libc.a(lib_strchr.o)
                0x00000000080056c4                strchr
 .text.strcmp   0x00000000080056da       0x14 /home/sumina/nuttxspace/nuttx/staging/libc.a(lib_strcmp.o)
                0x00000000080056da                strcmp
 .text.strlcpy  0x00000000080056ee       0x38 /home/sumina/nuttxspace/nuttx/staging/libc.a(lib_strlcpy.o)
                0x00000000080056ee                strlcpy
 .text.strlen   0x0000000008005726       0x10 /home/sumina/nuttxspace/nuttx/staging/libc.a(lib_strlen.o)
                0x0000000008005726                strlen
 .text.strnlen  0x0000000008005736       0x1a /home/sumina/nuttxspace/nuttx/staging/libc.a(lib_strnlen.o)
                0x0000000008005736                strnlen
 .text.memcpy   0x0000000008005750       0x1c /home/sumina/nuttxspace/nuttx/staging/libc.a(lib_memcpy.o)
                0x0000000008005750                memcpy
 .text.vsyslog  0x000000000800576c       0x20 /home/sumina/nuttxspace/nuttx/staging/libc.a(lib_syslog.o)
                0x000000000800576c                vsyslog
 .text.syslog   0x000000000800578c       0x1a /home/sumina/nuttxspace/nuttx/staging/libc.a(lib_syslog.o)
                0x000000000800578c                syslog
 *fill*         0x00000000080057a6        0x2 
 .text.cfsetspeed
                0x00000000080057a8       0x44 /home/sumina/nuttxspace/nuttx/staging/libc.a(lib_cfspeed.o)
                0x00000000080057a8                cfsetspeed
 .text.cfgetspeed
                0x00000000080057ec        0x4 /home/sumina/nuttxspace/nuttx/staging/libc.a(lib_cfspeed.o)
                0x00000000080057ec                cfgetspeed
 .text.tls_get_info
                0x00000000080057f0       0x18 /home/sumina/nuttxspace/nuttx/staging/libc.a(tls_getinfo.o)
                0x00000000080057f0                tls_get_info
 .text.tls_destruct
                0x0000000008005808       0x3a /home/sumina/nuttxspace/nuttx/staging/libc.a(tls_destruct.o)
                0x0000000008005808                tls_destruct
 *fill*         0x0000000008005842        0x2 
 .text.usleep   0x0000000008005844       0x30 /home/sumina/nuttxspace/nuttx/staging/libc.a(lib_usleep.o)
                0x0000000008005844                usleep
 .text.gethostname
                0x0000000008005874       0x20 /home/sumina/nuttxspace/nuttx/staging/libc.a(lib_gethostname.o)
                0x0000000008005874                gethostname
 .text.lib_cxx_initialize
                0x0000000008005894        0x2 /home/sumina/nuttxspace/nuttx/staging/libc.a(lib_cxx_initialize.o)
                0x0000000008005894                lib_cxx_initialize
 .text.task_get_info
                0x0000000008005896        0xa /home/sumina/nuttxspace/nuttx/staging/libc.a(task_getinfo.o)
                0x0000000008005896                task_get_info
 .text.umm_initialize
                0x00000000080058a0       0x1c /home/sumina/nuttxspace/nuttx/staging/libmm.a(umm_initialize.o)
                0x00000000080058a0                umm_initialize
 .text.free     0x00000000080058bc       0x10 /home/sumina/nuttxspace/nuttx/staging/libmm.a(umm_free.o)
                0x00000000080058bc                free
 .text.malloc   0x00000000080058cc       0x10 /home/sumina/nuttxspace/nuttx/staging/libmm.a(umm_malloc.o)
                0x00000000080058cc                malloc
 .text.realloc  0x00000000080058dc       0x10 /home/sumina/nuttxspace/nuttx/staging/libmm.a(umm_realloc.o)
                0x00000000080058dc                realloc
 .text.zalloc   0x00000000080058ec       0x10 /home/sumina/nuttxspace/nuttx/staging/libmm.a(umm_zalloc.o)
                0x00000000080058ec                zalloc
 .text.mm_map_initialize
                0x00000000080058fc        0xc /home/sumina/nuttxspace/nuttx/staging/libmm.a(mm_map.o)
                0x00000000080058fc                mm_map_initialize
 .text.mm_map_destroy
                0x0000000008005908       0x30 /home/sumina/nuttxspace/nuttx/staging/libmm.a(mm_map.o)
                0x0000000008005908                mm_map_destroy
 .text.mm_addregion
                0x0000000008005938       0x52 /home/sumina/nuttxspace/nuttx/staging/libmm.a(mm_initialize.o)
                0x0000000008005938                mm_addregion
 .text.mm_initialize
                0x000000000800598a       0x52 /home/sumina/nuttxspace/nuttx/staging/libmm.a(mm_initialize.o)
                0x000000000800598a                mm_initialize
 .text.mm_lock  0x00000000080059dc       0x38 /home/sumina/nuttxspace/nuttx/staging/libmm.a(mm_lock.o)
                0x00000000080059dc                mm_lock
 .text.mm_unlock
                0x0000000008005a14       0x10 /home/sumina/nuttxspace/nuttx/staging/libmm.a(mm_lock.o)
                0x0000000008005a14                mm_unlock
 .text.mm_addfreechunk
                0x0000000008005a24       0x3e /home/sumina/nuttxspace/nuttx/staging/libmm.a(mm_addfreechunk.o)
                0x0000000008005a24                mm_addfreechunk
 .text.mm_size2ndx
                0x0000000008005a62       0x16 /home/sumina/nuttxspace/nuttx/staging/libmm.a(mm_size2ndx.o)
                0x0000000008005a62                mm_size2ndx
 .text.mm_free  0x0000000008005a78       0xb8 /home/sumina/nuttxspace/nuttx/staging/libmm.a(mm_free.o)
                0x0000000008005a78                mm_free
 .text.mm_malloc
                0x0000000008005b30       0xb4 /home/sumina/nuttxspace/nuttx/staging/libmm.a(mm_malloc.o)
                0x0000000008005b30                mm_malloc
 .text.mm_realloc
                0x0000000008005be4      0x1aa /home/sumina/nuttxspace/nuttx/staging/libmm.a(mm_realloc.o)
                0x0000000008005be4                mm_realloc
 .text.mm_zalloc
                0x0000000008005d8e       0x18 /home/sumina/nuttxspace/nuttx/staging/libmm.a(mm_zalloc.o)
                0x0000000008005d8e                mm_zalloc
 .text.mm_shrinkchunk
                0x0000000008005da6       0x6c /home/sumina/nuttxspace/nuttx/staging/libmm.a(mm_shrinkchunk.o)
                0x0000000008005da6                mm_shrinkchunk
 .text          0x0000000008005e12       0x30 /home/sumina/nuttxspace/nuttx/staging/libarch.a(arm_saveusercontext.o)
                0x0000000008005e12                up_saveusercontext
 *fill*         0x0000000008005e42        0x2 
 .text.up_allocate_heap
                0x0000000008005e44       0x18 /home/sumina/nuttxspace/nuttx/staging/libarch.a(stm32_allocateheap.o)
                0x0000000008005e44                up_allocate_heap
 .text.spi_modifycr1
                0x0000000008005e5c       0x10 /home/sumina/nuttxspace/nuttx/staging/libarch.a(stm32_spi.o)
 .text.spi_setfrequency
                0x0000000008005e6c       0x9a /home/sumina/nuttxspace/nuttx/staging/libarch.a(stm32_spi.o)
 .text.spi_send
                0x0000000008005f06       0x26 /home/sumina/nuttxspace/nuttx/staging/libarch.a(stm32_spi.o)
 .text.spi_lock
                0x0000000008005f2c        0xc /home/sumina/nuttxspace/nuttx/staging/libarch.a(stm32_spi.o)
 .text.spi_setmode
                0x0000000008005f38       0x3a /home/sumina/nuttxspace/nuttx/staging/libarch.a(stm32_spi.o)
 .text.spi_setbits
                0x0000000008005f72       0x48 /home/sumina/nuttxspace/nuttx/staging/libarch.a(stm32_spi.o)
 .text.spi_exchange
                0x0000000008005fba       0x4e /home/sumina/nuttxspace/nuttx/staging/libarch.a(stm32_spi.o)
 .text.stm32_spibus_initialize
                0x0000000008006008       0x74 /home/sumina/nuttxspace/nuttx/staging/libarch.a(stm32_spi.o)
                0x0000000008006008                stm32_spibus_initialize
 .text.stm32_timerisr
                0x000000000800607c        0xa /home/sumina/nuttxspace/nuttx/staging/libarch.a(stm32_timerisr.o)
 *fill*         0x0000000008006086        0x2 
 .text.up_timer_initialize
                0x0000000008006088       0x44 /home/sumina/nuttxspace/nuttx/staging/libarch.a(stm32_timerisr.o)
                0x0000000008006088                up_timer_initialize
 .text.up_idle  0x00000000080060cc        0x4 /home/sumina/nuttxspace/nuttx/staging/libarch.a(stm32_idle.o)
                0x00000000080060cc                up_idle
 .text.up_create_stack
                0x00000000080060d0       0x48 /home/sumina/nuttxspace/nuttx/staging/libarch.a(arm_createstack.o)
                0x00000000080060d0                up_create_stack
 .text.up_exit  0x0000000008006118       0x28 /home/sumina/nuttxspace/nuttx/staging/libarch.a(arm_exit.o)
                0x0000000008006118                up_exit
 .text.up_nputs
                0x0000000008006140       0x18 /home/sumina/nuttxspace/nuttx/staging/libarch.a(arm_nputs.o)
                0x0000000008006140                up_nputs
 .text.up_release_stack
                0x0000000008006158       0x24 /home/sumina/nuttxspace/nuttx/staging/libarch.a(arm_releasestack.o)
                0x0000000008006158                up_release_stack
 .text.up_dump_register
                0x000000000800617c        0x2 /home/sumina/nuttxspace/nuttx/staging/libarch.a(arm_registerdump.o)
                0x000000000800617c                up_dump_register
 .text.up_stack_frame
                0x000000000800617e       0x36 /home/sumina/nuttxspace/nuttx/staging/libarch.a(arm_stackframe.o)
                0x000000000800617e                up_stack_frame
 .text.up_switch_context
                0x00000000080061b4       0x24 /home/sumina/nuttxspace/nuttx/staging/libarch.a(arm_switchcontext.o)
                0x00000000080061b4                up_switch_context
 .text.up_use_stack
                0x00000000080061d8       0x28 /home/sumina/nuttxspace/nuttx/staging/libarch.a(arm_usestack.o)
                0x00000000080061d8                up_use_stack
 .text.up_mdelay
                0x0000000008006200       0x2c /home/sumina/nuttxspace/nuttx/staging/libarch.a(arm_mdelay.o)
                0x0000000008006200                up_mdelay
 .text.up_initial_state
                0x000000000800622c       0x60 /home/sumina/nuttxspace/nuttx/staging/libarch.a(arm_initialstate.o)
                0x000000000800622c                up_initial_state
 .text.up_schedule_sigaction
                0x000000000800628c       0x7c /home/sumina/nuttxspace/nuttx/staging/libarch.a(arm_schedulesigaction.o)
                0x000000000800628c                up_schedule_sigaction
 .text.arm_sigdeliver
                0x0000000008006308       0x38 /home/sumina/nuttxspace/nuttx/staging/libarch.a(arm_sigdeliver.o)
                0x0000000008006308                arm_sigdeliver
 .text.nsh_main
                0x0000000008006340       0x40 /home/sumina/nuttxspace/nuttx/staging/libapps.a(nsh_main.c.home.sumina.nuttxspace.apps.system.nsh.o)
                0x0000000008006340                nsh_main
 .text.nsh_initialize
                0x0000000008006380        0xa /home/sumina/nuttxspace/nuttx/staging/libapps.a(nsh_init.c.home.sumina.nuttxspace.apps.nshlib.o)
                0x0000000008006380                nsh_initialize
 .text.nsh_consolemain
                0x000000000800638a       0x20 /home/sumina/nuttxspace/nuttx/staging/libapps.a(nsh_consolemain.c.home.sumina.nuttxspace.apps.nshlib.o)
                0x000000000800638a                nsh_consolemain
 .text.nsh_consolelinebuffer
                0x00000000080063aa        0x6 /home/sumina/nuttxspace/nuttx/staging/libapps.a(nsh_console.c.home.sumina.nuttxspace.apps.nshlib.o)
 .text.nsh_consoleredirect
                0x00000000080063b0       0x14 /home/sumina/nuttxspace/nuttx/staging/libapps.a(nsh_console.c.home.sumina.nuttxspace.apps.nshlib.o)
 .text.nsh_closeifnotclosed
                0x00000000080063c4       0x3a /home/sumina/nuttxspace/nuttx/staging/libapps.a(nsh_console.c.home.sumina.nuttxspace.apps.nshlib.o)
 .text.nsh_consoleundirect
                0x00000000080063fe       0x18 /home/sumina/nuttxspace/nuttx/staging/libapps.a(nsh_console.c.home.sumina.nuttxspace.apps.nshlib.o)
 .text.nsh_consoleoutput
                0x0000000008006416       0x1e /home/sumina/nuttxspace/nuttx/staging/libapps.a(nsh_console.c.home.sumina.nuttxspace.apps.nshlib.o)
 .text.nsh_consoleioctl
                0x0000000008006434        0x8 /home/sumina/nuttxspace/nuttx/staging/libapps.a(nsh_console.c.home.sumina.nuttxspace.apps.nshlib.o)
 .text.nsh_consolewrite
                0x000000000800643c        0x8 /home/sumina/nuttxspace/nuttx/staging/libapps.a(nsh_console.c.home.sumina.nuttxspace.apps.nshlib.o)
 .text.nsh_consolerelease
                0x0000000008006444       0x12 /home/sumina/nuttxspace/nuttx/staging/libapps.a(nsh_console.c.home.sumina.nuttxspace.apps.nshlib.o)
 .text.nsh_consoleexit
                0x0000000008006456        0xe /home/sumina/nuttxspace/nuttx/staging/libapps.a(nsh_console.c.home.sumina.nuttxspace.apps.nshlib.o)
 .text.nsh_newconsole
                0x0000000008006464       0x64 /home/sumina/nuttxspace/nuttx/staging/libapps.a(nsh_console.c.home.sumina.nuttxspace.apps.nshlib.o)
                0x0000000008006464                nsh_newconsole
 .text.nsh_session
                0x00000000080064c8       0xf0 /home/sumina/nuttxspace/nuttx/staging/libapps.a(nsh_session.c.home.sumina.nuttxspace.apps.nshlib.o)
                0x00000000080064c8                nsh_session
 .text.readline_write
                0x00000000080065b8        0xc /home/sumina/nuttxspace/nuttx/staging/libapps.a(readline_fd.c.home.sumina.nuttxspace.apps.system.readline.o)
 .text.readline_putc
                0x00000000080065c4       0x2c /home/sumina/nuttxspace/nuttx/staging/libapps.a(readline_fd.c.home.sumina.nuttxspace.apps.system.readline.o)
 .text.readline_getc
                0x00000000080065f0       0x30 /home/sumina/nuttxspace/nuttx/staging/libapps.a(readline_fd.c.home.sumina.nuttxspace.apps.system.readline.o)
 .text.readline_fd
                0x0000000008006620       0x30 /home/sumina/nuttxspace/nuttx/staging/libapps.a(readline_fd.c.home.sumina.nuttxspace.apps.system.readline.o)
                0x0000000008006620                readline_fd
 .text.readline_common
                0x0000000008006650       0xc0 /home/sumina/nuttxspace/nuttx/staging/libapps.a(readline_common.c.home.sumina.nuttxspace.apps.system.readline.o)
                0x0000000008006650                readline_common
 .text.nsh_argument.isra.0
                0x0000000008006710      0x140 /home/sumina/nuttxspace/nuttx/staging/libapps.a(nsh_parse.c.home.sumina.nuttxspace.apps.nshlib.o)
 .text.nsh_parse_command
                0x0000000008006850      0x190 /home/sumina/nuttxspace/nuttx/staging/libapps.a(nsh_parse.c.home.sumina.nuttxspace.apps.nshlib.o)
 .text.nsh_parse
                0x00000000080069e0       0x64 /home/sumina/nuttxspace/nuttx/staging/libapps.a(nsh_parse.c.home.sumina.nuttxspace.apps.nshlib.o)
                0x00000000080069e0                nsh_parse
 .text.nsh_script
                0x0000000008006a44       0xa8 /home/sumina/nuttxspace/nuttx/staging/libapps.a(nsh_script.c.home.sumina.nuttxspace.apps.nshlib.o)
                0x0000000008006a44                nsh_script
 .text.cmd_true
                0x0000000008006aec        0x4 /home/sumina/nuttxspace/nuttx/staging/libapps.a(nsh_command.c.home.sumina.nuttxspace.apps.nshlib.o)
 .text.cmd_false
                0x0000000008006af0        0x6 /home/sumina/nuttxspace/nuttx/staging/libapps.a(nsh_command.c.home.sumina.nuttxspace.apps.nshlib.o)
 .text.cmd_exit
                0x0000000008006af6        0x8 /home/sumina/nuttxspace/nuttx/staging/libapps.a(nsh_command.c.home.sumina.nuttxspace.apps.nshlib.o)
 *fill*         0x0000000008006afe        0x2 
 .text.help_showcmd
                0x0000000008006b00       0x24 /home/sumina/nuttxspace/nuttx/staging/libapps.a(nsh_command.c.home.sumina.nuttxspace.apps.nshlib.o)
 .text.help_cmd
                0x0000000008006b24       0x40 /home/sumina/nuttxspace/nuttx/staging/libapps.a(nsh_command.c.home.sumina.nuttxspace.apps.nshlib.o)
 .text.cmd_help
                0x0000000008006b64      0x154 /home/sumina/nuttxspace/nuttx/staging/libapps.a(nsh_command.c.home.sumina.nuttxspace.apps.nshlib.o)
 .text.cmd_unrecognized
                0x0000000008006cb8        0x6 /home/sumina/nuttxspace/nuttx/staging/libapps.a(nsh_command.c.home.sumina.nuttxspace.apps.nshlib.o)
 *fill*         0x0000000008006cbe        0x2 
 .text.nsh_command
                0x0000000008006cc0       0x50 /home/sumina/nuttxspace/nuttx/staging/libapps.a(nsh_command.c.home.sumina.nuttxspace.apps.nshlib.o)
                0x0000000008006cc0                nsh_command
 .text.unlink_recursive
                0x0000000008006d10       0xcc /home/sumina/nuttxspace/nuttx/staging/libapps.a(nsh_fscmds.c.home.sumina.nuttxspace.apps.nshlib.o)
 .text.ls_specialdir
                0x0000000008006ddc       0x28 /home/sumina/nuttxspace/nuttx/staging/libapps.a(nsh_fscmds.c.home.sumina.nuttxspace.apps.nshlib.o)
 .text.ls_handler
                0x0000000008006e04      0x168 /home/sumina/nuttxspace/nuttx/staging/libapps.a(nsh_fscmds.c.home.sumina.nuttxspace.apps.nshlib.o)
 .text.ls_recursive
                0x0000000008006f6c       0x70 /home/sumina/nuttxspace/nuttx/staging/libapps.a(nsh_fscmds.c.home.sumina.nuttxspace.apps.nshlib.o)
 .text.cmd_cat  0x0000000008006fdc       0x46 /home/sumina/nuttxspace/nuttx/staging/libapps.a(nsh_fscmds.c.home.sumina.nuttxspace.apps.nshlib.o)
                0x0000000008006fdc                cmd_cat
 .text.cmd_cp   0x0000000008007022      0x112 /home/sumina/nuttxspace/nuttx/staging/libapps.a(nsh_fscmds.c.home.sumina.nuttxspace.apps.nshlib.o)
                0x0000000008007022                cmd_cp
 .text.cmd_ls   0x0000000008007134      0x11c /home/sumina/nuttxspace/nuttx/staging/libapps.a(nsh_fscmds.c.home.sumina.nuttxspace.apps.nshlib.o)
                0x0000000008007134                cmd_ls
 .text.cmd_mkdir
                0x0000000008007250       0xa0 /home/sumina/nuttxspace/nuttx/staging/libapps.a(nsh_fscmds.c.home.sumina.nuttxspace.apps.nshlib.o)
                0x0000000008007250                cmd_mkdir
 .text.cmd_rm   0x00000000080072f0       0x64 /home/sumina/nuttxspace/nuttx/staging/libapps.a(nsh_fscmds.c.home.sumina.nuttxspace.apps.nshlib.o)
                0x00000000080072f0                cmd_rm
 .text.dd_read  0x0000000008007354       0x46 /home/sumina/nuttxspace/nuttx/staging/libapps.a(nsh_ddcmd.c.home.sumina.nuttxspace.apps.nshlib.o)
 *fill*         0x000000000800739a        0x2 
 .text.cmd_dd   0x000000000800739c      0x304 /home/sumina/nuttxspace/nuttx/staging/libapps.a(nsh_ddcmd.c.home.sumina.nuttxspace.apps.nshlib.o)
                0x000000000800739c                cmd_dd
 .text.cmd_exec
                0x00000000080076a0       0x3c /home/sumina/nuttxspace/nuttx/staging/libapps.a(nsh_proccmds.c.home.sumina.nuttxspace.apps.nshlib.o)
                0x00000000080076a0                cmd_exec
 .text.cmd_sleep
                0x00000000080076dc       0x2c /home/sumina/nuttxspace/nuttx/staging/libapps.a(nsh_proccmds.c.home.sumina.nuttxspace.apps.nshlib.o)
                0x00000000080076dc                cmd_sleep
 .text.nsh_getcwd
                0x0000000008007708       0x1c /home/sumina/nuttxspace/nuttx/staging/libapps.a(nsh_envcmds.c.home.sumina.nuttxspace.apps.nshlib.o)
                0x0000000008007708                nsh_getcwd
 .text.nsh_getfullpath
                0x0000000008007724       0x48 /home/sumina/nuttxspace/nuttx/staging/libapps.a(nsh_envcmds.c.home.sumina.nuttxspace.apps.nshlib.o)
                0x0000000008007724                nsh_getfullpath
 .text.nsh_freefullpath
                0x000000000800776c        0x8 /home/sumina/nuttxspace/nuttx/staging/libapps.a(nsh_envcmds.c.home.sumina.nuttxspace.apps.nshlib.o)
                0x000000000800776c                nsh_freefullpath
 .text.cmd_cd   0x0000000008007774       0x9c /home/sumina/nuttxspace/nuttx/staging/libapps.a(nsh_envcmds.c.home.sumina.nuttxspace.apps.nshlib.o)
                0x0000000008007774                cmd_cd
 .text.cmd_echo
                0x0000000008007810      0x1a0 /home/sumina/nuttxspace/nuttx/staging/libapps.a(nsh_envcmds.c.home.sumina.nuttxspace.apps.nshlib.o)
                0x0000000008007810                cmd_echo
 .text.cmd_pwd  0x00000000080079b0       0x1c /home/sumina/nuttxspace/nuttx/staging/libapps.a(nsh_envcmds.c.home.sumina.nuttxspace.apps.nshlib.o)
                0x00000000080079b0                cmd_pwd
 .text.cmd_uname
                0x00000000080079cc      0x134 /home/sumina/nuttxspace/nuttx/staging/libapps.a(nsh_syscmds.c.home.sumina.nuttxspace.apps.nshlib.o)
                0x00000000080079cc                cmd_uname
 .text.nsh_dumpbuffer
                0x0000000008007b00       0xcc /home/sumina/nuttxspace/nuttx/staging/libapps.a(nsh_dbgcmds.c.home.sumina.nuttxspace.apps.nshlib.o)
                0x0000000008007b00                nsh_dumpbuffer
 .text.cmd_xd   0x0000000008007bcc       0x58 /home/sumina/nuttxspace/nuttx/staging/libapps.a(nsh_dbgcmds.c.home.sumina.nuttxspace.apps.nshlib.o)
                0x0000000008007bcc                cmd_xd
 .text.cmd_hexdump
                0x0000000008007c24       0x88 /home/sumina/nuttxspace/nuttx/staging/libapps.a(nsh_dbgcmds.c.home.sumina.nuttxspace.apps.nshlib.o)
                0x0000000008007c24                cmd_hexdump
 .text.nsh_catfile
                0x0000000008007cac       0x80 /home/sumina/nuttxspace/nuttx/staging/libapps.a(nsh_fsutils.c.home.sumina.nuttxspace.apps.nshlib.o)
                0x0000000008007cac                nsh_catfile
 .text.nsh_foreach_direntry
                0x0000000008007d2c       0x40 /home/sumina/nuttxspace/nuttx/staging/libapps.a(nsh_fsutils.c.home.sumina.nuttxspace.apps.nshlib.o)
                0x0000000008007d2c                nsh_foreach_direntry
 .text.nsh_trimdir
                0x0000000008007d6c       0x24 /home/sumina/nuttxspace/nuttx/staging/libapps.a(nsh_fsutils.c.home.sumina.nuttxspace.apps.nshlib.o)
                0x0000000008007d6c                nsh_trimdir
 .text.nsh_getdirpath
                0x0000000008007d90       0x4c /home/sumina/nuttxspace/nuttx/staging/libapps.a(nsh_fsutils.c.home.sumina.nuttxspace.apps.nshlib.o)
                0x0000000008007d90                nsh_getdirpath
 .text.cmd_mount
                0x0000000008007ddc       0xec /home/sumina/nuttxspace/nuttx/staging/libapps.a(nsh_mntcmds.c.home.sumina.nuttxspace.apps.nshlib.o)
                0x0000000008007ddc                cmd_mount
 .text.cmd_umount
                0x0000000008007ec8       0x24 /home/sumina/nuttxspace/nuttx/staging/libapps.a(nsh_mntcmds.c.home.sumina.nuttxspace.apps.nshlib.o)
                0x0000000008007ec8                cmd_umount
 .text.expression
                0x0000000008007eec      0x318 /home/sumina/nuttxspace/nuttx/staging/libapps.a(nsh_test.c.home.sumina.nuttxspace.apps.nshlib.o)
 .text.cmd_test
                0x0000000008008204        0x8 /home/sumina/nuttxspace/nuttx/staging/libapps.a(nsh_test.c.home.sumina.nuttxspace.apps.nshlib.o)
                0x0000000008008204                cmd_test
 .text.cmd_lbracket
                0x000000000800820c       0x34 /home/sumina/nuttxspace/nuttx/staging/libapps.a(nsh_test.c.home.sumina.nuttxspace.apps.nshlib.o)
                0x000000000800820c                cmd_lbracket
 .text.sync_reboot_handler
                0x0000000008008240       0x12 /home/sumina/nuttxspace/nuttx/staging/libfs.a(fs_initialize.o)
 *fill*         0x0000000008008252        0x2 
 .text.fs_initialize
                0x0000000008008254       0x14 /home/sumina/nuttxspace/nuttx/staging/libfs.a(fs_initialize.o)
                0x0000000008008254                fs_initialize
 .text.task_fssync
                0x0000000008008268       0x4e /home/sumina/nuttxspace/nuttx/staging/libfs.a(fs_files.o)
 .text.files_extend
                0x00000000080082b6       0x60 /home/sumina/nuttxspace/nuttx/staging/libfs.a(fs_files.o)
 .text.files_initlist
                0x0000000008008316        0x4 /home/sumina/nuttxspace/nuttx/staging/libfs.a(fs_files.o)
                0x0000000008008316                files_initlist
 .text.files_releaselist
                0x000000000800831a       0x3a /home/sumina/nuttxspace/nuttx/staging/libfs.a(fs_files.o)
                0x000000000800831a                files_releaselist
 .text.file_allocate_from_tcb
                0x0000000008008354      0x122 /home/sumina/nuttxspace/nuttx/staging/libfs.a(fs_files.o)
                0x0000000008008354                file_allocate_from_tcb
 .text.files_duplist
                0x0000000008008476       0x78 /home/sumina/nuttxspace/nuttx/staging/libfs.a(fs_files.o)
                0x0000000008008476                files_duplist
 .text.fs_getfilep
                0x00000000080084ee       0x5c /home/sumina/nuttxspace/nuttx/staging/libfs.a(fs_files.o)
                0x00000000080084ee                fs_getfilep
 .text.nx_dup2_from_tcb
                0x000000000800854a       0xba /home/sumina/nuttxspace/nuttx/staging/libfs.a(fs_files.o)
                0x000000000800854a                nx_dup2_from_tcb
 .text.nx_dup2  0x0000000008008604       0x16 /home/sumina/nuttxspace/nuttx/staging/libfs.a(fs_files.o)
                0x0000000008008604                nx_dup2
 .text.nx_close_from_tcb
                0x000000000800861a       0x72 /home/sumina/nuttxspace/nuttx/staging/libfs.a(fs_files.o)
                0x000000000800861a                nx_close_from_tcb
 .text.nx_close
                0x000000000800868c       0x12 /home/sumina/nuttxspace/nuttx/staging/libfs.a(fs_files.o)
                0x000000000800868c                nx_close
 .text.close    0x000000000800869e       0x1a /home/sumina/nuttxspace/nuttx/staging/libfs.a(fs_files.o)
                0x000000000800869e                close
 .text.sync     0x00000000080086b8        0xc /home/sumina/nuttxspace/nuttx/staging/libfs.a(fs_files.o)
                0x00000000080086b8                sync
 .text.inode_initialize
                0x00000000080086c4        0x4 /home/sumina/nuttxspace/nuttx/staging/libfs.a(fs_inode.o)
                0x00000000080086c4                inode_initialize
 .text.inode_lock
                0x00000000080086c8        0xc /home/sumina/nuttxspace/nuttx/staging/libfs.a(fs_inode.o)
                0x00000000080086c8                inode_lock
 .text.inode_unlock
                0x00000000080086d4        0xc /home/sumina/nuttxspace/nuttx/staging/libfs.a(fs_inode.o)
                0x00000000080086d4                inode_unlock
 .text.inode_addref
                0x00000000080086e0       0x20 /home/sumina/nuttxspace/nuttx/staging/libfs.a(fs_inodeaddref.o)
                0x00000000080086e0                inode_addref
 .text.inode_alloc.isra.0
                0x0000000008008700       0x4c /home/sumina/nuttxspace/nuttx/staging/libfs.a(fs_inodereserve.o)
 .text.inode_root_reserve
                0x000000000800874c       0x18 /home/sumina/nuttxspace/nuttx/staging/libfs.a(fs_inodereserve.o)
                0x000000000800874c                inode_root_reserve
 .text.inode_reserve
                0x0000000008008764       0xa4 /home/sumina/nuttxspace/nuttx/staging/libfs.a(fs_inodereserve.o)
                0x0000000008008764                inode_reserve
 .text.inode_nextname
                0x0000000008008808       0x24 /home/sumina/nuttxspace/nuttx/staging/libfs.a(fs_inodesearch.o)
                0x0000000008008808                inode_nextname
 .text.inode_search
                0x000000000800882c       0xd0 /home/sumina/nuttxspace/nuttx/staging/libfs.a(fs_inodesearch.o)
                0x000000000800882c                inode_search
 .text.file_close
                0x00000000080088fc       0x2c /home/sumina/nuttxspace/nuttx/staging/libfs.a(fs_close.o)
                0x00000000080088fc                file_close
 .text.file_dup2
                0x0000000008008928       0x90 /home/sumina/nuttxspace/nuttx/staging/libfs.a(fs_dup2.o)
                0x0000000008008928                file_dup2
 .text.file_vioctl
                0x00000000080089b8      0x134 /home/sumina/nuttxspace/nuttx/staging/libfs.a(fs_ioctl.o)
 .text.ioctl    0x0000000008008aec       0x36 /home/sumina/nuttxspace/nuttx/staging/libfs.a(fs_ioctl.o)
                0x0000000008008aec                ioctl
 .text.file_seek
                0x0000000008008b22       0x40 /home/sumina/nuttxspace/nuttx/staging/libfs.a(fs_lseek.o)
                0x0000000008008b22                file_seek
 .text.nx_seek  0x0000000008008b62       0x1e /home/sumina/nuttxspace/nuttx/staging/libfs.a(fs_lseek.o)
                0x0000000008008b62                nx_seek
 .text.lseek    0x0000000008008b80       0x1a /home/sumina/nuttxspace/nuttx/staging/libfs.a(fs_lseek.o)
                0x0000000008008b80                lseek
 .text.mkdir    0x0000000008008b9a       0x94 /home/sumina/nuttxspace/nuttx/staging/libfs.a(fs_mkdir.o)
                0x0000000008008b9a                mkdir
 .text.inode_checkflags
                0x0000000008008c2e       0x36 /home/sumina/nuttxspace/nuttx/staging/libfs.a(fs_open.o)
                0x0000000008008c2e                inode_checkflags
 .text.file_vopen
                0x0000000008008c64       0xfa /home/sumina/nuttxspace/nuttx/staging/libfs.a(fs_open.o)
 .text.nx_vopen
                0x0000000008008d5e       0x48 /home/sumina/nuttxspace/nuttx/staging/libfs.a(fs_open.o)
 .text.file_open
                0x0000000008008da6       0x1e /home/sumina/nuttxspace/nuttx/staging/libfs.a(fs_open.o)
                0x0000000008008da6                file_open
 .text.nx_open_from_tcb
                0x0000000008008dc4       0x1a /home/sumina/nuttxspace/nuttx/staging/libfs.a(fs_open.o)
                0x0000000008008dc4                nx_open_from_tcb
 .text.nx_open  0x0000000008008dde       0x26 /home/sumina/nuttxspace/nuttx/staging/libfs.a(fs_open.o)
                0x0000000008008dde                nx_open
 .text.open     0x0000000008008e04       0x38 /home/sumina/nuttxspace/nuttx/staging/libfs.a(fs_open.o)
                0x0000000008008e04                open
 .text.poll_notify
                0x0000000008008e3c       0x3e /home/sumina/nuttxspace/nuttx/staging/libfs.a(fs_poll.o)
                0x0000000008008e3c                poll_notify
 .text.file_read
                0x0000000008008e7a       0x26 /home/sumina/nuttxspace/nuttx/staging/libfs.a(fs_read.o)
                0x0000000008008e7a                file_read
 .text.nx_read  0x0000000008008ea0       0x1e /home/sumina/nuttxspace/nuttx/staging/libfs.a(fs_read.o)
                0x0000000008008ea0                nx_read
 .text.read     0x0000000008008ebe       0x1a /home/sumina/nuttxspace/nuttx/staging/libfs.a(fs_read.o)
                0x0000000008008ebe                read
 .text.rmdir    0x0000000008008ed8       0x80 /home/sumina/nuttxspace/nuttx/staging/libfs.a(fs_rmdir.o)
                0x0000000008008ed8                rmdir
 .text.inode_stat
                0x0000000008008f58       0xc2 /home/sumina/nuttxspace/nuttx/staging/libfs.a(fs_stat.o)
                0x0000000008008f58                inode_stat
 .text.nx_stat  0x000000000800901a       0x7e /home/sumina/nuttxspace/nuttx/staging/libfs.a(fs_stat.o)
                0x000000000800901a                nx_stat
 .text.stat     0x0000000008009098       0x1c /home/sumina/nuttxspace/nuttx/staging/libfs.a(fs_stat.o)
                0x0000000008009098                stat
 .text.lstat    0x00000000080090b4       0x1c /home/sumina/nuttxspace/nuttx/staging/libfs.a(fs_stat.o)
                0x00000000080090b4                lstat
 .text.nx_unlink
                0x00000000080090d0       0x72 /home/sumina/nuttxspace/nuttx/staging/libfs.a(fs_unlink.o)
                0x00000000080090d0                nx_unlink
 .text.unlink   0x0000000008009142       0x1c /home/sumina/nuttxspace/nuttx/staging/libfs.a(fs_unlink.o)
                0x0000000008009142                unlink
 .text.file_write
                0x000000000800915e       0x26 /home/sumina/nuttxspace/nuttx/staging/libfs.a(fs_write.o)
                0x000000000800915e                file_write
 .text.nx_write
                0x0000000008009184       0x26 /home/sumina/nuttxspace/nuttx/staging/libfs.a(fs_write.o)
                0x0000000008009184                nx_write
 .text.write    0x00000000080091aa       0x1a /home/sumina/nuttxspace/nuttx/staging/libfs.a(fs_write.o)
                0x00000000080091aa                write
 .text.dir_ioctl
                0x00000000080091c4       0x24 /home/sumina/nuttxspace/nuttx/staging/libfs.a(fs_dir.o)
 .text.dir_read
                0x00000000080091e8       0xc2 /home/sumina/nuttxspace/nuttx/staging/libfs.a(fs_dir.o)
 .text.dir_close
                0x00000000080092aa       0x46 /home/sumina/nuttxspace/nuttx/staging/libfs.a(fs_dir.o)
 .text.dir_seek
                0x00000000080092f0       0xae /home/sumina/nuttxspace/nuttx/staging/libfs.a(fs_dir.o)
 *fill*         0x000000000800939e        0x2 
 .text.dir_allocate
                0x00000000080093a0       0x94 /home/sumina/nuttxspace/nuttx/staging/libfs.a(fs_dir.o)
                0x00000000080093a0                dir_allocate
 .text.dir_open
                0x0000000008009434        0x8 /home/sumina/nuttxspace/nuttx/staging/libfs.a(fs_dir.o)
 .text.file_fsync
                0x000000000800943c       0x38 /home/sumina/nuttxspace/nuttx/staging/libfs.a(fs_fsync.o)
                0x000000000800943c                file_fsync
 .text.register_driver
                0x0000000008009474       0x42 /home/sumina/nuttxspace/nuttx/staging/libfs.a(fs_registerdriver.o)
                0x0000000008009474                register_driver
 .text.register_mtddriver
                0x00000000080094b6       0x42 /home/sumina/nuttxspace/nuttx/staging/libfs.a(fs_registermtddriver.o)
                0x00000000080094b6                register_mtddriver
 .text.nx_mount
                0x00000000080094f8       0xec /home/sumina/nuttxspace/nuttx/staging/libfs.a(fs_mount.o)
                0x00000000080094f8                nx_mount
 .text.mount    0x00000000080095e4       0x20 /home/sumina/nuttxspace/nuttx/staging/libfs.a(fs_mount.o)
                0x00000000080095e4                mount
 .text.nx_umount2
                0x0000000008009604       0xac /home/sumina/nuttxspace/nuttx/staging/libfs.a(fs_umount2.o)
                0x0000000008009604                nx_umount2
 .text.umount2  0x00000000080096b0       0x1a /home/sumina/nuttxspace/nuttx/staging/libfs.a(fs_umount2.o)
                0x00000000080096b0                umount2
 .text.littlefs_convert_result
                0x00000000080096ca       0x18 /home/sumina/nuttxspace/nuttx/staging/libfs.a(lfs_vfs.o)
 .text.littlefs_ioctl
                0x00000000080096e2       0x30 /home/sumina/nuttxspace/nuttx/staging/libfs.a(lfs_vfs.o)
 .text.littlefs_read_block
                0x0000000008009712       0x4a /home/sumina/nuttxspace/nuttx/staging/libfs.a(lfs_vfs.o)
 .text.littlefs_write_block
                0x000000000800975c       0x4a /home/sumina/nuttxspace/nuttx/staging/libfs.a(lfs_vfs.o)
 .text.littlefs_erase_block
                0x00000000080097a6       0x38 /home/sumina/nuttxspace/nuttx/staging/libfs.a(lfs_vfs.o)
 .text.littlefs_sync_block
                0x00000000080097de       0x3c /home/sumina/nuttxspace/nuttx/staging/libfs.a(lfs_vfs.o)
 .text.littlefs_stat
                0x000000000800981a       0x6c /home/sumina/nuttxspace/nuttx/staging/libfs.a(lfs_vfs.o)
 .text.littlefs_dup
                0x0000000008009886       0x26 /home/sumina/nuttxspace/nuttx/staging/libfs.a(lfs_vfs.o)
 .text.littlefs_rename
                0x00000000080098ac       0x2e /home/sumina/nuttxspace/nuttx/staging/libfs.a(lfs_vfs.o)
 .text.littlefs_mkdir
                0x00000000080098da       0x26 /home/sumina/nuttxspace/nuttx/staging/libfs.a(lfs_vfs.o)
 .text.littlefs_unlink
                0x0000000008009900       0x2a /home/sumina/nuttxspace/nuttx/staging/libfs.a(lfs_vfs.o)
 .text.littlefs_rmdir
                0x000000000800992a       0x30 /home/sumina/nuttxspace/nuttx/staging/libfs.a(lfs_vfs.o)
 *fill*         0x000000000800995a        0x2 
 .text.littlefs_statfs
                0x000000000800995c       0x54 /home/sumina/nuttxspace/nuttx/staging/libfs.a(lfs_vfs.o)
 .text.littlefs_unbind
                0x00000000080099b0       0x50 /home/sumina/nuttxspace/nuttx/staging/libfs.a(lfs_vfs.o)
 .text.littlefs_bind
                0x0000000008009a00      0x190 /home/sumina/nuttxspace/nuttx/staging/libfs.a(lfs_vfs.o)
 .text.littlefs_rewinddir
                0x0000000008009b90       0x2c /home/sumina/nuttxspace/nuttx/staging/libfs.a(lfs_vfs.o)
 .text.littlefs_readdir
                0x0000000008009bbc       0x58 /home/sumina/nuttxspace/nuttx/staging/libfs.a(lfs_vfs.o)
 .text.littlefs_closedir
                0x0000000008009c14       0x2c /home/sumina/nuttxspace/nuttx/staging/libfs.a(lfs_vfs.o)
 .text.littlefs_opendir
                0x0000000008009c40       0x56 /home/sumina/nuttxspace/nuttx/staging/libfs.a(lfs_vfs.o)
 .text.littlefs_fstat
                0x0000000008009c96       0x5a /home/sumina/nuttxspace/nuttx/staging/libfs.a(lfs_vfs.o)
 .text.littlefs_sync
                0x0000000008009cf0       0x2c /home/sumina/nuttxspace/nuttx/staging/libfs.a(lfs_vfs.o)
 .text.littlefs_truncate
                0x0000000008009d1c       0x30 /home/sumina/nuttxspace/nuttx/staging/libfs.a(lfs_vfs.o)
 .text.littlefs_seek
                0x0000000008009d4c       0x3e /home/sumina/nuttxspace/nuttx/staging/libfs.a(lfs_vfs.o)
 .text.littlefs_write
                0x0000000008009d8a       0x62 /home/sumina/nuttxspace/nuttx/staging/libfs.a(lfs_vfs.o)
 .text.littlefs_read
                0x0000000008009dec       0x62 /home/sumina/nuttxspace/nuttx/staging/libfs.a(lfs_vfs.o)
 .text.littlefs_close
                0x0000000008009e4e       0x42 /home/sumina/nuttxspace/nuttx/staging/libfs.a(lfs_vfs.o)
 .text.littlefs_open
                0x0000000008009e90       0xc6 /home/sumina/nuttxspace/nuttx/staging/libfs.a(lfs_vfs.o)
 .text.lfs_pair_isnull
                0x0000000008009f56       0x14 /home/sumina/nuttxspace/nuttx/staging/libfs.a(lfs.o)
 .text.lfs_pair_cmp
                0x0000000008009f6a       0x22 /home/sumina/nuttxspace/nuttx/staging/libfs.a(lfs.o)
 .text.lfs_tag_dsize
                0x0000000008009f8c       0x14 /home/sumina/nuttxspace/nuttx/staging/libfs.a(lfs.o)
 .text.lfs_gstate_xor
                0x0000000008009fa0       0x1c /home/sumina/nuttxspace/nuttx/staging/libfs.a(lfs.o)
 .text.lfs_gstate_hasmovehere
                0x0000000008009fbc       0x1c /home/sumina/nuttxspace/nuttx/staging/libfs.a(lfs.o)
 .text.lfs_alloc_lookahead
                0x0000000008009fd8       0x36 /home/sumina/nuttxspace/nuttx/staging/libfs.a(lfs.o)
 *fill*         0x000000000800a00e        0x2 
 .text.lfs_dir_traverse_filter
                0x000000000800a010       0x6c /home/sumina/nuttxspace/nuttx/staging/libfs.a(lfs.o)
 .text.lfs_dir_commit_size
                0x000000000800a07c       0x14 /home/sumina/nuttxspace/nuttx/staging/libfs.a(lfs.o)
 .text.lfs_fs_size_count
                0x000000000800a090        0xa /home/sumina/nuttxspace/nuttx/staging/libfs.a(lfs.o)
 .text.lfs_deinit
                0x000000000800a09a       0x2c /home/sumina/nuttxspace/nuttx/staging/libfs.a(lfs.o)
 .text.lfs_fs_preporphans.isra.0
                0x000000000800a0c6       0x1c /home/sumina/nuttxspace/nuttx/staging/libfs.a(lfs.o)
 .text.lfs_cache_zero.isra.0
                0x000000000800a0e2       0x16 /home/sumina/nuttxspace/nuttx/staging/libfs.a(lfs.o)
 .text.lfs_init
                0x000000000800a0f8       0xb2 /home/sumina/nuttxspace/nuttx/staging/libfs.a(lfs.o)
 .text.lfs_ctz_index.isra.0
                0x000000000800a1aa       0x3a /home/sumina/nuttxspace/nuttx/staging/libfs.a(lfs.o)
 .text.lfs_bd_read.isra.0
                0x000000000800a1e4      0x16e /home/sumina/nuttxspace/nuttx/staging/libfs.a(lfs.o)
 *fill*         0x000000000800a352        0x2 
 .text.lfs_dir_getslice
                0x000000000800a354      0x128 /home/sumina/nuttxspace/nuttx/staging/libfs.a(lfs.o)
 .text.lfs_dir_get
                0x000000000800a47c       0x18 /home/sumina/nuttxspace/nuttx/staging/libfs.a(lfs.o)
 .text.lfs_dir_getgstate
                0x000000000800a494       0x34 /home/sumina/nuttxspace/nuttx/staging/libfs.a(lfs.o)
 .text.lfs_dir_getinfo
                0x000000000800a4c8       0x90 /home/sumina/nuttxspace/nuttx/staging/libfs.a(lfs.o)
 .text.lfs_fs_parent_match
                0x000000000800a558       0x3e /home/sumina/nuttxspace/nuttx/staging/libfs.a(lfs.o)
 *fill*         0x000000000800a596        0x2 
 .text.lfs_dir_fetchmatch
                0x000000000800a598      0x3d0 /home/sumina/nuttxspace/nuttx/staging/libfs.a(lfs.o)
 .text.lfs_fs_parent
                0x000000000800a968       0x7c /home/sumina/nuttxspace/nuttx/staging/libfs.a(lfs.o)
 .text.lfs_dir_fetch
                0x000000000800a9e4       0x1a /home/sumina/nuttxspace/nuttx/staging/libfs.a(lfs.o)
 .text.lfs_fs_pred
                0x000000000800a9fe       0x52 /home/sumina/nuttxspace/nuttx/staging/libfs.a(lfs.o)
 .text.lfs_dir_find
                0x000000000800aa50      0x15c /home/sumina/nuttxspace/nuttx/staging/libfs.a(lfs.o)
 .text.lfs_ctz_traverse.part.0
                0x000000000800abac       0x80 /home/sumina/nuttxspace/nuttx/staging/libfs.a(lfs.o)
 .text.lfs_ctz_find.constprop.0
                0x000000000800ac2c       0x98 /home/sumina/nuttxspace/nuttx/staging/libfs.a(lfs.o)
 .text.lfs_dir_traverse.constprop.0
                0x000000000800acc4      0x290 /home/sumina/nuttxspace/nuttx/staging/libfs.a(lfs.o)
 .text.lfs_dir_getread.part.0.constprop.0
                0x000000000800af54       0xb0 /home/sumina/nuttxspace/nuttx/staging/libfs.a(lfs.o)
 .text.lfs_file_flushedread
                0x000000000800b004       0xec /home/sumina/nuttxspace/nuttx/staging/libfs.a(lfs.o)
 .text.lfs_bd_cmp.constprop.0
                0x000000000800b0f0       0x64 /home/sumina/nuttxspace/nuttx/staging/libfs.a(lfs.o)
 .text.lfs_dir_find_match