stm32_serial.c:1311:20:up_setusartint	8	static
stm32_serial.c:1338:13:up_restoreusartint	8	static
stm32_serial.c:1353:13:up_disableusartint	8	static
stm32_serial.c:1430:13:up_set_format	8	static
stm32_serial.c:2486:12:up_receive	0	static
stm32_serial.c:2515:13:up_rxint	8	static
stm32_serial.c:2573:13:up_rxavailable	0	static
stm32_serial.c:2876:13:up_send	0	static
stm32_serial.c:2921:13:up_txint	8	static
stm32_serial.c:2991:13:up_txready	0	static
stm32_serial.c:2218:12:up_ioctl	16	static
stm32_serial.c:2070:13:up_detach	8	static
stm32_serial.c:2040:12:up_attach	16	static
stm32_serial.c:2089:12:up_interrupt	16	static
stm32_serial.c:1724:12:up_setup	16	static
stm32_serial.c:1920:13:up_shutdown	16	static
stm32_serial.c:3140:13:stm32_serial_get_uart	0	static
stm32_serial.c:3169:6:arm_earlyserialinit	8	static
stm32_serial.c:3202:6:arm_serialinit	32	static
arch.h:2604:5:up_putc	16	static
