mutex.h:95:5:nxmutex_init	16	static
mutex.h:116:5:nxmutex_destroy	8	static
mutex.h:132:6:nxmutex_is_hold	8	static
mutex.h:147:6:nxmutex_is_locked	16	static
mutex.h:169:5:nxmutex_lock	16	static
mutex.h:192:5:nxmutex_trylock	16	static
mutex.h:218:5:nxmutex_timedlock	40	static
mutex.h:240:5:nxmutex_unlock	8	static
mutex.h:254:6:nxmutex_reset	0	static
mutex.h:275:5:nxmutex_breaklock	16	static
mutex.h:294:5:nxmutex_restorelock	0	static
mutex.h:316:5:nxrmutex_init	0	static
mutex.h:334:5:nxrmutex_destroy	8	static
mutex.h:350:6:nxrmutex_is_hold	0	static
mutex.h:366:6:nxrmutex_is_locked	0	static
mutex.h:387:5:nxrmutex_lock	8	static
mutex.h:412:5:nxrmutex_trylock	8	static
mutex.h:439:5:nxrmutex_timedlock	16	static
mutex.h:462:5:nxrmutex_unlock	8	static
mutex.h:475:6:nxrmutex_reset	0	static
mutex.h:495:5:nxrmutex_breaklock	16	static
mutex.h:514:5:nxrmutex_restorelock	16	static
