lfs.c:271:20:lfs_pair_isnull	0	static
lfs.c:275:19:lfs_pair_cmp	8	static
lfs.c:348:26:lfs_tag_dsize	0	static
lfs.c:368:20:lfs_gstate_xor	8	static
lfs.c:397:20:lfs_gstate_hasmovehere	8	static
lfs.c:528:12:lfs_alloc_lookahead	8	static
lfs.c:736:12:lfs_dir_traverse_filter	12	static
lfs.c:1697:12:lfs_dir_commit_size	8	static
lfs.c:4622:12:lfs_fs_size_count	0	static
lfs.c:4013:12:lfs_deinit	8	static
lfs.c:4427:12:lfs_fs_preporphans.isra.0	0	static
lfs.c:38:20:lfs_cache_zero.isra.0	8	static
lfs.c:3904:12:lfs_init	16	static
lfs.c:2639:12:lfs_ctz_index.isra.0	24	static
lfs.c:44:12:lfs_bd_read.isra.0	64	static
lfs.c:605:19:lfs_dir_getslice	72	static
lfs.c:667:19:lfs_dir_get	24	static
lfs.c:1237:12:lfs_dir_getgstate	40	static
lfs.c:1255:12:lfs_dir_getinfo	40	static
lfs.c:4377:12:lfs_fs_parent_match	40	static
lfs.c:991:19:lfs_dir_fetchmatch	120	static
lfs.c:4398:19:lfs_fs_parent	64	static
lfs.c:1229:12:lfs_dir_fetch	24	static
lfs.c:4342:12:lfs_fs_pred	24	static
lfs.c:1319:19:lfs_dir_find	88	static
lfs.c:2786:12:lfs_ctz_traverse.part.0	72	static
lfs.c:2652:12:lfs_ctz_find.constprop	72	static
lfs.c:796:12:lfs_dir_traverse.constprop	208	static
lfs.c:674:12:lfs_dir_getread.part.0.constprop	64	static
lfs.c:3243:20:lfs_file_flushedread	56	static
lfs.c:127:12:lfs_bd_cmp.constprop	64	static
lfs.c:1295:12:lfs_dir_find_match	32	static
lfs.c:155:12:lfs_bd_flush	48	static
lfs.c:206:12:lfs_bd_prog	48	static
lfs.c:1431:12:lfs_dir_commitprog	40	static
lfs.c:1448:12:lfs_dir_commitattr	72	static
lfs.c:1714:12:lfs_dir_commit_commit	0	static
lfs.c:1495:12:lfs_dir_commitcrc	88	static
lfs.c:4243:5:lfs_fs_rawtraverse	104	static
lfs.c:557:12:lfs_alloc	24	static
lfs.c:1597:12:lfs_dir_alloc	32	static
lfs.c:3026:12:lfs_file_relocate	56	static
lfs.c:3323:20:lfs_file_flushedwrite	104	static
lfs.c:3110:12:lfs_file_flush	112	static
lfs.c:3455:19:lfs_file_rawseek	32	static
lfs.c:3411:20:lfs_file_rawwrite	40	static
lfs.c:1734:12:lfs_dir_compact	128	static
lfs.c:1662:12:lfs_dir_split	80	static
lfs.c:4629:20:lfs_fs_rawsize	16	static
lfs.c:2003:12:lfs_dir_relocatingcommit	128	static
lfs.c:2174:12:lfs_dir_orphaningcommit	152	static
lfs.c:4480:12:lfs_fs_deorphan.part.0	160	static
lfs.c:2367:12:lfs_dir_commit	8	static
lfs.c:4607:12:lfs_fs_forceconsistency	48	static
lfs.c:1641:12:lfs_dir_drop	24	static
lfs.c:3191:12:lfs_file_rawsync	40	static
lfs.c:3006:12:lfs_file_rawclose	16	static
lfs.c:3862:12:lfs_commitattr	64	static
lfs.c:2831:12:lfs_file_rawopencfg	72	static
lfs.c:5301:5:lfs_format	104	static
lfs.c:5360:5:lfs_unmount	0	static
lfs.c:5331:5:lfs_mount	120	static
lfs.c:5375:5:lfs_remove	120	static
lfs.c:5391:5:lfs_rename	224	static
lfs.c:5406:5:lfs_stat	56	static
lfs.c:5420:13:lfs_getattr	64	static
lfs.c:5437:5:lfs_setattr	8	static
lfs.c:5455:5:lfs_removeattr	16	static
lfs.c:5471:5:lfs_file_open	16	static
lfs.c:5488:5:lfs_file_opencfg	0	static
lfs.c:5508:5:lfs_file_close	0	static
lfs.c:5524:5:lfs_file_sync	0	static
lfs.c:5540:13:lfs_file_read	24	static
lfs.c:5558:13:lfs_file_write	0	static
lfs.c:5576:12:lfs_file_seek	0	static
lfs.c:5594:5:lfs_file_truncate	48	static
lfs.c:5611:12:lfs_file_tell	0	static
lfs.c:5626:5:lfs_file_rewind	8	static
lfs.c:5640:12:lfs_file_size	0	static
lfs.c:5656:5:lfs_mkdir	176	static
lfs.c:5671:5:lfs_dir_open	48	static
lfs.c:5686:5:lfs_dir_close	0	static
lfs.c:5700:5:lfs_dir_read	24	static
lfs.c:5715:5:lfs_dir_seek	32	static
lfs.c:5730:12:lfs_dir_tell	0	static
lfs.c:5744:5:lfs_dir_rewind	8	static
lfs.c:5758:13:lfs_fs_size	0	static
lfs.c:5772:5:lfs_fs_traverse	0	static
