lfs_vfs.c:184:12:littlefs_convert_result	0	static
lfs_vfs.c:542:12:littlefs_ioctl	8	static
lfs_vfs.c:905:12:littlefs_read_block	24	static
lfs_vfs.c:933:12:littlefs_write_block	24	static
lfs_vfs.c:961:12:littlefs_erase_block	16	static
lfs_vfs.c:984:12:littlefs_sync_block	8	static
lfs_vfs.c:1401:12:littlefs_stat	72	static
lfs_vfs.c:611:12:littlefs_dup	24	static
lfs_vfs.c:1368:12:littlefs_rename	24	static
lfs_vfs.c:1309:12:littlefs_mkdir	16	static
lfs_vfs.c:1278:12:littlefs_unlink	16	static
lfs_vfs.c:1340:12:littlefs_rmdir	80	static
lfs_vfs.c:1234:12:littlefs_statfs	16	static
lfs_vfs.c:1180:12:littlefs_unbind	24	static
lfs_vfs.c:1013:12:littlefs_bind	80	static
lfs_vfs.c:868:12:littlefs_rewinddir	16	static
lfs_vfs.c:816:12:littlefs_readdir	72	static
lfs_vfs.c:782:12:littlefs_closedir	16	static
lfs_vfs.c:728:12:littlefs_opendir	24	static
lfs_vfs.c:646:12:littlefs_fstat	16	static
lfs_vfs.c:579:12:littlefs_sync	16	static
lfs_vfs.c:693:12:littlefs_truncate	24	static
lfs_vfs.c:506:14:littlefs_seek	32	static
lfs_vfs.c:457:16:littlefs_write	32	static
lfs_vfs.c:408:16:littlefs_read	32	static
lfs_vfs.c:369:12:littlefs_close	16	static
lfs_vfs.c:281:12:littlefs_open	32	static
