mtd_config_fs.c:190:12:nvs_flash_wrt	16	static
mtd_config_fs.c:216:12:nvs_flash_rd	16	static
mtd_config_fs.c:242:12:nvs_flash_ate_wrt	8	static
mtd_config_fs.c:449:12:nvs_flash_erase_block	8	static
mtd_config_fs.c:758:13:nvs_block_advance	0	static
mtd_config_fs.c:830:12:nvs_expire_ate	16	static
mtd_config_fs.c:1887:12:mtdconfig_open	0	static
mtd_config_fs.c:1905:16:mtdconfig_read	0	static
mtd_config_fs.c:1987:12:mtdconfig_poll	16	static
mtd_config_fs.c:538:12:nvs_ate_valid	16	static
mtd_config_fs.c:472:13:nvs_ate_crc8_update	8	static
mtd_config_fs.c:290:12:nvs_flash_block_cmp	56	static
mtd_config_fs.c:811:12:nvs_add_gc_done_ate	24	static
mtd_config_fs.c:378:12:nvs_flash_cmp_const	56	static
mtd_config_fs.c:563:12:nvs_close_ate_valid	16	static
mtd_config_fs.c:1896:12:mtdconfig_close	0	static
mtd_config_fs.c:642:12:nvs_recover_last_ate	40	static
mtd_config_fs.c:688:12:nvs_prev_ate	32	static
mtd_config_fs.c:1794:12:nvs_next	40	static
mtd_config_fs.c:1362:16:nvs_read_entry	64	static
mtd_config_fs.c:848:12:nvs_gc	104	static
mtd_config_fs.c:1452:16:nvs_write	104	static
mtd_config_fs.c:972:12:nvs_startup	152	static
mtd_config_fs.c:1915:12:mtdconfig_ioctl	40	static
configdata.h:121:5:mtdconfig_register	16	static
configdata.h:136:5:mtdconfig_unregister	24	static
