circbuf.h:85:5:circbuf_init	16	static
circbuf.h:127:6:circbuf_reset	0	static
circbuf.h:115:6:circbuf_uninit	8	static
circbuf.h:175:8:circbuf_size	0	static
circbuf.h:187:8:circbuf_used	0	static
circbuf.h:199:8:circbuf_space	0	static
circbuf.h:139:6:circbuf_is_init	0	static
circbuf.h:163:6:circbuf_is_empty	0	static
circbuf.h:151:6:circbuf_is_full	8	static
circbuf.h:222:9:circbuf_peekat	24	static
circbuf.h:245:9:circbuf_peek	0	static
circbuf.h:268:9:circbuf_read	8	static
circbuf.h:290:9:circbuf_skip	8	static
circbuf.h:103:5:circbuf_resize	24	static
circbuf.h:312:9:circbuf_write	24	static
circbuf.h:337:9:circbuf_overwrite	32	static
circbuf.h:355:11:circbuf_get_writeptr	12	static
circbuf.h:372:11:circbuf_get_readptr	12	static
circbuf.h:388:6:circbuf_writecommit	0	static
circbuf.h:404:6:circbuf_readcommit	0	static
