mempool_multiple.c:109:1:mempool_multiple_find	20	static
mempool_multiple.c:304:1:mempool_multiple_get_dict	12	static
mempool_multiple.c:155:1:mempool_multiple_alloc_chunk	24	static
mempool_multiple.c:238:18:mempool_multiple_alloc_callback	40	static
mempool_multiple.c:207:1:mempool_multiple_free_chunk	24	static
mempool_multiple.c:279:13:mempool_multiple_free_callback	0	static
mempool.h:338:1:mempool_multiple_init	56	static
mempool.h:364:11:mempool_multiple_alloc	16	static
mempool.h:402:5:mempool_multiple_free	16	static
mempool.h:383:11:mempool_multiple_realloc	24	static
mempool.h:421:9:mempool_multiple_alloc_size	8	static
mempool.h:451:11:mempool_multiple_memalign	16	static
mempool.h:493:6:mempool_multiple_foreach	24	static
mempool.h:504:1:mempool_multiple_mallinfo	72	static
mempool.h:520:1:mempool_multiple_info_task	40	static
mempool.h:471:6:mempool_multiple_memdump	24	static
mempool.h:485:6:mempool_multiple_deinit	16	static
